########## F0 게이트 13:20:49 ##########
  A·B 통과 (average rate: 25.006)
  J 통과 (깊이 15.1 Hz)
  C 통과
  출발 자세: 라이다 점 ↔ 차체 외곽 최소 0.646 m @ 차체 (-0.79, -0.52)
  0.067
  G2 무시(사용자 지시) — 여유 0.067 m
  P 통과 (정지 부하 45 %)
########## F0 주행 13:21:49 — 목표 -1.6,-2.0,p;-1.65,-3.7,p;-1.6,-5.5,p;1.6,-5.55,p;-1.6,-5.5,p;-1.65,-3.7,p;-1.6,-2.1,p;5.5,-2.2,p;0,0,p ##########
출발 map (2.281, -1.476, -92.2°) | 목표 9 개(지도 절대 기준, a = 직선 자동, p = 경로 끝 자동): [(-1.6, -2.0, 'p'), (-1.65, -3.7, 'p'), (-1.6, -5.5, 'p'), (1.6, -5.55, 'p'), (-1.6, -5.5, 'p'), (-1.65, -3.7, 'p'), (-1.6, -2.1, 'p'), (5.5, -2.2, 'p'), (0.0, 0.0, 'p')] → map yaw(초기) ['-172°', '-92°', '-88°', '-1°', '179°', '92°', '88°', '-1°', '158°']
  경로 자동 yaw: 경로 159 점, 끝 0.312 m 구간 방향 -172.9° (직선 방향 -172.3°, 차 -0.5°)
목표 1 출발: map (-1.60, -2.00, -173°), 거리 3.92 m, 한도 142 s
  목표 1 SUCCEEDED 53.7 s | 도착 map (-1.455, -1.988, -173.7°) 목표 대비 0.146 m, -0.8°
  경로 자동 yaw: 경로 65 점, 끝 0.306 m 구간 방향 -51.6° (직선 방향 -91.7°, 차 40.1°)
목표 2 출발: map (-1.65, -3.70, -52°), 거리 1.70 m, 한도 79 s
  목표 2 SUCCEEDED 29.4 s | 도착 map (-1.711, -3.555, -67.5°) 목표 대비 0.157 m, -15.9°
  경로 자동 yaw: 경로 75 점, 끝 0.302 m 구간 방향 -107.4° (직선 방향 -88.4°, 차 -19.0°)
목표 3 출발: map (-1.60, -5.50, -107°), 거리 1.80 m, 한도 81 s
  목표 3 SUCCEEDED 50.4 s | 도착 map (-1.473, -5.428, -18.0°) 목표 대비 0.146 m, 89.4°
  경로 자동 yaw: 경로 118 점, 끝 0.315 m 구간 방향 0.4° (직선 방향 -0.9°, 차 1.3°)
목표 4 출발: map (1.60, -5.55, 0°), 거리 3.20 m, 한도 121 s
  목표 4 SUCCEEDED 45.4 s | 도착 map (1.453, -5.564, 2.0°) 목표 대비 0.147 m, 1.6°
  경로 자동 yaw: 경로 125 점, 끝 0.306 m 구간 방향 149.0° (직선 방향 179.1°, 차 -30.1°)
목표 5 출발: map (-1.60, -5.50, 149°), 거리 3.20 m, 한도 121 s
  목표 5 CANCELED 97.3 s | 도착 map (-1.519, -5.619, 67.4°) 목표 대비 0.144 m, -81.6°

결과: 1 SUCCEEDED 53.7s / 2 SUCCEEDED 29.4s / 3 SUCCEEDED 50.4s / 4 SUCCEEDED 45.4s / 5 CANCELED 97.3s | 총 292.8 s
  출발 대비 최종 map: Δ(-3.800, -4.143) m = 5.622 m, Δyaw 159.6° | 마지막 목표 대비 5.821 m
  map→odom 누적 보정(SLAM 이 본 오도메트리 드리프트): Δ(0.393, 0.137) m, Δyaw -5.70°
  누적 회전: 휠 -214.1° vs EKF -194.6° (차 -19.5° = 미끄러짐·스크럽 흔적) | stuck 진단 1 회
  물리 복귀 오차는 줄자로: 출발 테이프 기준 앞·뒤·좌우 편차(마지막 목표 yaw 180° 면 **뒤끝**이 테이프 선에 와야 함)
=== 끝 13:27:00 bag 25028802 B ===
