########## 게이트 ##########
  프로세스 14/14 단일, 보드 average rate: 25.003
  게이트 J: nvblox_node 1, 깊이 15.2 Hz, ESDF 9.6 Hz (모드 N)
  SLAM: map->odom 95 개/5 s, 최대 간격 0.06 s, 최대 stamp 지연 0.22 s
  출발 자세: - Translation: [0.000, 0.000, 0.000] - Rotation: in RPY (radian) [0.000, -0.000, 0.001] 
  상자: 전면 x=1.151  중심 y=-0.098  (142점)  → x 구간 [1.15, 1.26], y 구간 [-0.19, -0.01]
     [-0.65, -0.18]         0.46 m   통과         통과          3 deg (패딩無 17 deg)
     [-0.00, +0.65]         0.65 m   통과         통과         26 deg (패딩無 90 deg)
     → 전방 2.2m 최소폭:  기준1 0.40 m (@0.80)   기준2(RPP) 0.15 m (@1.00)   기준3(오류) 0.00 m (@0.40)
  상자 기준선 대비 dx +0.00 dy -0.01 (허용 ±0.06) → OK
  EKF 위반 24회 | slam 폐기 23회 | load 8.24 5.80 4.75

########## 주행 D=2.0 ##########
=== 주행 (bag 1개, nav2.log 196 줄부터) ===
  3.0 +0.149 +0.028 |  0.723    0.109 +0.296 |   100   100     63 | +0.081 +0.048
  4.0 +0.223 +0.050 |  0.645    0.103 +0.289 |   100   100     67 | +0.081 +0.028
  5.0 +0.299 +0.074 |  0.566    0.106 +0.293 |   100   100    140 | +0.081 +0.036
  6.0 +0.369 +0.099 |  0.495    0.104 +0.290 |   100   100     72 | +0.081 +0.047
  7.0 +0.442 +0.126 |  0.423    0.114 +0.304 |   100   100      0 | +0.081 +0.031
  8.0 +0.516 +0.155 |  0.354    0.116 +0.305 |   100   100      0 | +0.081 -0.035
  9.0 +0.581 +0.179 |  0.297    0.115 +0.305 |   100   100      0 | +0.080 -0.035
 10.0 +0.653 +0.202 |  0.240    0.117 +0.306 |   100   100      0 | +0.080 +0.043
 11.0 +0.718 +0.218 |  0.208    0.134 +0.327 |   100   100      0 | +0.080 +0.041
 12.0 +0.788 +0.260 |  0.211    0.124 +0.313 |   100   100      0 | +0.080 +0.017
 13.0 +0.865 +0.290 |  0.199    0.125 +0.314 |   100   100      0 | +0.083 -0.224
 14.0 +0.915 +0.291 |  0.177    0.139 +0.326 |   100   100      0 | +0.080 +0.050
 15.0 +0.988 +0.314 |  0.167    0.113 +0.298 |   100   100      0 | +0.083 -0.164
 16.0 +1.057 +0.326 |  0.156    0.141 +0.328 |   100   100      0 | +0.080 -0.099
 17.0 +1.116 +0.332 |  0.153    0.144 +0.329 |   100   100      0 | +0.080 +0.006
 18.0 +1.185 +0.336 |  0.153    0.144 +0.329 |   100   100      0 | +0.082 +0.088
 19.0 +1.245 +0.332 |  0.139    0.144 +0.329 |   100   100      0 | +0.079 +0.023
 20.0 +1.325 +0.338 |  0.151    0.151 +0.329 |   100   100      0 | +0.079 -0.149
 21.0 +1.404 +0.346 |  0.172    0.151 +0.329 |   100   100      0 | +0.077 -0.098
 22.0 +1.459 +0.337 |  0.180    0.192 +0.337 |   100   100      0 | +0.079 -0.118
 23.0 +1.523 +0.326 |  0.198    0.217 +0.337 |   100   100      0 | +0.080 -0.162
 24.0 +1.578 +0.308 |  0.217    0.247 +0.337 |   100   100      0 | +0.079 -0.058
 25.0 +1.637 +0.270 |  0.213    0.247 +0.287 |   100   100      0 | +0.080 -0.093
 26.0 +1.698 +0.241 |  0.232    0.286 +0.287 |   100   100      0 | +0.080 -0.102
 27.0 +1.757 +0.208 |  0.263    0.347 +0.237 |   100   100      0 | +0.080 -0.184
 28.0 +1.800 +0.167 |  0.296    0.375 +0.187 |   100   100      0 | +0.080 -0.137
 29.0 +1.844 +0.122 |  0.316    0.410 +0.137 |   100   100      0 | +0.080 +0.170
 30.0 +1.880 +0.096 |  0.322    0.452 +0.087 |   100   100      0 | +0.081 +0.380
 31.0 +1.898 +0.068 |  0.341    0.452 +0.087 |   100   100      0 | +0.081 +0.380
 32.0 +1.938 +0.057 |  0.395    0.498 +0.036 |   100   100      0 | +0.057 +0.329
  상자 재고정: 채택 1 회 (마지막 t=0.5 s, yaw +1.6°) | yaw 초과 건너뜀 48, 미검출 4, 점프 무시 17 → /tmp/n62c_refix.csv

결과 SUCCEEDED  소요 32.3s  주행 2.23m  샘플 324
  ① 실제 최근접(차체↔상자 기하): 13.8 cm @ t=19.3s 전진 1.27 횡 +0.334   ← 0 이면 접촉
  ② 계획의 최소 여유: 10.3 cm (최근접 시점 14.4 cm)   ← 음수면 계획 자체가 접촉 경로
  ③ 상자 자리 비용 — 로컬 최소/최근접시 100/100, 전역 최소/최근접시 100/100  ← 0 이면 기억 소실
  ④ 경로 좌우 전환 0회 (최초 선택 좌), 계획이 접촉 경로였던 샘플 0/324 (0%)
  깊이점: 최대 193, 최소 0
  ⑥ 상자 미관측 최대 31.8초 — 이 구간의 ①·⑤ 는 마지막 관측의 외삽이다
  조향(주행구간 1.96m, 목표부근 50샘플 제외): 직진 중 |ω| 평균 0.090 최대 0.264 rad/s, 부호반전 11회 = 5.61회/m
  메타: run_meta 28 줄, params 379 줄 (1 노드 응답 없음)

=== nav2.log 신규분 ===
  신규 85 줄
  detected collision   0건
  clear except         0건
  clear entirely       0건
  backup failed        0건
  Goal succeeded       1건
  aborted              0건
  bag: 39M
  EKF 위반 25회 | slam 폐기 25회 | load 6.02 5.54 4.72
