########## 게이트 ##########
  프로세스 14/14 단일, 보드 average rate: 24.999
  게이트 J: nvblox_node 1, 깊이 15.1 Hz, ESDF 9.6 Hz (모드 N)
  SLAM: map->odom 99 개/5 s, 최대 간격 0.09 s, 최대 stamp 지연 0.02 s
  출발 자세: - Translation: [0.000, 0.000, 0.000] - Rotation: in RPY (radian) [0.000, 0.000, -0.002] 
  상자: 전면 x=1.137  중심 y=-0.087  (165점)  → x 구간 [1.14, 1.25], y 구간 [-0.18, +0.00]
     [+0.03, +0.63]         0.61 m   통과         통과         19 deg (패딩無 90 deg)
     → 전방 2.2m 최소폭:  기준1 0.30 m (@1.30)   기준2(RPP) 0.20 m (@1.10)   기준3(오류) 0.00 m (@0.70)
  상자 기준선 대비 dx -0.01 dy -0.04 (허용 ±0.06) → OK
  EKF 위반 55회 | slam 폐기 58회 | load 5.74 5.42 5.03

########## 주행 D=2.0 ##########
=== 주행 (bag 1개, nav2.log 191 줄부터) ===
  2.0 +0.088 +0.010 |  0.776    0.108 +0.287 |   100   100    211 | +0.081 +0.094
  3.0 +0.159 +0.026 |  0.698    0.106 +0.285 |   100   100    255 | +0.081 +0.048
  4.0 +0.230 +0.046 |  0.623    0.105 +0.284 |   100   100    292 | +0.081 +0.025
  5.0 +0.310 +0.060 |  0.541    0.105 +0.284 |   100   100    286 | +0.081 +0.015
  6.0 +0.382 +0.083 |  0.469    0.137 +0.317 |   100   100    219 | +0.081 +0.077
  7.0 +0.454 +0.106 |  0.394    0.112 +0.290 |   100   100      0 | +0.079 -0.030
  8.0 +0.517 +0.128 |  0.338    0.125 +0.307 |   100   100      0 | +0.080 -0.102
  9.0 +0.580 +0.156 |  0.281    0.131 +0.311 |   100   100      0 | +0.080 +0.127
 10.0 +0.642 +0.167 |  0.223    0.127 +0.308 |   100   100      0 | +0.080 +0.070
 11.0 +0.712 +0.190 |  0.189    0.102 +0.282 |   100   100      0 | +0.080 +0.002
 12.0 +0.778 +0.222 |  0.190    0.095 +0.277 |   100   100      0 | +0.079 +0.014
 13.0 +0.844 +0.255 |  0.181    0.099 +0.276 |   100   100      0 | +0.081 -0.079
 14.0 +0.902 +0.287 |  0.174    0.111 +0.286 |   100   100      0 | +0.082 -0.168
 15.0 +0.970 +0.291 |  0.145    0.125 +0.301 |   100   100      0 | +0.082 -0.038
 16.0 +1.046 +0.304 |  0.141    0.124 +0.300 |   100   100      0 | +0.081 -0.022
 17.0 +1.117 +0.314 |  0.141    0.120 +0.294 |   100   100      0 | +0.081 -0.027
 18.0 +1.206 +0.320 |  0.141    0.157 +0.334 |   100   100      0 | +0.079 +0.024
 19.0 +1.281 +0.327 |  0.142    0.167 +0.343 |   100   100      0 | +0.079 -0.054
 20.0 +1.361 +0.330 |  0.158    0.167 +0.343 |   100   100      0 | +0.080 -0.125
 21.0 +1.420 +0.326 |  0.169    0.192 +0.343 |   100   100      0 | +0.080 -0.075
 22.0 +1.466 +0.319 |  0.177    0.194 +0.322 |   100   100      0 | +0.079 -0.114
 23.0 +1.558 +0.301 |  0.190    0.221 +0.322 |   100   100      0 | +0.080 -0.039
 24.0 +1.626 +0.284 |  0.205    0.287 +0.322 |   100   100      0 | +0.080 -0.126
 25.0 +1.695 +0.265 |  0.243    0.294 +0.272 |   100   100      0 | +0.080 -0.140
 26.1 +1.755 +0.250 |  0.289    0.379 +0.272 |   100   100      0 | +0.080 -0.258
 27.0 +1.821 +0.230 |  0.351    0.402 +0.222 |    99   100      0 | +0.080 -0.380
 28.0 +1.877 +0.210 |  0.426    0.449 +0.222 |    99   100      0 | +0.079 -0.333
 29.0 +1.916 +0.155 |  0.439    0.496 +0.222 |    99   100      0 | +0.080 +0.380
 30.0 +1.947 +0.126 |  0.423    0.520 +0.122 |    99   100      0 | +0.080 +0.380
 31.0 +1.962 +0.107 |  0.420    0.520 +0.122 |    99   100      0 | +0.059 +0.380
  상자 재고정: 채택 1 회 (마지막 t=0.5 s, yaw +0.6°) | yaw 초과 건너뜀 48, 미검출 2, 점프 무시 19 → /tmp/n62a_refix.csv

결과 SUCCEEDED  소요 31.7s  주행 2.18m  샘플 318
  ① 실제 최근접(차체↔상자 기하): 14.0 cm @ t=18.4s 전진 1.24 횡 +0.323   ← 0 이면 접촉
  ② 계획의 최소 여유: 9.5 cm (최근접 시점 15.7 cm)   ← 음수면 계획 자체가 접촉 경로
  ③ 상자 자리 비용 — 로컬 최소/최근접시 99/100, 전역 최소/최근접시 100/100  ← 0 이면 기억 소실
  ④ 경로 좌우 전환 0회 (최초 선택 좌), 계획이 접촉 경로였던 샘플 0/318 (0%)
  깊이점: 최대 331, 최소 0
  ⑥ 상자 미관측 최대 31.2초 — 이 구간의 ①·⑤ 는 마지막 관측의 외삽이다
  조향(주행구간 1.91m, 목표부근 50샘플 제외): 직진 중 |ω| 평균 0.090 최대 0.380 rad/s, 부호반전 9회 = 4.70회/m
  메타: run_meta 28 줄, params 496 줄 (0 노드 응답 없음)

=== nav2.log 신규분 ===
  신규 79 줄
  detected collision   0건
  clear except         0건
  clear entirely       0건
  backup failed        0건
  Goal succeeded       1건
  aborted              0건
  bag: 38M
  EKF 위반 57회 | slam 폐기 60회 | load 7.24 6.12 5.31
