########## 게이트 ##########
  프로세스 14/14 단일, 보드 average rate: 25.006
  게이트 J: nvblox_node 1, 깊이 15.1 Hz, ESDF 9.5 Hz (모드 N)
  SLAM: map->odom 100 개/5 s, 최대 간격 0.12 s, 최대 stamp 지연 0.20 s
  출발 자세: - Translation: [0.000, 0.000, 0.000] - Rotation: in RPY (radian) [0.000, 0.000, -0.004] 
  상자: 전면 x=1.150  중심 y=-0.097  (137점)  → x 구간 [1.15, 1.26], y 구간 [-0.19, -0.01]
     [-0.62, -0.18]         0.44 m   통과         통과          1 deg (패딩無 13 deg)
     [-0.00, +0.65]         0.65 m   통과         통과         26 deg (패딩無 90 deg)
     → 전방 2.2m 최소폭:  기준1 0.35 m (@0.80)   기준2(RPP) 0.20 m (@0.90)   기준3(오류) 0.00 m (@0.40)
  상자 기준선 대비 dx +0.00 dy -0.01 (허용 ±0.06) → OK
  EKF 위반 94회 | slam 폐기 66회 | load 8.53 4.77 3.64

########## 주행 D=2.0 ##########
=== 주행 (bag 1개, nav2.log 213 줄부터) ===
  4.0 +0.223 +0.052 |  0.639    0.132 +0.306 |   100   100     74 | +0.081 +0.015
  5.0 +0.298 +0.077 |  0.562    0.134 +0.308 |   100   100     68 | +0.081 +0.031
  6.0 +0.372 +0.104 |  0.488    0.134 +0.307 |   100   100     61 | +0.081 +0.037
  7.0 +0.444 +0.130 |  0.419    0.137 +0.310 |   100   100      0 | +0.081 +0.026
  8.0 +0.515 +0.156 |  0.354    0.139 +0.311 |   100   100      0 | +0.080 -0.000
  9.0 +0.586 +0.182 |  0.293    0.137 +0.310 |   100   100      0 | +0.080 -0.031
 10.0 +0.653 +0.213 |  0.249    0.141 +0.313 |   100   100      0 | +0.080 +0.050
 11.0 +0.719 +0.232 |  0.235    0.158 +0.331 |   100   100      0 | +0.080 -0.032
 12.0 +0.785 +0.263 |  0.231    0.129 +0.301 |   100   100      0 | +0.078 -0.157
 13.0 +0.855 +0.299 |  0.227    0.137 +0.311 |   100   100      0 | +0.080 -0.030
 14.0 +0.906 +0.310 |  0.202    0.140 +0.310 |   100   100      0 | +0.076 +0.144
 15.0 +0.957 +0.322 |  0.197    0.164 +0.337 |   100   100      0 | +0.077 -0.071
 16.0 +1.033 +0.338 |  0.190    0.147 +0.319 |   100   100      0 | +0.081 -0.209
 17.0 +1.103 +0.356 |  0.192    0.147 +0.319 |   100   100      0 | +0.081 -0.096
 18.0 +1.172 +0.339 |  0.171    0.179 +0.355 |   100   100      0 | +0.081 +0.103
 19.0 +1.237 +0.343 |  0.171    0.156 +0.331 |   100   100      0 | +0.080 -0.037
 20.0 +1.302 +0.345 |  0.176    0.159 +0.339 |   100   100      0 | +0.080 -0.124
 21.0 +1.390 +0.341 |  0.186    0.176 +0.340 |   100   100      0 | +0.080 -0.174
 22.0 +1.436 +0.329 |  0.188    0.219 +0.352 |   100   100      0 | +0.079 -0.133
 23.0 +1.506 +0.314 |  0.197    0.202 +0.303 |   100   100      0 | +0.080 -0.042
 24.0 +1.576 +0.291 |  0.200    0.233 +0.303 |   100   100      0 | +0.080 -0.070
 25.0 +1.594 +0.286 |  0.203    0.306 +0.303 |   100   100      0 | +0.080 -0.154
 26.0 +1.697 +0.249 |  0.249    0.319 +0.254 |   100   100      0 | +0.080 -0.143
 27.0 +1.752 +0.219 |  0.281    0.362 +0.254 |   100   100      0 | +0.080 -0.107
 28.0 +1.791 +0.175 |  0.302    0.387 +0.204 |   100   100      0 | +0.080 -0.056
 29.0 +1.836 +0.131 |  0.322    0.420 +0.154 |   100   100      0 | +0.080 +0.189
 30.0 +1.855 +0.093 |  0.305    0.458 +0.104 |   100   100      0 | +0.080 +0.380
 31.0 +1.882 +0.076 |  0.330    0.453 +0.054 |   100   100      0 | +0.081 +0.380
 32.0 +1.914 +0.064 |  0.371    0.502 +0.055 |    99   100      0 | +0.069 +0.366
 33.0 +1.953 +0.055 |  0.415    0.551 +0.055 |    99   100      0 | +0.046 +0.312
  상자 재고정: 채택 1 회 (마지막 t=0.5 s, yaw +1.8°) | yaw 초과 건너뜀 51, 미검출 4, 점프 무시 16 → /tmp/n62b_refix.csv

결과 SUCCEEDED  소요 33.2s  주행 2.27m  샘플 333
  ① 실제 최근접(차체↔상자 기하): 16.9 cm @ t=17.5s 전진 1.14 횡 +0.338   ← 0 이면 접촉
  ② 계획의 최소 여유: 12.9 cm (최근접 시점 17.9 cm)   ← 음수면 계획 자체가 접촉 경로
  ③ 상자 자리 비용 — 로컬 최소/최근접시 99/100, 전역 최소/최근접시 100/100  ← 0 이면 기억 소실
  ④ 경로 좌우 전환 0회 (최초 선택 좌), 계획이 접촉 경로였던 샘플 0/333 (0%)
  깊이점: 최대 214, 최소 0
  ⑥ 상자 미관측 최대 32.7초 — 이 구간의 ①·⑤ 는 마지막 관측의 외삽이다
  조향(주행구간 1.94m, 목표부근 58샘플 제외): 직진 중 |ω| 평균 0.096 최대 0.320 rad/s, 부호반전 18회 = 9.29회/m
  메타: run_meta 28 줄, params 496 줄 (0 노드 응답 없음)

=== nav2.log 신규분 ===
  신규 89 줄
  detected collision   0건
  clear except         0건
  clear entirely       0건
  backup failed        0건
  Goal succeeded       1건
  aborted              0건
  bag: 40M
  EKF 위반 126회 | slam 폐기 72회 | load 13.73 6.61 4.32
