09-23-2026 12:44:39 RAM 2125/7607MB (lfb 6x4MB) SWAP 0/3804MB (cached 0MB) CPU [68%@1497,99%@1497,65%@1497,64%@1497,73%@1497,76%@1497] GR3D_FREQ 6% cpu@50.031C soc2@48.687C soc0@48.843C gpu@49.718C tj@50.187C soc1@49.656C VDD_IN 7664mW/7664mW VDD_CPU_GPU_CV 2682mW/2682mW VDD_SOC 1628mW/1628mW
09-23-2026 12:44:40 RAM 2130/7607MB (lfb 4x4MB) SWAP 0/3804MB (cached 0MB) CPU [100%@1497,97%@1497,99%@1497,91%@1497,98%@1497,99%@1497] GR3D_FREQ 0% cpu@50.437C soc2@48.687C soc0@49.031C gpu@50.031C tj@50.437C soc1@49.656C VDD_IN 8059mW/7862mW VDD_CPU_GPU_CV 2966mW/2824mW VDD_SOC 1668mW/1648mW
09-23-2026 12:44:41 RAM 2133/7607MB (lfb 5x4MB) SWAP 0/3804MB (cached 0MB) CPU [85%@1497,64%@1497,65%@1497,68%@1497,80%@729,74%@729] GR3D_FREQ 5% cpu@49.406C soc2@48.593C soc0@48.968C gpu@50.031C tj@50.031C soc1@49.812C VDD_IN 7256mW/7660mW VDD_CPU_GPU_CV 2279mW/2642mW VDD_SOC 1630mW/1642mW
09-23-2026 12:44:42 RAM 2135/7607MB (lfb 6x4MB) SWAP 0/3804MB (cached 0MB) CPU [46%@1497,39%@1497,31%@1497,29%@1497,46%@1497,48%@1497] GR3D_FREQ 4% cpu@49.312C soc2@48.468C soc0@48.968C gpu@49.687C tj@49.781C soc1@49.781C VDD_IN 6043mW/7256mW VDD_CPU_GPU_CV 1304mW/2308mW VDD_SOC 1592mW/1630mW
09-23-2026 12:44:43 RAM 2167/7607MB (lfb 6x4MB) SWAP 0/3804MB (cached 0MB) CPU [52%@1497,100%@1497,46%@1497,43%@1497,55%@1497,52%@1497] GR3D_FREQ 8% cpu@50C soc2@48.562C soc0@49.031C gpu@50.093C tj@50.093C soc1@49.781C VDD_IN 6930mW/7190mW VDD_CPU_GPU_CV 2035mW/2253mW VDD_SOC 1630mW/1630mW
09-23-2026 12:44:44 RAM 2177/7607MB (lfb 6x4MB) SWAP 0/3804MB (cached 0MB) CPU [83%@1497,78%@1497,77%@1497,75%@1497,81%@1190,81%@1190] GR3D_FREQ 4% cpu@49.656C soc2@48.656C soc0@49C gpu@49.812C tj@49.812C soc1@49.75C VDD_IN 7256mW/7201mW VDD_CPU_GPU_CV 2279mW/2258mW VDD_SOC 1630mW/1630mW
09-23-2026 12:44:45 RAM 2180/7607MB (lfb 6x4MB) SWAP 0/3804MB (cached 0MB) CPU [74%@1497,65%@1497,64%@1497,69%@1497,73%@1497,66%@1497] GR3D_FREQ 0% cpu@50.156C soc2@48.718C soc0@49.031C gpu@49.968C tj@50.406C soc1@50.062C VDD_IN 7338mW/7221mW VDD_CPU_GPU_CV 2401mW/2278mW VDD_SOC 1630mW/1630mW
09-23-2026 12:44:46 RAM 2187/7607MB (lfb 4x4MB) SWAP 0/3804MB (cached 0MB) CPU [94%@1497,91%@1497,89%@1497,91%@1497,90%@1420,98%@1420] GR3D_FREQ 0% cpu@50.031C soc2@48.781C soc0@49.156C gpu@50.281C tj@50.281C soc1@49.875C VDD_IN 7937mW/7310mW VDD_CPU_GPU_CV 2763mW/2339mW VDD_SOC 1709mW/1640mW
09-23-2026 12:44:47 RAM 2186/7607MB (lfb 5x4MB) SWAP 0/3804MB (cached 0MB) CPU [57%@883,51%@883,54%@883,46%@883,55%@1113,54%@1113] GR3D_FREQ 0% cpu@49.5C soc2@48.593C soc0@49.125C gpu@49.937C tj@49.937C soc1@49.937C VDD_IN 6614mW/7233mW VDD_CPU_GPU_CV 1709mW/2269mW VDD_SOC 1630mW/1639mW
09-23-2026 12:44:48 RAM 2188/7607MB (lfb 5x4MB) SWAP 0/3804MB (cached 0MB) CPU [55%@1497,50%@1497,46%@1497,53%@1497,61%@1497,61%@1497] GR3D_FREQ 8% cpu@50.031C soc2@48.656C soc0@49.125C gpu@49.875C tj@50.031C soc1@50.031C VDD_IN 6696mW/7179mW VDD_CPU_GPU_CV 1790mW/2221mW VDD_SOC 1630mW/1638mW
09-23-2026 12:44:49 RAM 2188/7607MB (lfb 5x4MB) SWAP 0/3804MB (cached 0MB) CPU [55%@1190,46%@1190,40%@1190,45%@1190,53%@729,54%@729] GR3D_FREQ 0% cpu@49.218C soc2@48.531C soc0@49.281C gpu@50.187C tj@50.187C soc1@49.875C VDD_IN 6369mW/7106mW VDD_CPU_GPU_CV 1508mW/2156mW VDD_SOC 1592mW/1634mW
09-23-2026 12:44:50 RAM 2190/7607MB (lfb 5x4MB) SWAP 0/3804MB (cached 0MB) CPU [51%@1420,46%@1420,43%@1420,45%@1420,61%@1497,64%@1497] GR3D_FREQ 8% cpu@49.468C soc2@48.656C soc0@49.125C gpu@49.75C tj@49.906C soc1@49.906C VDD_IN 6410mW/7048mW VDD_CPU_GPU_CV 1549mW/2105mW VDD_SOC 1592mW/1630mW
09-23-2026 12:44:51 RAM 2188/7607MB (lfb 4x4MB) SWAP 0/3804MB (cached 0MB) CPU [52%@1344,46%@1344,44%@1344,46%@1497,61%@1420,67%@1420] GR3D_FREQ 4% cpu@49.718C soc2@48.625C soc0@49.125C gpu@49.875C tj@50C soc1@50C VDD_IN 6573mW/7011mW VDD_CPU_GPU_CV 1712mW/2075mW VDD_SOC 1630mW/1630mW
09-23-2026 12:44:52 RAM 2188/7607MB (lfb 5x4MB) SWAP 0/3804MB (cached 0MB) CPU [62%@1113,58%@1113,56%@1113,54%@1113,60%@729,58%@729] GR3D_FREQ 4% cpu@49.687C soc2@48.593C soc0@49.187C gpu@49.906C tj@49.906C soc1@49.906C VDD_IN 6614mW/6983mW VDD_CPU_GPU_CV 1712mW/2049mW VDD_SOC 1630mW/1630mW
09-23-2026 12:44:53 RAM 2193/7607MB (lfb 5x4MB) SWAP 0/3804MB (cached 0MB) CPU [50%@1267,50%@1267,55%@1267,47%@1267,60%@883,57%@883] GR3D_FREQ 4% cpu@49.343C soc2@48.625C soc0@49.093C gpu@49.812C tj@49.937C soc1@49.937C VDD_IN 6492mW/6950mW VDD_CPU_GPU_CV 1630mW/2021mW VDD_SOC 1589mW/1627mW
09-23-2026 12:44:54 RAM 2194/7607MB (lfb 4x4MB) SWAP 0/3804MB (cached 0MB) CPU [57%@883,40%@883,50%@883,45%@883,61%@960,63%@960] GR3D_FREQ 12% cpu@49.406C soc2@48.531C soc0@49.156C gpu@49.781C tj@49.875C soc1@50.031C VDD_IN 6328mW/6911mW VDD_CPU_GPU_CV 1467mW/1987mW VDD_SOC 1592mW/1625mW
09-23-2026 12:44:55 RAM 2190/7607MB (lfb 5x4MB) SWAP 0/3804MB (cached 0MB) CPU [52%@806,55%@806,42%@806,50%@806,58%@883,56%@883] GR3D_FREQ 0% cpu@49.343C soc2@48.562C soc0@49.25C gpu@49.843C tj@49.906C soc1@49.906C VDD_IN 6410mW/6882mW VDD_CPU_GPU_CV 1589mW/1963mW VDD_SOC 1592mW/1623mW
09-23-2026 12:44:56 RAM 2189/7607MB (lfb 5x4MB) SWAP 0/3804MB (cached 0MB) CPU [58%@960,54%@960,48%@960,51%@960,49%@1190,53%@1190] GR3D_FREQ 6% cpu@49.093C soc2@48.593C soc0@49.125C gpu@49.781C tj@49.875C soc1@49.875C VDD_IN 6410mW/6856mW VDD_CPU_GPU_CV 1589mW/1942mW VDD_SOC 1592mW/1621mW
09-23-2026 12:44:57 RAM 2195/7607MB (lfb 6x4MB) SWAP 0/3804MB (cached 0MB) CPU [71%@1420,63%@1420,65%@1420,61%@1420,60%@729,61%@729] GR3D_FREQ 0% cpu@49.718C soc2@48.687C soc0@49.218C gpu@50C tj@50.031C soc1@50.031C VDD_IN 7012mW/6864mW VDD_CPU_GPU_CV 2035mW/1947mW VDD_SOC 1630mW/1622mW
09-23-2026 12:44:58 RAM 2196/7607MB (lfb 6x4MB) SWAP 0/3804MB (cached 0MB) CPU [58%@1344,54%@1344,43%@1344,48%@1344,58%@1497,54%@1497] GR3D_FREQ 1% cpu@49.593C soc2@48.656C soc0@49.343C gpu@49.875C tj@49.906C soc1@49.937C VDD_IN 6533mW/6847mW VDD_CPU_GPU_CV 1671mW/1933mW VDD_SOC 1589mW/1620mW
09-23-2026 12:44:59 RAM 2199/7607MB (lfb 5x4MB) SWAP 0/3804MB (cached 0MB) CPU [57%@960,51%@960,47%@960,50%@960,56%@1036,58%@1036] GR3D_FREQ 4% cpu@49.468C soc2@48.687C soc0@49.218C gpu@50C tj@50C soc1@50.062C VDD_IN 6573mW/6834mW VDD_CPU_GPU_CV 1712mW/1923mW VDD_SOC 1630mW/1621mW
09-23-2026 12:45:00 RAM 2201/7607MB (lfb 5x4MB) SWAP 0/3804MB (cached 0MB) CPU [55%@1113,44%@1113,44%@1113,49%@1113,61%@806,60%@806] GR3D_FREQ 1% cpu@49.593C soc2@48.562C soc0@49.125C gpu@49.937C tj@50.062C soc1@50.062C VDD_IN 6369mW/6813mW VDD_CPU_GPU_CV 1549mW/1906mW VDD_SOC 1592mW/1619mW
09-23-2026 12:45:01 RAM 2196/7607MB (lfb 6x4MB) SWAP 0/3804MB (cached 0MB) CPU [55%@1420,50%@1420,50%@1420,47%@1420,55%@1497,58%@1497] GR3D_FREQ 4% cpu@49.5C soc2@48.687C soc0@49.312C gpu@49.812C tj@49.968C soc1@50C VDD_IN 6573mW/6803mW VDD_CPU_GPU_CV 1712mW/1898mW VDD_SOC 1630mW/1620mW
09-23-2026 12:45:02 RAM 2199/7607MB (lfb 5x4MB) SWAP 0/3804MB (cached 0MB) CPU [61%@1497,48%@1497,54%@1497,54%@1497,60%@1497,66%@1497] GR3D_FREQ 0% cpu@49.843C soc2@48.75C soc0@49.156C gpu@49.968C tj@50C soc1@50C VDD_IN 7012mW/6811mW VDD_CPU_GPU_CV 2075mW/1905mW VDD_SOC 1630mW/1620mW
09-23-2026 12:45:03 RAM 2197/7607MB (lfb 5x4MB) SWAP 0/3804MB (cached 0MB) CPU [66%@1497,61%@1497,52%@1497,59%@1497,53%@806,54%@806] GR3D_FREQ 0% cpu@49.625C soc2@48.718C soc0@49.25C gpu@49.968C tj@50.156C soc1@50.156C VDD_IN 6849mW/6813mW VDD_CPU_GPU_CV 1953mW/1907mW VDD_SOC 1630mW/1621mW
09-23-2026 12:45:04 RAM 2198/7607MB (lfb 5x4MB) SWAP 0/3804MB (cached 0MB) CPU [56%@729,52%@729,48%@729,52%@729,58%@1267,56%@1267] GR3D_FREQ 0% cpu@49.593C soc2@48.718C soc0@49.281C gpu@49.937C tj@50C soc1@50C VDD_IN 6451mW/6799mW VDD_CPU_GPU_CV 1589mW/1895mW VDD_SOC 1592mW/1620mW
09-23-2026 12:45:05 RAM 2202/7607MB (lfb 4x4MB) SWAP 0/3804MB (cached 0MB) CPU [58%@1497,54%@1497,47%@1497,51%@1497,60%@1344,60%@1344] GR3D_FREQ 10% cpu@49.875C soc2@48.781C soc0@49.218C gpu@49.937C tj@50.062C soc1@50.062C VDD_IN 6778mW/6798mW VDD_CPU_GPU_CV 1872mW/1894mW VDD_SOC 1630mW/1620mW
09-23-2026 12:45:06 RAM 2201/7607MB (lfb 5x4MB) SWAP 0/3804MB (cached 0MB) CPU [57%@1344,49%@1344,50%@1344,53%@1344,55%@729,48%@729] GR3D_FREQ 0% cpu@49.437C soc2@48.687C soc0@49.281C gpu@49.875C tj@50.156C soc1@50.156C VDD_IN 6492mW/6787mW VDD_CPU_GPU_CV 1671mW/1886mW VDD_SOC 1589mW/1619mW
09-23-2026 12:45:07 RAM 2207/7607MB (lfb 5x4MB) SWAP 0/3804MB (cached 0MB) CPU [54%@1497,49%@1497,54%@1497,43%@1497,62%@1497,63%@1497] GR3D_FREQ 9% cpu@49.906C soc2@48.656C soc0@49.312C gpu@50.093C tj@50.093C soc1@49.906C VDD_IN 6492mW/6777mW VDD_CPU_GPU_CV 1630mW/1877mW VDD_SOC 1592mW/1618mW
09-23-2026 12:45:08 RAM 2202/7607MB (lfb 5x4MB) SWAP 0/3804MB (cached 0MB) CPU [63%@883,64%@883,54%@883,57%@883,59%@729,68%@729] GR3D_FREQ 0% cpu@49.437C soc2@48.718C soc0@49.25C gpu@50C tj@50.062C soc1@50.062C VDD_IN 6737mW/6776mW VDD_CPU_GPU_CV 1790mW/1874mW VDD_SOC 1630mW/1618mW
09-23-2026 12:45:09 RAM 2204/7607MB (lfb 5x4MB) SWAP 0/3804MB (cached 0MB) CPU [56%@1190,52%@1190,49%@1190,48%@1190,64%@1113,62%@1113] GR3D_FREQ 4% cpu@49.625C soc2@48.75C soc0@49.281C gpu@50.093C tj@50.187C soc1@50.187C VDD_IN 6492mW/6767mW VDD_CPU_GPU_CV 1671mW/1868mW VDD_SOC 1589mW/1617mW
09-23-2026 12:45:10 RAM 2196/7607MB (lfb 5x4MB) SWAP 0/3804MB (cached 0MB) CPU [51%@1497,47%@1497,46%@1497,45%@1497,62%@1036,60%@1036] GR3D_FREQ 7% cpu@49.406C soc2@48.687C soc0@49.156C gpu@50.031C tj@50.093C soc1@50.093C VDD_IN 6369mW/6754mW VDD_CPU_GPU_CV 1508mW/1856mW VDD_SOC 1592mW/1617mW
09-23-2026 12:45:11 RAM 2198/7607MB (lfb 5x4MB) SWAP 0/3804MB (cached 0MB) CPU [61%@1036,46%@1036,55%@1036,54%@1036,58%@1497,63%@1497] GR3D_FREQ 4% cpu@49.906C soc2@48.656C soc0@49.375C gpu@50C tj@50C soc1@50C VDD_IN 6533mW/6747mW VDD_CPU_GPU_CV 1671mW/1851mW VDD_SOC 1589mW/1616mW
09-23-2026 12:45:12 RAM 2200/7607MB (lfb 5x4MB) SWAP 0/3804MB (cached 0MB) CPU [57%@1113,52%@1113,52%@1113,40%@1113,65%@729,63%@729] GR3D_FREQ 2% cpu@49.562C soc2@48.75C soc0@49.093C gpu@50.093C tj@50.093C soc1@50.031C VDD_IN 6573mW/6742mW VDD_CPU_GPU_CV 1712mW/1847mW VDD_SOC 1589mW/1615mW
09-23-2026 12:45:13 RAM 2199/7607MB (lfb 3x4MB) SWAP 0/3804MB (cached 0MB) CPU [60%@1497,56%@1497,63%@1497,63%@1497,60%@1497,56%@1497] GR3D_FREQ 0% cpu@49.968C soc2@48.937C soc0@49.312C gpu@50.062C tj@50.125C soc1@50.125C VDD_IN 7093mW/6752mW VDD_CPU_GPU_CV 2075mW/1853mW VDD_SOC 1630mW/1615mW
09-23-2026 12:45:14 RAM 2199/7607MB (lfb 6x4MB) SWAP 0/3804MB (cached 0MB) CPU [59%@883,47%@883,53%@883,53%@883,60%@883,55%@883] GR3D_FREQ 5% cpu@49.562C soc2@48.593C soc0@49.375C gpu@49.937C tj@49.968C soc1@49.968C VDD_IN 6492mW/6745mW VDD_CPU_GPU_CV 1630mW/1847mW VDD_SOC 1633mW/1616mW
09-23-2026 12:45:15 RAM 2198/7607MB (lfb 6x4MB) SWAP 0/3804MB (cached 0MB) CPU [54%@1113,52%@1113,50%@1113,51%@1113,58%@960,62%@960] GR3D_FREQ 0% cpu@49.343C soc2@48.687C soc0@49.218C gpu@49.843C tj@50.062C soc1@50.062C VDD_IN 6288mW/6733mW VDD_CPU_GPU_CV 1467mW/1837mW VDD_SOC 1592mW/1615mW
09-23-2026 12:45:16 RAM 2203/7607MB (lfb 3x4MB) SWAP 0/3804MB (cached 0MB) CPU [62%@1497,54%@1497,49%@1497,54%@1497,59%@729,54%@729] GR3D_FREQ 0% cpu@49.656C soc2@48.687C soc0@49.281C gpu@49.906C tj@50.125C soc1@50.125C VDD_IN 6451mW/6725mW VDD_CPU_GPU_CV 1589mW/1830mW VDD_SOC 1592mW/1615mW
09-23-2026 12:45:17 RAM 2204/7607MB (lfb 3x4MB) SWAP 0/3804MB (cached 0MB) CPU [56%@883,57%@883,55%@883,50%@883,55%@1113,59%@1113] GR3D_FREQ 0% cpu@49.531C soc2@48.718C soc0@49.312C gpu@49.906C tj@49.968C soc1@49.968C VDD_IN 6369mW/6716mW VDD_CPU_GPU_CV 1508mW/1822mW VDD_SOC 1592mW/1614mW
09-23-2026 12:45:18 RAM 2158/7607MB (lfb 4x4MB) SWAP 0/3804MB (cached 0MB) CPU [64%@960,58%@960,58%@960,57%@960,72%@960,48%@960] GR3D_FREQ 6% cpu@49.687C soc2@48.812C soc0@49.406C gpu@49.937C tj@50C soc1@50C VDD_IN 6818mW/6719mW VDD_CPU_GPU_CV 1872mW/1823mW VDD_SOC 1630mW/1614mW
09-23-2026 12:45:19 RAM 2161/7607MB (lfb 4x4MB) SWAP 0/3804MB (cached 0MB) CPU [48%@729,42%@729,44%@729,43%@729,58%@729,51%@729] GR3D_FREQ 4% cpu@49.156C soc2@48.687C soc0@49.343C gpu@50.125C tj@50.125C soc1@50.031C VDD_IN 6043mW/6702mW VDD_CPU_GPU_CV 1345mW/1811mW VDD_SOC 1592mW/1614mW
