09-23-2026 10:35:25 RAM 2111/7607MB (lfb 6x4MB) SWAP 0/3804MB (cached 0MB) CPU [77%@1497,57%@1497,70%@1497,63%@1497,70%@1497,76%@1497] GR3D_FREQ 0% cpu@50.25C soc2@48.562C soc0@49.031C gpu@50.156C tj@50.25C soc1@49.718C VDD_IN 7582mW/7582mW VDD_CPU_GPU_CV 2600mW/2600mW VDD_SOC 1628mW/1628mW
09-23-2026 10:35:26 RAM 2119/7607MB (lfb 5x4MB) SWAP 0/3804MB (cached 0MB) CPU [85%@1497,84%@1497,92%@1497,86%@1497,84%@960,88%@960] GR3D_FREQ 0% cpu@49.281C soc2@48.562C soc0@48.875C gpu@49.75C tj@49.75C soc1@49.75C VDD_IN 7501mW/7542mW VDD_CPU_GPU_CV 2479mW/2540mW VDD_SOC 1628mW/1628mW
09-23-2026 10:35:27 RAM 2121/7607MB (lfb 6x4MB) SWAP 0/3804MB (cached 0MB) CPU [75%@1497,76%@1497,86%@1497,77%@1497,76%@1497,74%@1497] GR3D_FREQ 0% cpu@50.406C soc2@48.625C soc0@49.031C gpu@49.843C tj@50.406C soc1@49.718C VDD_IN 7693mW/7592mW VDD_CPU_GPU_CV 2682mW/2587mW VDD_SOC 1628mW/1628mW
09-23-2026 10:35:28 RAM 2125/7607MB (lfb 5x4MB) SWAP 0/3804MB (cached 0MB) CPU [59%@1497,54%@1497,88%@1497,53%@1497,66%@806,70%@806] GR3D_FREQ 0% cpu@50C soc2@48.718C soc0@48.968C gpu@50.156C tj@50C soc1@49.843C VDD_IN 7093mW/7467mW VDD_CPU_GPU_CV 2157mW/2480mW VDD_SOC 1630mW/1629mW
09-23-2026 10:35:29 RAM 2154/7607MB (lfb 5x4MB) SWAP 0/3804MB (cached 0MB) CPU [91%@1497,43%@1497,46%@1497,53%@1497,52%@1036,52%@1036] GR3D_FREQ 0% cpu@49.75C soc2@48.593C soc0@49.062C gpu@49.781C tj@49.781C soc1@49.781C VDD_IN 6808mW/7335mW VDD_CPU_GPU_CV 1953mW/2374mW VDD_SOC 1630mW/1629mW
09-23-2026 10:35:30 RAM 2150/7607MB (lfb 5x4MB) SWAP 0/3804MB (cached 0MB) CPU [55%@1267,50%@1267,53%@1267,46%@1267,49%@1036,52%@1036] GR3D_FREQ 0% cpu@49.343C soc2@48.5C soc0@48.968C gpu@50C tj@50C soc1@49.812C VDD_IN 6288mW/7161mW VDD_CPU_GPU_CV 1508mW/2230mW VDD_SOC 1589mW/1622mW
09-23-2026 10:35:31 RAM 2155/7607MB (lfb 5x4MB) SWAP 0/3804MB (cached 0MB) CPU [93%@1036,78%@1036,87%@1036,92%@1036,83%@1190,94%@1190] GR3D_FREQ 0% cpu@49.531C soc2@48.593C soc0@49.031C gpu@49.843C tj@49.843C soc1@49.812C VDD_IN 7379mW/7192mW VDD_CPU_GPU_CV 2438mW/2260mW VDD_SOC 1628mW/1623mW
09-23-2026 10:35:32 RAM 2171/7607MB (lfb 6x4MB) SWAP 0/3804MB (cached 0MB) CPU [86%@1497,93%@1497,82%@1497,80%@1497,81%@1497,78%@1497] GR3D_FREQ 0% cpu@50.406C soc2@48.812C soc0@49.187C gpu@50.25C tj@50.406C soc1@49.812C VDD_IN 7855mW/7275mW VDD_CPU_GPU_CV 2722mW/2317mW VDD_SOC 1668mW/1629mW
09-23-2026 10:35:33 RAM 2178/7607MB (lfb 4x4MB) SWAP 0/3804MB (cached 0MB) CPU [90%@1497,97%@1497,91%@1497,90%@1497,85%@1190,77%@1190] GR3D_FREQ 0% cpu@49.875C soc2@48.937C soc0@49.031C gpu@50.031C tj@50.031C soc1@49.968C VDD_IN 7733mW/7326mW VDD_CPU_GPU_CV 2641mW/2353mW VDD_SOC 1668mW/1633mW
09-23-2026 10:35:34 RAM 2182/7607MB (lfb 4x4MB) SWAP 0/3804MB (cached 0MB) CPU [60%@1190,55%@1190,54%@1190,50%@1190,57%@806,59%@806] GR3D_FREQ 10% cpu@49.562C soc2@48.687C soc0@49.187C gpu@50.187C tj@50.187C soc1@49.937C VDD_IN 6563mW/7250mW VDD_CPU_GPU_CV 1668mW/2285mW VDD_SOC 1630mW/1633mW
09-23-2026 10:35:35 RAM 2178/7607MB (lfb 4x4MB) SWAP 0/3804MB (cached 0MB) CPU [65%@1420,55%@1420,53%@1420,55%@1420,61%@729,60%@729] GR3D_FREQ 4% cpu@49.5C soc2@48.718C soc0@49.093C gpu@50.187C tj@50.187C soc1@49.812C VDD_IN 6533mW/7184mW VDD_CPU_GPU_CV 1668mW/2229mW VDD_SOC 1589mW/1629mW
09-23-2026 10:35:36 RAM 2179/7607MB (lfb 4x4MB) SWAP 0/3804MB (cached 0MB) CPU [59%@1344,51%@1344,47%@1344,50%@1344,57%@729,53%@729] GR3D_FREQ 8% cpu@49.437C soc2@48.718C soc0@49.125C gpu@49.875C tj@50.062C soc1@50.062C VDD_IN 6492mW/7127mW VDD_CPU_GPU_CV 1630mW/2179mW VDD_SOC 1589mW/1625mW
09-23-2026 10:35:37 RAM 2183/7607MB (lfb 4x4MB) SWAP 0/3804MB (cached 0MB) CPU [61%@1190,52%@1190,59%@1190,55%@1190,58%@1420,61%@1420] GR3D_FREQ 2% cpu@49.718C soc2@48.687C soc0@49.125C gpu@50.156C tj@50.156C soc1@49.937C VDD_IN 6767mW/7099mW VDD_CPU_GPU_CV 1872mW/2155mW VDD_SOC 1630mW/1626mW
09-23-2026 10:35:38 RAM 2181/7607MB (lfb 4x4MB) SWAP 0/3804MB (cached 0MB) CPU [64%@1190,52%@1190,57%@1190,59%@1190,61%@960,67%@960] GR3D_FREQ 0% cpu@49.5C soc2@48.656C soc0@49.187C gpu@50.25C tj@50.25C soc1@50.031C VDD_IN 6655mW/7067mW VDD_CPU_GPU_CV 1750mW/2126mW VDD_SOC 1630mW/1626mW
09-23-2026 10:35:39 RAM 2178/7607MB (lfb 4x4MB) SWAP 0/3804MB (cached 0MB) CPU [57%@1497,54%@1497,54%@1497,55%@1497,62%@1036,62%@1036] GR3D_FREQ 0% cpu@49.5C soc2@48.625C soc0@49.25C gpu@49.906C tj@49.937C soc1@49.937C VDD_IN 6573mW/7034mW VDD_CPU_GPU_CV 1668mW/2096mW VDD_SOC 1630mW/1626mW
09-23-2026 10:35:40 RAM 2182/7607MB (lfb 4x4MB) SWAP 0/3804MB (cached 0MB) CPU [65%@1497,47%@1497,48%@1497,51%@1497,56%@806,59%@806] GR3D_FREQ 0% cpu@49.562C soc2@48.687C soc0@49.156C gpu@49.843C tj@49.968C soc1@49.968C VDD_IN 6492mW/7000mW VDD_CPU_GPU_CV 1630mW/2067mW VDD_SOC 1589mW/1624mW
09-23-2026 10:35:41 RAM 2182/7607MB (lfb 4x4MB) SWAP 0/3804MB (cached 0MB) CPU [61%@1497,55%@1497,51%@1497,56%@1497,51%@1190,59%@1190] GR3D_FREQ 0% cpu@49.343C soc2@48.625C soc0@49.093C gpu@50.187C tj@50.187C soc1@50C VDD_IN 6573mW/6975mW VDD_CPU_GPU_CV 1668mW/2043mW VDD_SOC 1630mW/1624mW
09-23-2026 10:35:42 RAM 2182/7607MB (lfb 4x4MB) SWAP 0/3804MB (cached 0MB) CPU [60%@1344,51%@1344,51%@1344,56%@1344,52%@806,61%@806] GR3D_FREQ 4% cpu@49.437C soc2@48.593C soc0@49.218C gpu@49.937C tj@49.937C soc1@49.906C VDD_IN 6451mW/6946mW VDD_CPU_GPU_CV 1589mW/2018mW VDD_SOC 1589mW/1622mW
09-23-2026 10:35:43 RAM 2181/7607MB (lfb 4x4MB) SWAP 0/3804MB (cached 0MB) CPU [65%@1420,55%@1420,61%@1420,63%@1420,66%@1113,70%@1113] GR3D_FREQ 4% cpu@49.625C soc2@48.718C soc0@49.156C gpu@49.906C tj@49.968C soc1@49.968C VDD_IN 7052mW/6952mW VDD_CPU_GPU_CV 2075mW/2021mW VDD_SOC 1630mW/1623mW
09-23-2026 10:35:44 RAM 2182/7607MB (lfb 4x4MB) SWAP 0/3804MB (cached 0MB) CPU [56%@883,51%@883,52%@883,52%@883,63%@960,60%@960] GR3D_FREQ 2% cpu@49.187C soc2@48.687C soc0@49.25C gpu@49.968C tj@50.031C soc1@50.031C VDD_IN 6410mW/6925mW VDD_CPU_GPU_CV 1589mW/1999mW VDD_SOC 1589mW/1621mW
09-23-2026 10:35:45 RAM 2177/7607MB (lfb 3x4MB) SWAP 0/3804MB (cached 0MB) CPU [61%@1497,54%@1497,51%@1497,56%@1497,65%@1420,67%@1420] GR3D_FREQ 5% cpu@49.875C soc2@48.625C soc0@49.187C gpu@49.781C tj@50.062C soc1@49.937C VDD_IN 6685mW/6913mW VDD_CPU_GPU_CV 1790mW/1989mW VDD_SOC 1630mW/1622mW
09-23-2026 10:35:46 RAM 2179/7607MB (lfb 3x4MB) SWAP 0/3804MB (cached 0MB) CPU [58%@1113,53%@1113,52%@1113,48%@1113,63%@806,66%@806] GR3D_FREQ 0% cpu@49.312C soc2@48.625C soc0@49.25C gpu@49.75C tj@50.031C soc1@50.031C VDD_IN 6451mW/6892mW VDD_CPU_GPU_CV 1589mW/1971mW VDD_SOC 1589mW/1620mW
09-23-2026 10:35:47 RAM 2181/7607MB (lfb 4x4MB) SWAP 0/3804MB (cached 0MB) CPU [61%@1497,49%@1497,52%@1497,53%@1497,63%@729,65%@729] GR3D_FREQ 6% cpu@49.593C soc2@48.656C soc0@49.25C gpu@50C tj@50.031C soc1@50.031C VDD_IN 6451mW/6873mW VDD_CPU_GPU_CV 1589mW/1955mW VDD_SOC 1589mW/1619mW
09-23-2026 10:35:48 RAM 2181/7607MB (lfb 4x4MB) SWAP 0/3804MB (cached 0MB) CPU [68%@1497,56%@1497,65%@1497,62%@1497,68%@1497,67%@1497] GR3D_FREQ 4% cpu@50.062C soc2@48.812C soc0@49.406C gpu@50.093C tj@50.093C soc1@50C VDD_IN 7134mW/6884mW VDD_CPU_GPU_CV 2116mW/1961mW VDD_SOC 1671mW/1621mW
09-23-2026 10:35:49 RAM 2183/7607MB (lfb 4x4MB) SWAP 0/3804MB (cached 0MB) CPU [63%@1113,52%@1113,53%@1113,57%@1113,65%@883,64%@883] GR3D_FREQ 4% cpu@49.656C soc2@48.687C soc0@49.218C gpu@49.906C tj@50.156C soc1@50.156C VDD_IN 6573mW/6871mW VDD_CPU_GPU_CV 1709mW/1951mW VDD_SOC 1630mW/1621mW
09-23-2026 10:35:50 RAM 2180/7607MB (lfb 5x4MB) SWAP 0/3804MB (cached 0MB) CPU [62%@1420,52%@1420,56%@1420,51%@1420,57%@960,63%@960] GR3D_FREQ 12% cpu@49.843C soc2@48.75C soc0@49.312C gpu@50.062C tj@50.062C soc1@50.031C VDD_IN 6492mW/6857mW VDD_CPU_GPU_CV 1589mW/1937mW VDD_SOC 1630mW/1622mW
09-23-2026 10:35:51 RAM 2180/7607MB (lfb 5x4MB) SWAP 0/3804MB (cached 0MB) CPU [64%@1267,60%@1267,52%@1267,57%@1267,57%@1497,55%@1497] GR3D_FREQ 0% cpu@49.531C soc2@48.75C soc0@49.281C gpu@50.093C tj@50.093C soc1@50.062C VDD_IN 6492mW/6843mW VDD_CPU_GPU_CV 1628mW/1926mW VDD_SOC 1589mW/1620mW
09-23-2026 10:35:52 RAM 2182/7607MB (lfb 5x4MB) SWAP 0/3804MB (cached 0MB) CPU [61%@1344,54%@1344,52%@1344,62%@1497,53%@1190,61%@1190] GR3D_FREQ 4% cpu@49.656C soc2@48.718C soc0@49.343C gpu@49.968C tj@50.156C soc1@50.156C VDD_IN 6604mW/6835mW VDD_CPU_GPU_CV 1709mW/1918mW VDD_SOC 1630mW/1621mW
09-23-2026 10:35:53 RAM 2184/7607MB (lfb 5x4MB) SWAP 0/3804MB (cached 0MB) CPU [63%@1497,52%@1497,55%@1497,53%@1497,65%@1267,60%@1267] GR3D_FREQ 10% cpu@49.843C soc2@48.781C soc0@49.281C gpu@49.968C tj@50.125C soc1@50C VDD_IN 6604mW/6827mW VDD_CPU_GPU_CV 1750mW/1912mW VDD_SOC 1630mW/1621mW
09-23-2026 10:35:54 RAM 2184/7607MB (lfb 4x4MB) SWAP 0/3804MB (cached 0MB) CPU [69%@1420,58%@1420,63%@1420,56%@1420,69%@806,72%@806] GR3D_FREQ 3% cpu@49.531C soc2@48.875C soc0@49.343C gpu@50.125C tj@50.125C soc1@50.093C VDD_IN 6767mW/6825mW VDD_CPU_GPU_CV 1872mW/1911mW VDD_SOC 1630mW/1621mW
09-23-2026 10:35:55 RAM 2182/7607MB (lfb 4x4MB) SWAP 0/3804MB (cached 0MB) CPU [60%@1190,54%@1190,54%@1190,57%@1190,56%@806,51%@806] GR3D_FREQ 0% cpu@49.625C soc2@48.812C soc0@49.281C gpu@50C tj@50.25C soc1@50.25C VDD_IN 6451mW/6813mW VDD_CPU_GPU_CV 1549mW/1899mW VDD_SOC 1589mW/1620mW
09-23-2026 10:35:56 RAM 2182/7607MB (lfb 3x4MB) SWAP 0/3804MB (cached 0MB) CPU [58%@1036,47%@1036,47%@1036,56%@1036,58%@1267,59%@1267] GR3D_FREQ 0% cpu@49.656C soc2@48.812C soc0@49.375C gpu@50.062C tj@50.125C soc1@50.125C VDD_IN 6573mW/6805mW VDD_CPU_GPU_CV 1668mW/1892mW VDD_SOC 1630mW/1621mW
09-23-2026 10:35:57 RAM 2184/7607MB (lfb 3x4MB) SWAP 0/3804MB (cached 0MB) CPU [57%@1113,57%@1113,52%@1113,55%@1113,66%@729,56%@729] GR3D_FREQ 0% cpu@49.781C soc2@48.812C soc0@49.25C gpu@50.187C tj@50.187C soc1@50.062C VDD_IN 6410mW/6793mW VDD_CPU_GPU_CV 1549mW/1882mW VDD_SOC 1589mW/1620mW
09-23-2026 10:35:58 RAM 2183/7607MB (lfb 5x4MB) SWAP 0/3804MB (cached 0MB) CPU [62%@1190,54%@1190,48%@1190,57%@1190,65%@1190,62%@1190] GR3D_FREQ 0% cpu@49.968C soc2@48.843C soc0@49.468C gpu@50.031C tj@50.125C soc1@50.125C VDD_IN 6685mW/6790mW VDD_CPU_GPU_CV 1790mW/1879mW VDD_SOC 1630mW/1620mW
09-23-2026 10:35:59 RAM 2183/7607MB (lfb 5x4MB) SWAP 0/3804MB (cached 0MB) CPU [63%@1497,64%@1497,51%@1497,51%@1497,64%@1344,65%@1344] GR3D_FREQ 11% cpu@49.968C soc2@49C soc0@49.312C gpu@50.062C tj@50.156C soc1@50.156C VDD_IN 7012mW/6796mW VDD_CPU_GPU_CV 1994mW/1882mW VDD_SOC 1630mW/1620mW
09-23-2026 10:36:00 RAM 2184/7607MB (lfb 4x4MB) SWAP 0/3804MB (cached 0MB) CPU [61%@1420,50%@1420,53%@1420,54%@1420,66%@1113,64%@1113] GR3D_FREQ 0% cpu@49.968C soc2@48.906C soc0@49.375C gpu@50.031C tj@50.125C soc1@50.125C VDD_IN 6685mW/6793mW VDD_CPU_GPU_CV 1790mW/1880mW VDD_SOC 1630mW/1621mW
09-23-2026 10:36:01 RAM 2185/7607MB (lfb 4x4MB) SWAP 0/3804MB (cached 0MB) CPU [59%@1113,51%@1113,53%@1113,53%@1113,63%@1267,61%@1267] GR3D_FREQ 2% cpu@49.625C soc2@48.75C soc0@49.343C gpu@49.968C tj@50.25C soc1@50.25C VDD_IN 6410mW/6783mW VDD_CPU_GPU_CV 1549mW/1871mW VDD_SOC 1589mW/1620mW
09-23-2026 10:36:02 RAM 2207/7607MB (lfb 2x4MB) SWAP 0/3804MB (cached 0MB) CPU [58%@1497,52%@1497,50%@1497,49%@1497,61%@1497,65%@1497] GR3D_FREQ 11% cpu@49.937C soc2@48.906C soc0@49.406C gpu@50.25C tj@50.25C soc1@50.218C VDD_IN 6614mW/6779mW VDD_CPU_GPU_CV 1709mW/1866mW VDD_SOC 1630mW/1620mW
09-23-2026 10:36:03 RAM 2187/7607MB (lfb 5x4MB) SWAP 0/3804MB (cached 0MB) CPU [58%@1190,49%@1190,55%@1190,54%@1190,65%@1344,57%@1344] GR3D_FREQ 0% cpu@49.656C soc2@48.812C soc0@49.437C gpu@49.968C tj@50.062C soc1@50.062C VDD_IN 6410mW/6769mW VDD_CPU_GPU_CV 1549mW/1858mW VDD_SOC 1589mW/1619mW
09-23-2026 10:36:04 RAM 2142/7607MB (lfb 6x4MB) SWAP 0/3804MB (cached 0MB) CPU [67%@1267,71%@1267,53%@1267,55%@1267,65%@960,63%@960] GR3D_FREQ 7% cpu@50.062C soc2@48.968C soc0@49.562C gpu@50.093C tj@50.125C soc1@50.125C VDD_IN 6971mW/6774mW VDD_CPU_GPU_CV 1994mW/1862mW VDD_SOC 1630mW/1619mW
09-23-2026 10:36:05 RAM 2143/7607MB (lfb 6x4MB) SWAP 0/3804MB (cached 0MB) CPU [55%@729,44%@729,51%@729,51%@729,54%@729,54%@729] GR3D_FREQ 0% cpu@49.25C soc2@48.906C soc0@49.406C gpu@50.031C tj@50.281C soc1@50.281C VDD_IN 6206mW/6760mW VDD_CPU_GPU_CV 1426mW/1851mW VDD_SOC 1592mW/1619mW
