########## F0 게이트 14:29:19 ##########
  A·B 통과 (average rate: 25.050)
  J 통과 (깊이 15.1 Hz)
  C 통과
  출발 자세: 라이다 점 ↔ 차체 외곽 최소 0.351 m @ 차체 (-0.44, +0.46)
  0.334
  G2 통과 (0.334 m)
  P 통과 (정지 부하 41 %)
########## F0 주행 14:30:18 — 목표 2.25,-1.6,p;-1.6,-2.0,p;1.6,-5.55,p;5.5,-2.2,p;0,0,p ##########
출발 map (-0.006, -0.006, -0.1°) | 목표 5 개(출발 기준, a = 직선 자동, p = 경로 끝 자동): [(2.25, -1.6, 'p'), (-1.6, -2.0, 'p'), (1.6, -5.55, 'p'), (5.5, -2.2, 'p'), (0.0, 0.0, 'p')] → map yaw(초기) ['-36°', '-174°', '-48°', '41°', '158°']
  경로 자동 yaw: 경로 152 점, 끝 0.301 m 구간 방향 -82.1° (직선 방향 -35.6°, 차 -46.6°)
목표 1 출발: map (2.24, -1.61, -82°), 거리 2.76 m, 한도 109 s
  목표 1 SUCCEEDED 51.7 s | 도착 map (2.310, -1.482, -88.2°) 목표 대비 0.147 m, -6.1°
  정지 3.0 s 뒤 다음 목표
  경로 자동 yaw: 경로 159 점, 끝 0.303 m 구간 방향 -172.2° (직선 방향 -174.2°, 차 2.0°)
목표 2 출발: map (-1.61, -2.00, -172°), 거리 3.87 m, 한도 141 s
  목표 2 SUCCEEDED 54.3 s | 도착 map (-1.468, -2.010, -175.6°) 목표 대비 0.143 m, -3.4°
  정지 3.0 s 뒤 다음 목표
  경로 자동 yaw: 경로 232 점, 끝 0.307 m 구간 방향 -25.3° (직선 방향 -48.1°, 차 22.8°)
목표 3 출발: map (1.58, -5.56, -25°), 거리 4.78 m, 한도 167 s
  ★ 목표 3 한도 초과 — 취소
  목표 3 CANCELED 166.6 s | 도착 map (0.837, -2.332, 165.3°) 목표 대비 3.312 m, -169.4°

결과: 1 SUCCEEDED 51.7s / 2 SUCCEEDED 54.3s / 3 CANCELED 166.6s | 총 288.2 s
  출발 대비 최종 map: Δ(0.843, -2.327) m = 2.475 m, Δyaw 165.4° | 마지막 목표 대비 2.475 m
  map→odom 누적 보정(SLAM 이 본 오도메트리 드리프트): Δ(0.036, 0.163) m, Δyaw -8.39°
  누적 회전: 휠 -149.6° vs EKF -186.7° (차 37.2° = 미끄러짐·스크럽 흔적) | stuck 진단 7 회
  물리 복귀 오차는 줄자로: 출발 테이프 기준 앞·뒤·좌우 편차(마지막 목표 yaw 180° 면 **뒤끝**이 테이프 선에 와야 함)
=== 끝 14:35:27 bag 38481944 B ===
