########## F0 게이트 15:46:27 ##########
  A·B 통과 (average rate: 24.999)
  J 통과 (깊이 15.1 Hz)
  C 통과
  출발 자세: 라이다 점 ↔ 차체 외곽 최소 0.389 m @ 차체 (-0.59, +0.36)
  0.389
  G2 통과 (0.389 m)
  P 통과 (정지 부하 39 %)
########## F0 주행 15:47:26 — 목표 -1.6,-5.5,p;-1.65,-3.7,p;-1.6,-2.1,p;5.5,-2.2,p;0,0,p ##########
출발 map (1.508, -5.442, -37.4°) | 목표 5 개(지도 절대 기준, a = 직선 자동, p = 경로 끝 자동): [(-1.6, -5.5, 'p'), (-1.65, -3.7, 'p'), (-1.6, -2.1, 'p'), (5.5, -2.2, 'p'), (0.0, 0.0, 'p')] → map yaw(초기) ['-179°', '92°', '88°', '-1°', '158°']
  경로 자동 yaw: 경로 129 점, 끝 0.311 m 구간 방향 166.1° (직선 방향 -178.9°, 차 -14.9°)
목표 1 출발: map (-1.60, -5.50, 166°), 거리 3.11 m, 한도 119 s
  목표 1 SUCCEEDED 62.0 s | 도착 map (-1.598, -5.572, 147.3°) 목표 대비 0.072 m, -18.8°
  정지 3.0 s 뒤 다음 목표
  경로 자동 yaw: FAIL 경로 없음(상태 6) → 직선 방향 사용
목표 2 출발: map (-1.65, -3.70, 92°), 거리 1.80 m, 한도 81 s
  목표 2 CANCELED 59.5 s | 도착 map (-0.920, -5.275, 36.9°) 목표 대비 1.736 m, -54.7°

결과: 1 SUCCEEDED 62.0s / 2 CANCELED 59.5s | 총 129.6 s
  출발 대비 최종 map: Δ(-2.428, 0.167) m = 2.434 m, Δyaw 74.4° | 마지막 목표 대비 5.354 m
  map→odom 누적 보정(SLAM 이 본 오도메트리 드리프트): Δ(-0.485, -0.193) m, Δyaw 1.47°
  누적 회전: 휠 132.8° vs EKF 72.9° (차 60.0° = 미끄러짐·스크럽 흔적) | stuck 진단 5 회
  물리 복귀 오차는 줄자로: 출발 테이프 기준 앞·뒤·좌우 편차(마지막 목표 yaw 180° 면 **뒤끝**이 테이프 선에 와야 함)
=== 끝 15:49:53 bag 14237654 B ===
