########## F0 게이트 14:00:31 ##########
  A·B 통과 (average rate: 24.997)
  J 통과 (깊이 15.1 Hz)
  C 통과
  출발 자세: 라이다 점 ↔ 차체 외곽 최소 0.399 m @ 차체 (-0.18, -0.56)
  0.399
  G2 통과 (0.399 m)
  P 통과 (정지 부하 37 %)
########## F0 주행 14:01:29 — 목표 2.25,-1.6,p;-1.6,-2.0,p;1.6,-5.55,p;5.5,-2.2,p;0,0,p ##########
출발 map (-0.005, -0.007, -0.1°) | 목표 5 개(출발 기준, a = 직선 자동, p = 경로 끝 자동): [(2.25, -1.6, 'p'), (-1.6, -2.0, 'p'), (1.6, -5.55, 'p'), (5.5, -2.2, 'p'), (0.0, 0.0, 'p')] → map yaw(초기) ['-35°', '-174°', '-48°', '41°', '158°']
  경로 자동 yaw: 경로 148 점, 끝 0.304 m 구간 방향 -45.5° (직선 방향 -35.5°, 차 -10.0°)
목표 1 출발: map (2.24, -1.61, -45°), 거리 2.76 m, 한도 109 s
  목표 1 SUCCEEDED 55.6 s | 도착 map (2.344, -1.525, -63.7°) 목표 대비 0.132 m, -18.2°
  정지 3.0 s 뒤 다음 목표
  경로 자동 yaw: 경로 164 점, 끝 0.324 m 구간 방향 -172.4° (직선 방향 -174.1°, 차 1.7°)
목표 2 출발: map (-1.61, -2.01, -172°), 거리 3.87 m, 한도 141 s
  목표 2 CANCELED 12.9 s | 도착 map (1.822, -1.877, -165.3°) 목표 대비 3.432 m, 7.2°

결과: 1 SUCCEEDED 55.6s / 2 CANCELED 12.9s | 총 79.2 s
  출발 대비 최종 map: Δ(1.827, -1.870) m = 2.614 m, Δyaw -165.2° | 마지막 목표 대비 2.614 m
  map→odom 누적 보정(SLAM 이 본 오도메트리 드리프트): Δ(-0.010, 0.113) m, Δyaw -2.58°
  누적 회전: 휠 -157.1° vs EKF -162.6° (차 5.5° = 미끄러짐·스크럽 흔적) | stuck 진단 1 회
  물리 복귀 오차는 줄자로: 출발 테이프 기준 앞·뒤·좌우 편차(마지막 목표 yaw 180° 면 **뒤끝**이 테이프 선에 와야 함)
=== 끝 14:03:03 bag 9257248 B ===
