########## F0 게이트 15:04:05 ##########
  A·B 통과 (average rate: 25.004)
  J 통과 (깊이 15.1 Hz)
  C 통과
  출발 자세: 라이다 점 ↔ 차체 외곽 최소 0.310 m @ 차체 (+0.36, +0.46)
  0.308
  G2 통과 (0.308 m)
  P 통과 (정지 부하 37 %)
########## F0 주행 15:05:04 — 목표 1.6,-5.55,p;5.5,-2.2,p;0,0,p ##########
출발 map (1.845, 0.487, 67.1°) | 목표 3 개(지도 절대 기준, a = 직선 자동, p = 경로 끝 자동): [(1.6, -5.55, 'p'), (5.5, -2.2, 'p'), (0.0, 0.0, 'p')] → map yaw(초기) ['-92°', '41°', '158°']
  경로 자동 yaw: 경로 278 점, 끝 0.307 m 구간 방향 -22.6° (직선 방향 -92.3°, 차 69.7°)
목표 1 출발: map (1.60, -5.55, -23°), 거리 6.04 m, 한도 203 s
  ★ 목표 1 한도 초과 — 취소
  목표 1 CANCELED 202.6 s | 도착 map (0.081, -2.204, -26.3°) 목표 대비 3.675 m, -3.7°

결과: 1 CANCELED 202.6s | 총 204.9 s
  출발 대비 최종 map: Δ(-1.765, -2.691) m = 3.218 m, Δyaw -93.4° | 마지막 목표 대비 2.205 m
  map→odom 누적 보정(SLAM 이 본 오도메트리 드리프트): Δ(0.192, 0.557) m, Δyaw -5.21°
  누적 회전: 휠 -25.0° vs EKF -88.3° (차 63.4° = 미끄러짐·스크럽 흔적) | stuck 진단 5 회
  물리 복귀 오차는 줄자로: 출발 테이프 기준 앞·뒤·좌우 편차(마지막 목표 yaw 180° 면 **뒤끝**이 테이프 선에 와야 함)
=== 끝 15:08:51 bag 28519524 B ===
