########## F0 게이트 14:17:09 ##########
  A·B 통과 (average rate: 24.997)
  J 통과 (깊이 15.1 Hz)
  C 통과
  출발 자세: 라이다 점 ↔ 차체 외곽 최소 0.399 m @ 차체 (-0.16, -0.56)
  0.399
  G2 통과 (0.399 m)
  P 통과 (정지 부하 37 %)
########## F0 주행 14:18:08 — 목표 2.25,-1.6,p;-1.6,-2.0,p;1.6,-5.55,p;5.5,-2.2,p;0,0,p ##########
출발 map (-0.002, -0.009, -0.7°) | 목표 5 개(출발 기준, a = 직선 자동, p = 경로 끝 자동): [(2.25, -1.6, 'p'), (-1.6, -2.0, 'p'), (1.6, -5.55, 'p'), (5.5, -2.2, 'p'), (0.0, 0.0, 'p')] → map yaw(초기) ['-36°', '-175°', '-49°', '40°', '157°']
  경로 자동 yaw: 경로 154 점, 끝 0.302 m 구간 방향 -87.6° (직선 방향 -36.2°, 차 -51.5°)
목표 1 출발: map (2.23, -1.64, -88°), 거리 2.76 m, 한도 109 s
  목표 1 SUCCEEDED 53.9 s | 도착 map (2.285, -1.501, -100.7°) 목표 대비 0.148 m, -13.0°
  정지 3.0 s 뒤 다음 목표
  경로 자동 yaw: 경로 158 점, 끝 0.319 m 구간 방향 -173.4° (직선 방향 -174.8°, 차 1.4°)
목표 2 출발: map (-1.63, -1.99, -173°), 거리 3.87 m, 한도 141 s
  목표 2 CANCELED 34.3 s | 도착 map (0.463, -1.999, -171.2°) 목표 대비 2.091 m, 2.2°

결과: 1 SUCCEEDED 53.9s / 2 CANCELED 34.3s | 총 96.4 s
  출발 대비 최종 map: Δ(0.466, -1.990) m = 2.044 m, Δyaw -170.5° | 마지막 목표 대비 2.044 m
  map→odom 누적 보정(SLAM 이 본 오도메트리 드리프트): Δ(0.014, 0.181) m, Δyaw -3.52°
  누적 회전: 휠 -159.5° vs EKF -167.0° (차 7.4° = 미끄러짐·스크럽 흔적) | stuck 진단 2 회
  물리 복귀 오차는 줄자로: 출발 테이프 기준 앞·뒤·좌우 편차(마지막 목표 yaw 180° 면 **뒤끝**이 테이프 선에 와야 함)
=== 끝 14:20:00 bag 11738916 B ===
