########## 게이트 ##########
  프로세스 14/14 단일, 보드 average rate: 24.999
  게이트 J: nvblox_node 1, 깊이 15.1 Hz, ESDF 9.5 Hz (모드 N)
  SLAM: map->odom 77 개/5 s, 최대 간격 0.08 s, 최대 stamp 지연 0.04 s
  출발 자세: - Translation: [0.000, 0.000, 0.000] - Rotation: in RPY (radian) [0.000, -0.000, 0.001] 
  상자: 전면 x=1.155  중심 y=-0.099  (143점)  → x 구간 [1.15, 1.26], y 구간 [-0.19, -0.01]
     [-0.62, -0.19]         0.43 m   통과         통과          0 deg (패딩無 12 deg)
     [-0.00, +0.65]         0.65 m   통과         통과         26 deg (패딩無 90 deg)
     → 전방 2.2m 최소폭:  기준1 0.40 m (@1.30)   기준2(RPP) 0.20 m (@1.50)   기준3(오류) 0.00 m (@0.80)
  상자 기준선 대비 dx +0.00 dy +0.00 (허용 ±0.06) → OK
  EKF 위반 42회 | slam 폐기 37회 | load 6.15 6.32 6.46

########## 주행 D=2.0 ##########
=== 주행 (bag 1개, nav2.log 204 줄부터) ===
  3.0 +0.167 +0.029 |  0.641    0.223 +0.272 |    99   100     96 | +0.081 +0.049
  4.0 +0.240 +0.051 |  0.570    0.219 +0.268 |    99   100     33 | +0.081 +0.033
  5.0 +0.315 +0.067 |  0.499    0.219 +0.268 |    99   100      0 | +0.081 +0.016
  6.0 +0.389 +0.095 |  0.437    0.236 +0.285 |    99   100      0 | +0.081 +0.026
  7.0 +0.464 +0.124 |  0.383    0.225 +0.271 |    99    99      0 | +0.081 -0.019
  8.0 +0.534 +0.161 |  0.340    0.248 +0.295 |    99    99      0 | +0.080 -0.040
  9.0 +0.603 +0.182 |  0.297    0.253 +0.305 |    99    99      0 | +0.080 +0.082
 10.0 +0.665 +0.196 |  0.280    0.259 +0.310 |   100    99      0 | +0.080 +0.187
 11.0 +0.731 +0.212 |  0.283    0.244 +0.291 |   100    99      0 | +0.080 +0.023
 12.0 +0.809 +0.250 |  0.295    0.246 +0.302 |    99    99      0 | +0.080 -0.021
 13.0 +0.872 +0.280 |  0.293    0.262 +0.308 |    99    99      0 | +0.081 -0.164
 14.0 +0.939 +0.305 |  0.291    0.260 +0.302 |    99    99      0 | +0.080 -0.064
 15.0 +1.010 +0.324 |  0.290    0.260 +0.301 |    99    99      0 | +0.082 -0.060
 16.0 +1.073 +0.334 |  0.293    0.269 +0.310 |    99    99      0 | +0.081 -0.137
 17.0 +1.151 +0.328 |  0.288    0.305 +0.357 |    99    99      0 | +0.080 +0.084
 18.0 +1.223 +0.329 |  0.284    0.308 +0.351 |    99    99      0 | +0.082 +0.055
 19.0 +1.270 +0.344 |  0.295    0.318 +0.351 |   100    99      0 | +0.079 -0.121
 20.0 +1.354 +0.343 |  0.314    0.329 +0.351 |    99    99      0 | +0.080 -0.155
 21.0 +1.421 +0.336 |  0.330    0.353 +0.338 |    99    99      0 | +0.080 -0.104
 22.0 +1.476 +0.321 |  0.337    0.353 +0.338 |    99    99      0 | +0.079 -0.137
 23.0 +1.554 +0.301 |  0.349    0.377 +0.338 |    99    99      0 | +0.080 -0.079
 24.0 +1.607 +0.279 |  0.360    0.397 +0.288 |    99    99      0 | +0.080 -0.072
 25.0 +1.673 +0.242 |  0.367    0.432 +0.288 |    99    99      0 | +0.080 -0.083
 26.0 +1.737 +0.210 |  0.389    0.438 +0.238 |    99    99      0 | +0.080 -0.158
 27.0 +1.785 +0.191 |  0.431    0.451 +0.188 |    99    99      0 | +0.080 -0.302
 28.0 +1.800 +0.180 |  0.445    0.495 +0.188 |    99    99      0 | +0.080 -0.057
 29.0 +1.847 +0.106 |  0.430    0.518 +0.138 |   100    99      0 | +0.080 +0.370
 30.0 +1.873 +0.074 |  0.413    0.500 +0.088 |   100    99      0 | +0.080 +0.380
 31.0 +1.922 +0.057 |  0.445    0.548 +0.088 |   100    99      0 | +0.075 +0.380
 32.0 +1.950 +0.058 |  0.479    0.583 +0.037 |   100    99      0 | +0.046 +0.308
  상자 재고정: 채택 2 회 (마지막 t=1.1 s, yaw -0.0°) | yaw 초과 건너뜀 47, 미검출 4, 점프 무시 17 → /tmp/n61b_refix.csv

결과 SUCCEEDED  소요 32.1s  주행 2.26m  샘플 322
  ① 실제 최근접(차체↔상자 기하): 27.9 cm @ t=9.9s 전진 0.66 횡 +0.193   ← 0 이면 접촉
  ② 계획의 최소 여유: 12.0 cm (최근접 시점 25.9 cm)   ← 음수면 계획 자체가 접촉 경로
  ③ 상자 자리 비용 — 로컬 최소/최근접시 99/100, 전역 최소/최근접시 99/99  ← 0 이면 기억 소실
  ④ 경로 좌우 전환 0회 (최초 선택 좌), 계획이 접촉 경로였던 샘플 0/322 (0%)
  깊이점: 최대 171, 최소 0
  ⑥ 상자 미관측 최대 31.0초 — 이 구간의 ①·⑤ 는 마지막 관측의 외삽이다
  조향(주행구간 1.97m, 목표부근 54샘플 제외): 직진 중 |ω| 평균 0.082 최대 0.215 rad/s, 부호반전 9회 = 4.58회/m
  메타: run_meta 28 줄, params 496 줄 (0 노드 응답 없음)

=== nav2.log 신규분 ===
  신규 80 줄
  detected collision   0건
  clear except         0건
  clear entirely       0건
  backup failed        0건
  Goal succeeded       1건
  aborted              0건
  bag: 40M
  EKF 위반 46회 | slam 폐기 38회 | load 7.33 6.72 6.60
