########## 게이트 ##########
  프로세스 14/14 단일, 보드 average rate: 25.010
  SLAM: map->odom 91 개/5 s, 최대 간격 0.07 s, 최대 stamp 지연 0.65 s
  출발 자세: - Translation: [0.000, 0.000, 0.000] - Rotation: in RPY (radian) [0.000, -0.000, 0.003] 
  상자: 전면 x=1.154  중심 y=-0.088  (139점)  → x 구간 [1.15, 1.26], y 구간 [-0.18, +0.00]
     [-0.63, -0.21]         0.43 m   통과         불가          0 deg (패딩無 11 deg)
     [+0.02, +0.66]         0.64 m   통과         통과         24 deg (패딩無 90 deg)
     → 전방 2.2m 최소폭:  기준1 0.40 m (@1.20)   기준2(RPP) 0.25 m (@0.90)   기준3(오류) 0.00 m (@0.70)
  상자 기준선 대비 dx +0.00 dy +0.00 (허용 ±0.06) → OK
  EKF 위반 34회 | slam 폐기 38회 | load 7.30 5.35 5.32

########## 주행 D=2.0 ##########
=== 주행 (bag 1개, nav2.log 200 줄부터) ===
  3.0 +0.163 +0.029 |  0.648    0.238 +0.306 |   100    99    116 | +0.081 +0.070
  4.0 +0.235 +0.052 |  0.577    0.239 +0.307 |   100    99     47 | +0.081 +0.036
  5.0 +0.305 +0.077 |  0.513    0.242 +0.309 |   100   100      0 | +0.081 +0.020
  6.0 +0.381 +0.107 |  0.450    0.240 +0.300 |   100   100      0 | +0.081 +0.010
  7.0 +0.456 +0.138 |  0.395    0.239 +0.300 |   100   100      0 | +0.080 -0.024
  8.0 +0.529 +0.167 |  0.348    0.233 +0.295 |   100   100      0 | +0.081 -0.037
  9.0 +0.602 +0.200 |  0.303    0.238 +0.298 |    99   100      0 | +0.080 -0.098
 10.0 +0.664 +0.220 |  0.280    0.234 +0.295 |   100   100      0 | +0.080 +0.091
 11.0 +0.714 +0.231 |  0.293    0.238 +0.298 |   100   100      0 | +0.080 +0.032
 12.0 +0.806 +0.260 |  0.292    0.241 +0.304 |    99   100      0 | +0.080 +0.091
 13.0 +0.868 +0.289 |  0.291    0.259 +0.317 |    99   100      0 | +0.073 -0.124
 14.0 +0.936 +0.305 |  0.279    0.247 +0.305 |    99   100      0 | +0.081 -0.002
 15.0 +1.006 +0.323 |  0.277    0.258 +0.314 |    99    99      0 | +0.083 -0.076
 16.0 +1.069 +0.336 |  0.281    0.287 +0.349 |    99    99      0 | +0.080 -0.076
 17.0 +1.141 +0.341 |  0.285    0.280 +0.342 |    99   100      0 | +0.080 -0.072
 18.0 +1.198 +0.341 |  0.286    0.282 +0.342 |   100   100      0 | +0.081 -0.016
 19.0 +1.269 +0.341 |  0.286    0.285 +0.341 |   100   100      0 | +0.081 +0.049
 20.0 +1.356 +0.343 |  0.287    0.307 +0.341 |   100   100      0 | +0.081 -0.073
 21.0 +1.429 +0.350 |  0.313    0.373 +0.373 |    99   100      0 | +0.079 -0.252
 22.0 +1.449 +0.347 |  0.322    0.373 +0.373 |    99   100      0 | +0.078 -0.211
 23.0 +1.545 +0.318 |  0.344    0.354 +0.323 |    99    99      0 | +0.080 -0.186
 24.0 +1.581 +0.297 |  0.359    0.373 +0.309 |   100    99      0 | +0.080 -0.132
 25.0 +1.625 +0.269 |  0.352    0.405 +0.309 |   100    99      0 | +0.080 +0.071
 26.0 +1.691 +0.241 |  0.361    0.407 +0.259 |   100    99      0 | +0.080 -0.024
 27.0 +1.763 +0.212 |  0.401    0.459 +0.209 |   100    99      0 | +0.080 -0.290
 28.0 +1.805 +0.183 |  0.441    0.503 +0.209 |   100    99      0 | +0.080 -0.103
 29.0 +1.845 +0.141 |  0.449    0.526 +0.158 |   100    99      0 | +0.080 +0.145
 30.0 +1.885 +0.111 |  0.435    0.508 +0.108 |   100    99      0 | +0.081 +0.380
 31.0 +1.904 +0.072 |  0.423    0.542 +0.058 |   100    99      0 | +0.080 +0.380
 32.0 +1.943 +0.061 |  0.466    0.591 +0.058 |   100    99      0 | +0.051 +0.298
  상자 재고정: 채택 2 회 (마지막 t=1.1 s, yaw +0.0°) | yaw 초과 건너뜀 46, 미검출 5, 점프 무시 21 → /tmp/n4n3_refix.csv

결과 SUCCEEDED  소요 32.2s  주행 2.24m  샘플 323
  ① 실제 최근접(차체↔상자 기하): 27.6 cm @ t=9.8s 전진 0.66 횡 +0.214   ← 0 이면 접촉
  ② 계획의 최소 여유: 13.6 cm (최근접 시점 23.4 cm)   ← 음수면 계획 자체가 접촉 경로
  ③ 상자 자리 비용 — 로컬 최소/최근접시 99/100, 전역 최소/최근접시 99/100  ← 0 이면 기억 소실
  ④ 경로 좌우 전환 0회 (최초 선택 좌), 계획이 접촉 경로였던 샘플 0/323 (0%)
  깊이점: 최대 173, 최소 0
  ⑥ 상자 미관측 최대 31.1초 — 이 구간의 ①·⑤ 는 마지막 관측의 외삽이다
  조향(주행구간 1.98m, 목표부근 49샘플 제외): 직진 중 |ω| 평균 0.092 최대 0.299 rad/s, 부호반전 7회 = 3.54회/m
  메타: run_meta 25 줄, params 546 줄 (0 노드 응답 없음)

=== nav2.log 신규분 ===
  신규 81 줄
  detected collision   0건
  clear except         0건
  clear entirely       0건
  backup failed        0건
  Goal succeeded       1건
  aborted              0건
  bag: 44M
  EKF 위반 37회 | slam 폐기 42회 | load 5.15 5.08 5.23
