########## 게이트 ##########
  프로세스 14/14 단일, 보드 average rate: 25.090
  게이트 J: nvblox_node 1, 깊이 15.2 Hz, ESDF 9.6 Hz (모드 N)
  SLAM: map->odom 96 개/5 s, 최대 간격 0.06 s, 최대 stamp 지연 -0.02 s
  출발 자세: 
  상자: 전면 x=1.144  중심 y=-0.097  (141점)  → x 구간 [1.14, 1.25], y 구간 [-0.19, -0.01]
     [-0.63, -0.18]         0.45 m   통과         통과          1 deg (패딩無 15 deg)
     [-0.00, +0.65]         0.65 m   통과         통과         26 deg (패딩無 90 deg)
     → 전방 2.2m 최소폭:  기준1 0.35 m (@0.80)   기준2(RPP) 0.20 m (@0.90)   기준3(오류) 0.00 m (@0.40)
  상자 기준선 대비 dx +0.00 dy +0.00 (허용 ±0.06) → OK
  EKF 위반 47회 | slam 폐기 39회 | load 5.22 5.01 5.56

########## 주행 D=2.0 ##########
=== 주행 (bag 1개, nav2.log 205 줄부터) ===
  2.0 +0.089 +0.014 |  0.735    0.222 +0.300 |   100   100    118 | +0.081 +0.090
  3.0 +0.148 +0.033 |  0.671    0.221 +0.300 |   100   100    147 | +0.081 +0.033
  4.0 +0.223 +0.057 |  0.596    0.210 +0.290 |   100   100     81 | +0.081 +0.012
  5.0 +0.300 +0.083 |  0.524    0.214 +0.295 |   100   100      0 | +0.081 +0.016
  6.0 +0.373 +0.111 |  0.461    0.235 +0.318 |   100   100      0 | +0.081 +0.053
  7.1 +0.454 +0.144 |  0.399    0.229 +0.314 |   100   100      0 | +0.080 -0.004
  8.0 +0.531 +0.171 |  0.347    0.235 +0.316 |   100   100      0 | +0.081 +0.022
  9.0 +0.596 +0.202 |  0.320    0.247 +0.334 |   100   100      0 | +0.080 -0.125
 10.0 +0.669 +0.224 |  0.278    0.224 +0.307 |   100   100      0 | +0.080 -0.133
 11.0 +0.732 +0.240 |  0.264    0.221 +0.305 |   100   100      0 | +0.080 +0.089
 12.0 +0.795 +0.259 |  0.273    0.234 +0.321 |   100   100      0 | +0.081 +0.149
 13.0 +0.866 +0.285 |  0.277    0.216 +0.298 |   100   100      0 | +0.077 -0.161
 14.0 +0.917 +0.303 |  0.265    0.238 +0.316 |    99   100      0 | +0.080 -0.174
 15.0 +0.985 +0.324 |  0.264    0.237 +0.314 |   100   100      0 | +0.081 -0.051
 16.0 +1.050 +0.323 |  0.253    0.258 +0.336 |   100   100      0 | +0.081 +0.070
 17.0 +1.125 +0.331 |  0.254    0.258 +0.336 |   100   100      0 | +0.081 -0.009
 18.0 +1.204 +0.337 |  0.256    0.264 +0.346 |   100   100      0 | +0.080 +0.022
 19.0 +1.280 +0.332 |  0.251    0.275 +0.346 |   100   100      0 | +0.079 -0.065
 20.0 +1.353 +0.342 |  0.277    0.285 +0.346 |    99   100      0 | +0.080 -0.107
 21.0 +1.412 +0.324 |  0.278    0.285 +0.346 |   100   100      0 | +0.079 -0.061
 22.0 +1.457 +0.315 |  0.280    0.312 +0.337 |   100   100      0 | +0.079 -0.117
 23.0 +1.457 +0.315 |  0.280    0.295 +0.287 |   100   100      0 | +0.080 -0.049
 24.0 +1.602 +0.269 |  0.305    0.325 +0.287 |   100   100      0 | +0.080 -0.028
 25.0 +1.668 +0.243 |  0.323    0.394 +0.287 |   100   100      0 | +0.080 -0.098
 26.0 +1.738 +0.204 |  0.348    0.402 +0.237 |   100   100      0 | +0.080 -0.187
 27.0 +1.786 +0.185 |  0.393    0.418 +0.187 |   100   100      0 | +0.079 -0.320
 28.0 +1.828 +0.149 |  0.427    0.462 +0.187 |   100   100      0 | +0.080 -0.111
 29.0 +1.864 +0.106 |  0.422    0.488 +0.137 |   100   100      0 | +0.080 +0.380
 30.0 +1.898 +0.082 |  0.415    0.521 +0.087 |   100   100      0 | +0.081 +0.380
 31.0 +1.917 +0.056 |  0.418    0.521 +0.087 |   100   100      0 | +0.079 +0.380
  상자 재고정: 채택 2 회 (마지막 t=1.0 s, yaw +1.0°) | yaw 초과 건너뜀 47, 미검출 2, 점프 무시 19 → /tmp/n61c_refix.csv

결과 SUCCEEDED  소요 31.9s  주행 2.18m  샘플 320
  ① 실제 최근접(차체↔상자 기하): 24.4 cm @ t=18.4s 전진 1.24 횡 +0.329   ← 0 이면 접촉
  ② 계획의 최소 여유: 16.0 cm (최근접 시점 26.4 cm)   ← 음수면 계획 자체가 접촉 경로
  ③ 상자 자리 비용 — 로컬 최소/최근접시 99/100, 전역 최소/최근접시 100/100  ← 0 이면 기억 소실
  ④ 경로 좌우 전환 0회 (최초 선택 좌), 계획이 접촉 경로였던 샘플 0/320 (0%)
  깊이점: 최대 179, 최소 0
  ⑥ 상자 미관측 최대 30.9초 — 이 구간의 ①·⑤ 는 마지막 관측의 외삽이다
  조향(주행구간 1.91m, 목표부근 53샘플 제외): 직진 중 |ω| 평균 0.087 최대 0.340 rad/s, 부호반전 12회 = 6.29회/m
  메타: run_meta 28 줄, params 496 줄 (0 노드 응답 없음)

=== nav2.log 신규분 ===
  신규 78 줄
  detected collision   0건
  clear except         0건
  clear entirely       0건
  backup failed        0건
  Goal succeeded       1건
  aborted              0건
  bag: 41M
  EKF 위반 51회 | slam 폐기 43회 | load 9.65 6.22 5.94
