########## 게이트 ##########
  프로세스 14/14 단일, 보드 average rate: 25.002
  SLAM: map->odom 81 개/5 s, 최대 간격 0.13 s, 최대 stamp 지연 0.08 s
  출발 자세: - Translation: [0.000, 0.000, 0.000] - Rotation: in RPY (radian) [0.000, -0.000, 0.007] 
  상자: 전면 x=1.155  중심 y=-0.107  (143점)  → x 구간 [1.16, 1.27], y 구간 [-0.20, -0.02]
     [-0.65, -0.19]         0.46 m   통과         통과          2 deg (패딩無 16 deg)
     [-0.00, +0.65]         0.65 m   통과         통과         25 deg (패딩無 90 deg)
     → 전방 2.2m 최소폭:  기준1 0.10 m (@1.20)   기준2(RPP) 0.00 m (@0.80)   기준3(오류) 0.00 m (@0.30)
  상자 기준선 대비 dx +0.00 dy -0.01 (허용 ±0.06) → OK
  EKF 위반 41회 | slam 폐기 40회 | load 9.87 6.39 4.77

########## 주행 D=2.0 ##########
=== 주행 (bag 1개, nav2.log 198 줄부터) ===
  2.0 +0.087 +0.014 |  0.789    0.136 +0.310 |   100   100    184 | +0.081 +0.086
  3.0 +0.166 +0.031 |  0.702    0.118 +0.293 |   100   100    278 | +0.081 +0.043
  4.0 +0.230 +0.053 |  0.633    0.110 +0.286 |   100   100    277 | +0.081 +0.019
  5.0 +0.306 +0.079 |  0.555    0.086 +0.262 |   100   100    235 | +0.081 -0.003
  6.0 +0.381 +0.106 |  0.480    0.105 +0.278 |   100   100     32 | +0.081 +0.024
  7.0 +0.454 +0.134 |  0.410    0.107 +0.280 |   100   100      0 | +0.081 +0.012
  8.0 +0.528 +0.163 |  0.344    0.105 +0.279 |   100   100      0 | +0.080 -0.077
  9.0 +0.603 +0.194 |  0.281    0.107 +0.280 |   100   100      0 | +0.080 -0.023
 10.0 +0.665 +0.215 |  0.234    0.110 +0.283 |   100   100      0 | +0.080 +0.103
 11.0 +0.731 +0.228 |  0.202    0.115 +0.288 |   100   100      0 | +0.080 +0.020
 12.0 +0.750 +0.241 |  0.203    0.112 +0.286 |   100   100      0 | +0.078 -0.068
 13.0 +0.873 +0.274 |  0.171    0.107 +0.280 |   100   100      0 | +0.082 -0.181
 14.0 +0.898 +0.288 |  0.171    0.116 +0.294 |   100   100      0 | +0.082 +0.016
 15.0 +1.008 +0.288 |  0.134    0.115 +0.287 |   100   100      0 | +0.081 +0.012
 16.0 +1.086 +0.298 |  0.134    0.139 +0.315 |   100   100      0 | +0.080 +0.035
 17.0 +1.153 +0.308 |  0.137    0.114 +0.290 |   100   100      0 | +0.079 -0.156
 18.0 +1.223 +0.303 |  0.130    0.114 +0.290 |   100   100      0 | +0.081 -0.003
 19.0 +1.292 +0.308 |  0.130    0.116 +0.289 |   100   100      0 | +0.081 +0.006
 20.0 +1.366 +0.311 |  0.136    0.139 +0.288 |   100   100      0 | +0.079 -0.068
 21.0 +1.443 +0.308 |  0.150    0.160 +0.288 |   100   100      0 | +0.080 -0.219
 22.0 +1.497 +0.300 |  0.168    0.160 +0.288 |   100   100      0 | +0.080 -0.182
 23.0 +1.539 +0.277 |  0.174    0.188 +0.287 |   100   100      0 | +0.080 -0.029
 24.0 +1.607 +0.253 |  0.176    0.225 +0.295 |   100   100      0 | +0.080 -0.051
 25.0 +1.684 +0.228 |  0.203    0.269 +0.244 |   100   100      0 | +0.080 -0.061
 26.0 +1.745 +0.202 |  0.241    0.312 +0.243 |   100   100      0 | +0.080 -0.187
 27.0 +1.819 +0.187 |  0.317    0.382 +0.193 |   100   100      0 | +0.080 -0.347
 28.0 +1.848 +0.155 |  0.351    0.429 +0.192 |   100   100      0 | +0.080 -0.116
 29.0 +1.880 +0.107 |  0.344    0.464 +0.142 |   100   100      0 | +0.080 +0.379
 30.0 +1.905 +0.075 |  0.347    0.455 +0.092 |   100   100      0 | +0.082 +0.380
 31.0 +1.926 +0.061 |  0.375    0.504 +0.091 |   100   100      0 | +0.063 +0.377
  상자 재고정: 채택 1 회 (마지막 t=0.5 s, yaw +2.1°) | yaw 초과 건너뜀 48, 미검출 2, 점프 무시 28 → /tmp/n4n2_refix.csv

결과 SUCCEEDED  소요 31.4s  주행 2.16m  샘플 315
  ① 실제 최근접(차체↔상자 기하): 12.8 cm @ t=18.8s 전진 1.29 횡 +0.306   ← 0 이면 접촉
  ② 계획의 최소 여유: 8.6 cm (최근접 시점 11.4 cm)   ← 음수면 계획 자체가 접촉 경로
  ③ 상자 자리 비용 — 로컬 최소/최근접시 100/100, 전역 최소/최근접시 100/100  ← 0 이면 기억 소실
  ④ 경로 좌우 전환 0회 (최초 선택 좌), 계획이 접촉 경로였던 샘플 0/315 (0%)
  깊이점: 최대 314, 최소 0
  ⑥ 상자 미관측 최대 30.9초 — 이 구간의 ①·⑤ 는 마지막 관측의 외삽이다
  조향(주행구간 1.90m, 목표부근 53샘플 제외): 직진 중 |ω| 평균 0.080 최대 0.251 rad/s, 부호반전 10회 = 5.27회/m
  메타: run_meta 25 줄, params 546 줄 (0 노드 응답 없음)

=== nav2.log 신규분 ===
  신규 79 줄
  detected collision   0건
  clear except         0건
  clear entirely       0건
  backup failed        0건
  Goal succeeded       1건
  aborted              0건
  bag: 42M
  EKF 위반 46회 | slam 폐기 43회 | load 11.79 7.36 5.19
