########## 게이트 ##########
  프로세스 14/14 단일, 보드 average rate: 25.006
  SLAM: map->odom 100 개/5 s, 최대 간격 0.05 s, 최대 stamp 지연 0.44 s
  출발 자세: - Translation: [0.000, 0.000, 0.000] - Rotation: in RPY (radian) [0.000, -0.000, 0.005] 
  상자: 전면 x=1.151  중심 y=-0.097  (139점)  → x 구간 [1.15, 1.26], y 구간 [-0.19, -0.01]
     [-0.61, -0.18]         0.43 m   통과         불가          0 deg (패딩無 11 deg)
     [-0.00, +0.65]         0.65 m   통과         통과         26 deg (패딩無 90 deg)
  상자 기준선 대비 dx +0.00 dy -0.01 (허용 ±0.06) → OK
  EKF 위반 44회 | slam 폐기 36회 | load 11.07 7.41 5.99

########## 주행 D=2.0 ##########
=== 주행 (bag 1개, nav2.log 196 줄부터) ===
  2.0 +0.094 +0.003 |  0.776    0.116 +0.299 |   100    99    215 | +0.082 +0.115
  3.0 +0.159 +0.021 |  0.702    0.115 +0.298 |   100   100    278 | +0.081 +0.052
  4.0 +0.234 +0.045 |  0.623    0.091 +0.275 |   100   100    304 | +0.081 +0.013
  5.0 +0.308 +0.071 |  0.546    0.092 +0.277 |   100   100    173 | +0.081 +0.013
  6.0 +0.382 +0.099 |  0.470    0.093 +0.278 |   100   100      0 | +0.081 +0.018
  7.0 +0.402 +0.107 |  0.451    0.093 +0.278 |   100   100      0 | +0.080 -0.022
  8.0 +0.402 +0.107 |  0.451    0.103 +0.286 |   100   100      0 | +0.082 -0.002
  9.0 +0.601 +0.185 |  0.272    0.102 +0.286 |   100   100      0 | +0.080 -0.114
 10.0 +0.666 +0.203 |  0.217    0.106 +0.290 |   100   100      0 | +0.080 -0.026
 11.0 +0.739 +0.223 |  0.165    0.104 +0.288 |   100   100      0 | +0.080 +0.110
 12.0 +0.796 +0.243 |  0.165    0.111 +0.293 |   100   100      0 | +0.080 +0.051
 13.0 +0.886 +0.266 |  0.153    0.112 +0.297 |   100   100      0 | +0.081 -0.087
 14.0 +0.951 +0.283 |  0.139    0.102 +0.286 |   100   100      0 | +0.081 -0.145
 15.0 +1.003 +0.290 |  0.129    0.124 +0.312 |   100   100      0 | +0.080 +0.044
 16.0 +1.003 +0.290 |  0.129    0.111 +0.298 |   100   100      0 | +0.080 -0.097
 17.0 +1.003 +0.290 |  0.129    0.115 +0.301 |   100   100      0 | +0.081 -0.099
 18.0 +1.234 +0.293 |  0.110    0.116 +0.302 |   100   100      0 | +0.080 +0.020
 19.0 +1.307 +0.298 |  0.103    0.108 +0.291 |   100   100      0 | +0.080 +0.042
 20.0 +1.376 +0.312 |  0.118    0.180 +0.341 |   100   100      0 | +0.077 -0.227
 21.0 +1.466 +0.321 |  0.152    0.180 +0.341 |   100   100      0 | +0.078 -0.150
 22.0 +1.520 +0.315 |  0.173    0.197 +0.302 |   100   100      0 | +0.080 -0.205
 23.0 +1.563 +0.302 |  0.196    0.230 +0.301 |   100   100      0 | +0.080 -0.163
 24.0 +1.610 +0.271 |  0.195    0.262 +0.295 |   100   100      0 | +0.080 -0.099
 25.0 +1.669 +0.246 |  0.216    0.273 +0.245 |   100   100      0 | +0.080 -0.157
 26.0 +1.735 +0.218 |  0.254    0.316 +0.245 |   100   100      0 | +0.080 -0.161
 27.0 +1.782 +0.188 |  0.294    0.341 +0.194 |   100   100      0 | +0.080 -0.168
 28.0 +1.816 +0.142 |  0.318    0.388 +0.194 |   100   100      0 | +0.080 +0.014
 29.0 +1.857 +0.106 |  0.319    0.422 +0.144 |   100   100      0 | +0.080 +0.380
 30.0 +1.873 +0.076 |  0.322    0.463 +0.094 |   100   100      0 | +0.081 +0.380
 31.0 +1.913 +0.061 |  0.370    0.459 +0.044 |   100   100      0 | +0.076 +0.378
  상자 재고정: 채택 1 회 (마지막 t=0.5 s, yaw +2.8°) | yaw 초과 건너뜀 49, 미검출 2, 점프 무시 24 → /tmp/n4n1_refix.csv

결과 SUCCEEDED  소요 31.6s  주행 2.17m  샘플 317
  ① 실제 최근접(차체↔상자 기하): 10.3 cm @ t=19.0s 전진 1.31 횡 +0.298   ← 0 이면 접촉
  ② 계획의 최소 여유: 9.1 cm (최근접 시점 10.8 cm)   ← 음수면 계획 자체가 접촉 경로
  ③ 상자 자리 비용 — 로컬 최소/최근접시 100/100, 전역 최소/최근접시 99/100  ← 0 이면 기억 소실
  ④ 경로 좌우 전환 0회 (최초 선택 좌), 계획이 접촉 경로였던 샘플 0/317 (0%)
  깊이점: 최대 336, 최소 0
  ⑥ 상자 미관측 최대 31.1초 — 이 구간의 ①·⑤ 는 마지막 관측의 외삽이다
  조향(주행구간 1.90m, 목표부근 50샘플 제외): 직진 중 |ω| 평균 0.087 최대 0.332 rad/s, 부호반전 11회 = 5.78회/m
  메타: run_meta 25 줄, params 546 줄 (0 노드 응답 없음)

=== nav2.log 신규분 ===
  신규 79 줄
  detected collision   0건
  clear except         0건
  clear entirely       0건
  backup failed        0건
  Goal succeeded       1건
  aborted              0건
  bag: 42M
  EKF 위반 49회 | slam 폐기 40회 | load 9.45 7.35 6.03
