########## 게이트 ##########
  프로세스 14/14 단일, 보드 average rate: 24.999
  SLAM: map->odom 100 개/5 s, 최대 간격 0.05 s, 최대 stamp 지연 -0.07 s
  출발 자세: - Translation: [0.000, 0.000, 0.000] - Rotation: in RPY (radian) [0.000, -0.000, 0.002] 
  상자: 전면 x=1.151  중심 y=-0.098  (149점)  → x 구간 [1.15, 1.26], y 구간 [-0.19, -0.01]
     [-0.61, -0.18]         0.43 m   통과         통과          0 deg (패딩無 12 deg)
     [+0.01, +0.65]         0.64 m   통과         통과         24 deg (패딩無 90 deg)
     → 전방 2.2m 최소폭:  기준1 0.45 m (@1.20)   기준2(RPP) 0.20 m (@0.90)   기준3(오류) 0.00 m (@0.70)
  상자 기준선 대비 dx -0.00 dy -0.00 (허용 ±0.06) → OK
  EKF 위반 35회 | slam 폐기 33회 | load 9.01 7.58 6.32

########## 주행 D=2.0 ##########
=== 주행 (bag 1개, nav2.log 206 줄부터) ===
  1.0 +0.036 +0.003 |  0.846    0.135 +0.316 |   100   100    186 | +0.082 +0.171
  2.0 +0.098 +0.015 |  0.770    0.116 +0.298 |   100   100    220 | +0.082 +0.081
  3.0 +0.166 +0.032 |  0.693    0.114 +0.296 |   100   100    286 | +0.081 +0.041
  4.0 +0.240 +0.055 |  0.614    0.089 +0.272 |   100   100    306 | +0.081 +0.028
  5.0 +0.316 +0.082 |  0.536    0.089 +0.272 |   100   100    189 | +0.081 -0.003
  6.0 +0.390 +0.109 |  0.462    0.116 +0.300 |   100   100      0 | +0.081 +0.025
  7.0 +0.463 +0.139 |  0.392    0.129 +0.310 |   100   100      0 | +0.081 -0.024
  8.0 +0.542 +0.166 |  0.322    0.111 +0.293 |   100   100      0 | +0.080 -0.140
  9.0 +0.612 +0.197 |  0.264    0.110 +0.292 |   100   100      0 | +0.073 +0.040
 10.0 +0.679 +0.210 |  0.211    0.111 +0.293 |   100   100      0 | +0.082 +0.119
 11.0 +0.748 +0.225 |  0.174    0.109 +0.291 |   100   100      0 | +0.082 -0.093
 12.0 +0.821 +0.246 |  0.152    0.122 +0.302 |   100   100      0 | +0.080 +0.001
 13.0 +0.895 +0.267 |  0.147    0.123 +0.306 |   100   100      0 | +0.080 +0.056
 14.0 +0.968 +0.286 |  0.143    0.109 +0.294 |   100   100      0 | +0.080 -0.128
 15.0 +1.043 +0.307 |  0.142    0.131 +0.317 |   100   100      0 | +0.081 -0.013
 16.0 +1.132 +0.316 |  0.141    0.131 +0.317 |   100   100      0 | +0.081 -0.044
 17.0 +1.199 +0.312 |  0.133    0.132 +0.317 |   100   100      0 | +0.080 -0.033
 18.0 +1.268 +0.315 |  0.133    0.133 +0.317 |   100   100      0 | +0.080 +0.011
 19.0 +1.348 +0.318 |  0.134    0.131 +0.299 |   100   100      0 | +0.080 -0.058
 20.0 +1.417 +0.317 |  0.143    0.149 +0.299 |   100   100      0 | +0.080 -0.125
 21.0 +1.495 +0.311 |  0.162    0.149 +0.299 |   100   100      0 | +0.079 -0.172
 22.0 +1.542 +0.300 |  0.184    0.218 +0.318 |   100   100      0 | +0.080 -0.214
 23.0 +1.588 +0.281 |  0.202    0.251 +0.318 |   100   100      0 | +0.080 -0.086
 24.0 +1.657 +0.254 |  0.215    0.270 +0.292 |   100   100      0 | +0.080 -0.096
 25.0 +1.716 +0.217 |  0.239    0.327 +0.242 |   100   100      0 | +0.080 -0.155
 26.0 +1.761 +0.194 |  0.271    0.352 +0.192 |   100   100      0 | +0.080 -0.138
 27.0 +1.813 +0.163 |  0.318    0.400 +0.192 |   100   100      0 | +0.080 -0.074
 28.0 +1.854 +0.110 |  0.324    0.435 +0.142 |   100   100      0 | +0.080 +0.380
 29.0 +1.870 +0.079 |  0.321    0.476 +0.092 |   100   100      0 | +0.080 +0.380
 30.0 +1.919 +0.062 |  0.374    0.476 +0.091 |   100   100      0 | +0.076 +0.380
  상자 재고정: 채택 1 회 (마지막 t=0.5 s, yaw +3.2°) | yaw 초과 건너뜀 45, 미검출 3, 점프 무시 26 → /tmp/n4s2_refix.csv

결과 SUCCEEDED  소요 30.9s  주행 2.17m  샘플 310
  ① 실제 최근접(차체↔상자 기하): 13.3 cm @ t=18.5s 전진 1.31 횡 +0.316   ← 0 이면 접촉
  ② 계획의 최소 여유: 8.9 cm (최근접 시점 13.3 cm)   ← 음수면 계획 자체가 접촉 경로
  ③ 상자 자리 비용 — 로컬 최소/최근접시 100/100, 전역 최소/최근접시 100/100  ← 0 이면 기억 소실
  ④ 경로 좌우 전환 0회 (최초 선택 좌), 계획이 접촉 경로였던 샘플 0/310 (0%)
  깊이점: 최대 352, 최소 0
  ⑥ 상자 미관측 최대 30.4초 — 이 구간의 ①·⑤ 는 마지막 관측의 외삽이다
  조향(주행구간 1.90m, 목표부근 48샘플 제외): 직진 중 |ω| 평균 0.074 최대 0.247 rad/s, 부호반전 8회 = 4.21회/m
  메타: run_meta 25 줄, params 596 줄 (0 노드 응답 없음)

=== nav2.log 신규분 ===
  신규 77 줄
  detected collision   0건
  clear except         0건
  clear entirely       0건
  backup failed        0건
  Goal succeeded       1건
  aborted              0건
  bag: 11M
  EKF 위반 35회 | slam 폐기 34회 | load 10.15 8.18 6.61
