########## 게이트 ##########
  프로세스 14/14 단일, 보드 average rate: 25.003
  SLAM: map->odom 96 개/5 s, 최대 간격 0.10 s, 최대 stamp 지연 0.03 s
  출발 자세: - Translation: [0.000, 0.000, 0.000] - Rotation: in RPY (radian) [0.000, -0.000, 0.000] 
  상자: 전면 x=1.149  중심 y=-0.098  (156점)  → x 구간 [1.15, 1.26], y 구간 [-0.19, -0.01]
     [-0.62, -0.20]         0.43 m   통과         불가          0 deg (패딩無 12 deg)
     [+0.02, +0.64]         0.62 m   통과         통과         21 deg (패딩無 90 deg)
     [+0.76, +1.10]         0.34 m   통과         불가          0 deg (패딩無  0 deg)
  상자 기준선 대비 dx -0.00 dy -0.03 (허용 ±0.06) → OK
  EKF 위반 64회 | slam 폐기 67회 | load 10.52 6.08 4.94

########## 주행 D=2.0 ##########
=== 주행 (bag 1개, nav2.log 204 줄부터) ===
  2.0 +0.083 +0.000 |  0.790    0.127 +0.300 |   100   100    190 | +0.082 +0.090
  3.0 +0.150 +0.019 |  0.716    0.127 +0.299 |   100   100    207 | +0.081 +0.054
  4.0 +0.220 +0.041 |  0.641    0.130 +0.302 |   100   100    263 | +0.081 +0.058
  5.0 +0.293 +0.069 |  0.565    0.130 +0.303 |   100   100    140 | +0.081 +0.030
  6.0 +0.367 +0.100 |  0.492    0.129 +0.300 |   100   100      0 | +0.081 +0.007
  7.0 +0.441 +0.132 |  0.422    0.128 +0.300 |   100   100      0 | +0.081 -0.012
  8.0 +0.513 +0.171 |  0.361    0.128 +0.300 |   100   100      0 | +0.080 -0.118
  9.0 +0.567 +0.197 |  0.316    0.130 +0.302 |   100   100      0 | +0.080 -0.190
 10.0 +0.627 +0.197 |  0.262    0.145 +0.317 |   100   100      0 | +0.080 +0.216
 11.0 +0.683 +0.209 |  0.217    0.143 +0.315 |   100   100      0 | +0.081 +0.102
 12.0 +0.754 +0.232 |  0.184    0.138 +0.309 |   100   100      0 | +0.080 +0.000
 13.0 +0.829 +0.256 |  0.171    0.139 +0.311 |   100   100      0 | +0.081 -0.031
 14.0 +0.906 +0.279 |  0.169    0.123 +0.294 |   100   100      0 | +0.079 -0.069
 15.0 +0.976 +0.287 |  0.150    0.137 +0.312 |   100   100      0 | +0.080 +0.042
 16.0 +1.007 +0.293 |  0.148    0.135 +0.310 |   100   100      0 | +0.080 -0.084
 17.0 +1.007 +0.293 |  0.148    0.133 +0.306 |   100   100      0 | +0.080 +0.023
 18.0 +1.202 +0.309 |  0.135    0.150 +0.326 |   100   100      0 | +0.080 -0.032
 19.0 +1.269 +0.315 |  0.139    0.157 +0.332 |   100   100      0 | +0.080 -0.036
 20.0 +1.350 +0.318 |  0.147    0.165 +0.332 |   100   100      0 | +0.079 -0.154
 21.0 +1.415 +0.324 |  0.170    0.165 +0.332 |   100   100      0 | +0.080 -0.237
 22.0 +1.466 +0.303 |  0.168    0.213 +0.346 |   100   100      0 | +0.080 -0.071
 23.0 +1.544 +0.287 |  0.182    0.195 +0.296 |   100   100      0 | +0.081 -0.051
 24.0 +1.607 +0.266 |  0.186    0.262 +0.296 |   100   100      0 | +0.080 -0.111
 25.0 +1.669 +0.234 |  0.201    0.271 +0.246 |   100   100      0 | +0.080 -0.075
 26.0 +1.738 +0.218 |  0.249    0.309 +0.238 |   100   100      0 | +0.080 -0.178
 27.0 +1.784 +0.191 |  0.291    0.380 +0.188 |   100   100      0 | +0.080 -0.187
 28.0 +1.824 +0.144 |  0.312    0.380 +0.188 |   100   100      0 | +0.080 +0.023
 29.0 +1.856 +0.097 |  0.309    0.414 +0.138 |   100   100      0 | +0.080 +0.380
 30.0 +1.885 +0.077 |  0.329    0.453 +0.080 |   100   100      0 | +0.082 +0.380
 31.0 +1.922 +0.064 |  0.378    0.503 +0.080 |   100   100      0 | +0.070 +0.365
  상자 재고정: 채택 1 회 (마지막 t=0.5 s, yaw +1.8°) | yaw 초과 건너뜀 51, 미검출 0, 점프 무시 21 → /tmp/n4s1_refix.csv

결과 SUCCEEDED  소요 31.6s  주행 2.15m  샘플 317
  ① 실제 최근접(차체↔상자 기하): 13.3 cm @ t=17.8s 전진 1.10 횡 +0.297   ← 0 이면 접촉
  ② 계획의 최소 여유: 12.3 cm (최근접 시점 13.3 cm)   ← 음수면 계획 자체가 접촉 경로
  ③ 상자 자리 비용 — 로컬 최소/최근접시 100/100, 전역 최소/최근접시 100/100  ← 0 이면 기억 소실
  ④ 경로 좌우 전환 0회 (최초 선택 좌), 계획이 접촉 경로였던 샘플 0/317 (0%)
  깊이점: 최대 263, 최소 0
  ⑥ 상자 미관측 최대 31.1초 — 이 구간의 ①·⑤ 는 마지막 관측의 외삽이다
  조향(주행구간 1.89m, 목표부근 48샘플 제외): 직진 중 |ω| 평균 0.087 최대 0.319 rad/s, 부호반전 9회 = 4.75회/m
  메타: run_meta 25 줄, params 596 줄 (0 노드 응답 없음)

=== nav2.log 신규분 ===
  신규 81 줄
  detected collision   0건
  clear except         0건
  clear entirely       0건
  backup failed        0건
  Goal succeeded       1건
  aborted              0건
  bag: 11M
  EKF 위반 70회 | slam 폐기 68회 | load 9.87 6.57 5.17
