########## 게이트 ##########
  프로세스 14/14 단일, 보드 average rate: 24.997
  게이트 J: nvblox_node 1, 깊이 15.1 Hz, ESDF 9.5 Hz (모드 N)
  SLAM: map->odom 67 개/5 s, 최대 간격 0.05 s, 최대 stamp 지연 0.09 s
  출발 자세: - Translation: [0.000, 0.000, 0.000] - Rotation: in RPY (radian) [0.000, -0.000, 0.007] 
  상자: 전면 x=1.144  중심 y=-0.077  (146점)  → x 구간 [1.14, 1.25], y 구간 [-0.17, +0.01]
     [-0.61, -0.17]         0.44 m   통과         통과          0 deg (패딩無 13 deg)
     [+0.03, +0.67]         0.64 m   통과         통과         24 deg (패딩無 90 deg)
     → 전방 2.2m 최소폭:  기준1 0.35 m (@1.30)   기준2(RPP) 0.25 m (@0.90)   기준3(오류) 0.00 m (@0.70)
  상자 기준선 대비 dx -0.00 dy -0.01 (허용 ±0.06) → OK
  EKF 위반 113회 | slam 폐기 91회 | load 11.58 8.75 6.90

########## 주행 D=2.0 ##########
=== 주행 (bag 1개, nav2.log 190 줄부터) ===
  3.0 +0.150 +0.030 |  0.712    0.120 +0.316 |   100   100     58 | +0.081 +0.070
  4.0 +0.219 +0.052 |  0.637    0.128 +0.321 |   100   100     82 | +0.081 +0.029
  5.1 +0.300 +0.082 |  0.553    0.128 +0.323 |   100   100     95 | +0.081 +0.014
  6.0 +0.368 +0.108 |  0.485    0.120 +0.317 |   100   100     15 | +0.081 -0.007
  7.0 +0.443 +0.139 |  0.414    0.116 +0.313 |   100   100      0 | +0.081 -0.012
  8.0 +0.519 +0.168 |  0.345    0.111 +0.311 |   100   100      0 | +0.082 -0.003
  9.0 +0.594 +0.197 |  0.281    0.113 +0.312 |   100   100      0 | +0.081 -0.018
 10.0 +0.658 +0.223 |  0.235    0.116 +0.314 |   100   100      0 | +0.080 +0.014
 11.0 +0.731 +0.238 |  0.186    0.117 +0.316 |   100   100      0 | +0.080 +0.018
 12.0 +0.804 +0.264 |  0.177    0.113 +0.313 |   100   100      0 | +0.080 -0.019
 13.0 +0.882 +0.295 |  0.175    0.113 +0.313 |   100   100      0 | +0.080 +0.075
 14.0 +0.954 +0.307 |  0.162    0.137 +0.327 |   100   100      0 | +0.082 -0.033
 15.0 +1.029 +0.332 |  0.160    0.134 +0.324 |   100   100      0 | +0.082 -0.079
 16.0 +1.098 +0.340 |  0.156    0.127 +0.318 |   100   100      0 | +0.080 -0.056
 17.0 +1.155 +0.334 |  0.145    0.126 +0.318 |   100   100      0 | +0.080 -0.014
 18.0 +1.221 +0.327 |  0.134    0.137 +0.329 |   100   100      0 | +0.083 +0.091
 19.0 +1.303 +0.334 |  0.129    0.140 +0.328 |   100   100      0 | +0.079 -0.120
 20.0 +1.391 +0.347 |  0.154    0.171 +0.328 |   100   100      0 | +0.080 -0.141
 21.0 +1.458 +0.344 |  0.171    0.171 +0.328 |   100   100      0 | +0.078 -0.208
 22.0 +1.506 +0.336 |  0.186    0.195 +0.328 |   100   100      0 | +0.078 -0.132
 23.0 +1.569 +0.321 |  0.203    0.224 +0.328 |   100   100      0 | +0.080 -0.110
 24.0 +1.621 +0.292 |  0.206    0.257 +0.327 |   100   100      0 | +0.080 -0.108
 25.0 +1.688 +0.269 |  0.239    0.303 +0.277 |   100   100      0 | +0.080 -0.199
 26.0 +1.757 +0.253 |  0.294    0.346 +0.276 |   100   100      0 | +0.080 -0.220
 27.0 +1.806 +0.226 |  0.341    0.415 +0.226 |   100   100      0 | +0.080 -0.343
 28.0 +1.841 +0.193 |  0.376    0.415 +0.226 |   100   100      0 | +0.080 -0.142
 29.0 +1.862 +0.150 |  0.358    0.448 +0.175 |   100   100      0 | +0.080 +0.224
 30.0 +1.867 +0.113 |  0.326    0.438 +0.125 |   100   100      0 | +0.081 +0.380
 31.0 +1.902 +0.092 |  0.350    0.485 +0.115 |   100   100      0 | +0.081 +0.380
 32.0 +1.932 +0.079 |  0.397    0.480 +0.065 |   100   100      0 | +0.058 +0.327
  상자 재고정: 채택 1 회 (마지막 t=0.5 s, yaw +1.9°) | yaw 초과 건너뜀 47, 미검출 4, 점프 무시 22 → /tmp/n61a_refix.csv

결과 SUCCEEDED  소요 32.3s  주행 2.24m  샘플 324
  ① 실제 최근접(차체↔상자 기하): 12.7 cm @ t=18.8s 전진 1.29 횡 +0.333   ← 0 이면 접촉
  ② 계획의 최소 여유: 11.1 cm (최근접 시점 13.7 cm)   ← 음수면 계획 자체가 접촉 경로
  ③ 상자 자리 비용 — 로컬 최소/최근접시 100/100, 전역 최소/최근접시 100/100  ← 0 이면 기억 소실
  ④ 경로 좌우 전환 0회 (최초 선택 좌), 계획이 접촉 경로였던 샘플 0/324 (0%)
  깊이점: 최대 227, 최소 0
  ⑥ 상자 미관측 최대 31.8초 — 이 구간의 ①·⑤ 는 마지막 관측의 외삽이다
  조향(주행구간 1.96m, 목표부근 54샘플 제외): 직진 중 |ω| 평균 0.089 최대 0.373 rad/s, 부호반전 7회 = 3.58회/m
  메타: run_meta 28 줄, params 480 줄 (0 노드 응답 없음)

=== nav2.log 신규분 ===
  신규 82 줄
  detected collision   0건
  clear except         0건
  clear entirely       0건
  backup failed        0건
  Goal succeeded       1건
  aborted              0건
  bag: 39M
  EKF 위반 121회 | slam 폐기 94회 | load 9.70 8.59 6.94
