09-22-2026 11:49:38 RAM 2075/7607MB (lfb 3x4MB) SWAP 0/3804MB (cached 0MB) CPU [63%@1497,66%@1497,96%@1497,56%@1497,68%@1344,67%@1344] GR3D_FREQ 4% cpu@50.093C soc2@48.687C soc0@49C gpu@50C tj@50.093C soc1@49.875C VDD_IN 7460mW/7460mW VDD_CPU_GPU_CV 2479mW/2479mW VDD_SOC 1628mW/1628mW
09-22-2026 11:49:39 RAM 2084/7607MB (lfb 4x4MB) SWAP 0/3804MB (cached 0MB) CPU [58%@1497,79%@1497,50%@1497,53%@1497,59%@1036,56%@1036] GR3D_FREQ 5% cpu@49.781C soc2@48.593C soc0@49.093C gpu@49.75C tj@49.781C soc1@49.718C VDD_IN 7093mW/7277mW VDD_CPU_GPU_CV 2157mW/2318mW VDD_SOC 1630mW/1629mW
09-22-2026 11:49:40 RAM 2085/7607MB (lfb 4x4MB) SWAP 0/3804MB (cached 0MB) CPU [68%@1497,70%@1497,70%@1497,71%@1497,76%@1497,69%@1497] GR3D_FREQ 4% cpu@50.312C soc2@48.75C soc0@49.031C gpu@49.781C tj@50.312C soc1@49.812C VDD_IN 7460mW/7338mW VDD_CPU_GPU_CV 2479mW/2372mW VDD_SOC 1628mW/1629mW
09-22-2026 11:49:41 RAM 2087/7607MB (lfb 3x4MB) SWAP 0/3804MB (cached 0MB) CPU [67%@1497,97%@1497,76%@1497,75%@1497,83%@883,84%@883] GR3D_FREQ 5% cpu@49.562C soc2@48.718C soc0@49C gpu@50.156C tj@50.156C soc1@49.875C VDD_IN 7379mW/7348mW VDD_CPU_GPU_CV 2397mW/2378mW VDD_SOC 1628mW/1629mW
09-22-2026 11:49:42 RAM 2118/7607MB (lfb 4x4MB) SWAP 0/3804MB (cached 0MB) CPU [60%@1497,99%@1497,47%@1497,53%@1497,63%@1497,59%@1497] GR3D_FREQ 0% cpu@50.312C soc2@48.781C soc0@49.031C gpu@50.031C tj@50.343C soc1@49.906C VDD_IN 7215mW/7321mW VDD_CPU_GPU_CV 2238mW/2350mW VDD_SOC 1630mW/1629mW
09-22-2026 11:49:43 RAM 2126/7607MB (lfb 4x4MB) SWAP 0/3804MB (cached 0MB) CPU [100%@1497,96%@1497,88%@1497,98%@1497,97%@1497,95%@1497] GR3D_FREQ 4% cpu@50.187C soc2@48.875C soc0@49.156C gpu@50.25C tj@50.281C soc1@49.968C VDD_IN 7977mW/7431mW VDD_CPU_GPU_CV 2885mW/2439mW VDD_SOC 1668mW/1635mW
09-22-2026 11:49:44 RAM 2135/7607MB (lfb 3x4MB) SWAP 0/3804MB (cached 0MB) CPU [65%@1497,65%@1497,68%@1497,60%@1497,70%@1113,74%@1113] GR3D_FREQ 0% cpu@49.812C soc2@48.718C soc0@49.125C gpu@50.25C tj@50.25C soc1@49.968C VDD_IN 6889mW/7353mW VDD_CPU_GPU_CV 1953mW/2370mW VDD_SOC 1630mW/1635mW
09-22-2026 11:49:45 RAM 2137/7607MB (lfb 5x4MB) SWAP 0/3804MB (cached 0MB) CPU [65%@960,76%@960,64%@960,70%@960,69%@1267,67%@1267] GR3D_FREQ 9% cpu@49.468C soc2@48.75C soc0@49.156C gpu@50C tj@50C soc1@49.968C VDD_IN 7134mW/7326mW VDD_CPU_GPU_CV 2157mW/2343mW VDD_SOC 1630mW/1634mW
09-22-2026 11:49:46 RAM 2136/7607MB (lfb 5x4MB) SWAP 0/3804MB (cached 0MB) CPU [55%@1267,50%@1267,48%@1267,51%@1267,63%@883,61%@883] GR3D_FREQ 0% cpu@49.562C soc2@48.687C soc0@49.187C gpu@49.968C tj@50.25C soc1@49.968C VDD_IN 6573mW/7242mW VDD_CPU_GPU_CV 1709mW/2273mW VDD_SOC 1630mW/1634mW
09-22-2026 11:49:47 RAM 2137/7607MB (lfb 5x4MB) SWAP 0/3804MB (cached 0MB) CPU [62%@1344,51%@1344,53%@1344,51%@1344,58%@1036,62%@1036] GR3D_FREQ 3% cpu@49.5C soc2@48.656C soc0@49.187C gpu@49.906C tj@49.968C soc1@49.968C VDD_IN 6614mW/7179mW VDD_CPU_GPU_CV 1709mW/2216mW VDD_SOC 1630mW/1633mW
09-22-2026 11:49:48 RAM 2133/7607MB (lfb 4x4MB) SWAP 0/3804MB (cached 0MB) CPU [55%@883,48%@883,51%@883,52%@883,62%@1497,60%@1497] GR3D_FREQ 0% cpu@49.468C soc2@48.656C soc0@49.218C gpu@50.25C tj@50.25C soc1@49.875C VDD_IN 6451mW/7113mW VDD_CPU_GPU_CV 1589mW/2159mW VDD_SOC 1630mW/1633mW
09-22-2026 11:49:49 RAM 2135/7607MB (lfb 4x4MB) SWAP 0/3804MB (cached 0MB) CPU [54%@1344,55%@1344,44%@1344,48%@1344,62%@1113,61%@1113] GR3D_FREQ 2% cpu@49.906C soc2@48.75C soc0@49.281C gpu@50.031C tj@50.031C soc1@50.031C VDD_IN 6573mW/7068mW VDD_CPU_GPU_CV 1668mW/2118mW VDD_SOC 1630mW/1633mW
09-22-2026 11:49:50 RAM 2137/7607MB (lfb 3x4MB) SWAP 0/3804MB (cached 0MB) CPU [62%@1497,56%@1497,57%@1497,52%@1497,67%@1036,68%@1036] GR3D_FREQ 8% cpu@49.656C soc2@48.656C soc0@49.187C gpu@50.375C tj@50.375C soc1@50.062C VDD_IN 7134mW/7073mW VDD_CPU_GPU_CV 2116mW/2118mW VDD_SOC 1630mW/1632mW
09-22-2026 11:49:51 RAM 2138/7607MB (lfb 3x4MB) SWAP 0/3804MB (cached 0MB) CPU [57%@1113,52%@1113,49%@1113,53%@1113,60%@729,53%@729] GR3D_FREQ 5% cpu@49.718C soc2@48.718C soc0@49.187C gpu@50.187C tj@49.968C soc1@49.968C VDD_IN 6533mW/7035mW VDD_CPU_GPU_CV 1630mW/2083mW VDD_SOC 1630mW/1632mW
09-22-2026 11:49:52 RAM 2138/7607MB (lfb 4x4MB) SWAP 0/3804MB (cached 0MB) CPU [54%@1113,48%@1113,51%@1113,50%@1113,63%@1113,65%@1113] GR3D_FREQ 0% cpu@49.375C soc2@48.687C soc0@49.125C gpu@50.218C tj@50.218C soc1@49.968C VDD_IN 6573mW/7004mW VDD_CPU_GPU_CV 1709mW/2058mW VDD_SOC 1630mW/1632mW
09-22-2026 11:49:53 RAM 2136/7607MB (lfb 4x4MB) SWAP 0/3804MB (cached 0MB) CPU [59%@1420,50%@1420,51%@1420,50%@1420,59%@1267,60%@1267] GR3D_FREQ 0% cpu@49.718C soc2@48.656C soc0@49.187C gpu@50.281C tj@50.281C soc1@50.031C VDD_IN 6573mW/6977mW VDD_CPU_GPU_CV 1668mW/2034mW VDD_SOC 1630mW/1632mW
09-22-2026 11:49:54 RAM 2135/7607MB (lfb 4x4MB) SWAP 0/3804MB (cached 0MB) CPU [59%@883,55%@883,52%@883,49%@883,60%@1036,63%@1036] GR3D_FREQ 0% cpu@49.437C soc2@48.625C soc0@49.281C gpu@49.843C tj@49.968C soc1@49.843C VDD_IN 6533mW/6951mW VDD_CPU_GPU_CV 1630mW/2010mW VDD_SOC 1630mW/1632mW
09-22-2026 11:49:55 RAM 2133/7607MB (lfb 5x4MB) SWAP 0/3804MB (cached 0MB) CPU [63%@1497,53%@1497,61%@1497,57%@1497,63%@1497,67%@1497] GR3D_FREQ 6% cpu@49.906C soc2@48.625C soc0@49.218C gpu@49.968C tj@50.125C soc1@50.125C VDD_IN 6849mW/6945mW VDD_CPU_GPU_CV 1913mW/2005mW VDD_SOC 1630mW/1632mW
09-22-2026 11:49:56 RAM 2134/7607MB (lfb 5x4MB) SWAP 0/3804MB (cached 0MB) CPU [63%@960,58%@960,56%@960,58%@960,69%@1267,64%@1267] GR3D_FREQ 5% cpu@49.562C soc2@48.812C soc0@49.25C gpu@50.281C tj@50.281C soc1@50.031C VDD_IN 6767mW/6936mW VDD_CPU_GPU_CV 1831mW/1996mW VDD_SOC 1630mW/1632mW
09-22-2026 11:49:57 RAM 2133/7607MB (lfb 4x4MB) SWAP 0/3804MB (cached 0MB) CPU [56%@1420,54%@1420,55%@1420,47%@1420,66%@883,60%@883] GR3D_FREQ 0% cpu@49.781C soc2@48.718C soc0@49.343C gpu@50.031C tj@50.187C soc1@50.187C VDD_IN 6655mW/6922mW VDD_CPU_GPU_CV 1750mW/1983mW VDD_SOC 1630mW/1632mW
09-22-2026 11:49:58 RAM 2134/7607MB (lfb 4x4MB) SWAP 0/3804MB (cached 0MB) CPU [62%@1036,52%@1036,51%@1036,51%@1036,58%@1036,61%@1036] GR3D_FREQ 7% cpu@49.906C soc2@48.75C soc0@49.312C gpu@50.281C tj@50.281C soc1@49.968C VDD_IN 6614mW/6907mW VDD_CPU_GPU_CV 1750mW/1972mW VDD_SOC 1630mW/1632mW
09-22-2026 11:49:59 RAM 2134/7607MB (lfb 4x4MB) SWAP 0/3804MB (cached 0MB) CPU [63%@1190,53%@1190,56%@1190,44%@1190,62%@729,62%@729] GR3D_FREQ 7% cpu@49.781C soc2@48.781C soc0@49.218C gpu@50.375C tj@50.375C soc1@50.062C VDD_IN 6655mW/6896mW VDD_CPU_GPU_CV 1750mW/1962mW VDD_SOC 1630mW/1631mW
09-22-2026 11:50:00 RAM 2135/7607MB (lfb 4x4MB) SWAP 0/3804MB (cached 0MB) CPU [51%@1497,63%@1497,50%@1497,50%@1497,63%@1420,65%@1420] GR3D_FREQ 0% cpu@49.687C soc2@48.812C soc0@49.312C gpu@50.031C tj@50.187C soc1@50.187C VDD_IN 6767mW/6890mW VDD_CPU_GPU_CV 1913mW/1960mW VDD_SOC 1630mW/1631mW
09-22-2026 11:50:01 RAM 2136/7607MB (lfb 5x4MB) SWAP 0/3804MB (cached 0MB) CPU [74%@1497,65%@1497,63%@1497,62%@1497,76%@1036,77%@1036] GR3D_FREQ 0% cpu@50.187C soc2@48.937C soc0@49.375C gpu@50.406C tj@50.406C soc1@50.093C VDD_IN 7297mW/6907mW VDD_CPU_GPU_CV 2320mW/1975mW VDD_SOC 1630mW/1631mW
09-22-2026 11:50:02 RAM 2135/7607MB (lfb 5x4MB) SWAP 0/3804MB (cached 0MB) CPU [59%@1113,54%@1113,48%@1113,53%@1113,58%@883,57%@883] GR3D_FREQ 8% cpu@49.812C soc2@48.875C soc0@49.25C gpu@49.968C tj@50.125C soc1@50.125C VDD_IN 6767mW/6901mW VDD_CPU_GPU_CV 1872mW/1971mW VDD_SOC 1630mW/1631mW
09-22-2026 11:50:03 RAM 2135/7607MB (lfb 5x4MB) SWAP 0/3804MB (cached 0MB) CPU [58%@1113,56%@1113,53%@1113,56%@1113,64%@1267,61%@1267] GR3D_FREQ 0% cpu@49.875C soc2@48.812C soc0@49.437C gpu@50.406C tj@50.406C soc1@50.093C VDD_IN 6614mW/6890mW VDD_CPU_GPU_CV 1750mW/1962mW VDD_SOC 1630mW/1631mW
09-22-2026 11:50:04 RAM 2134/7607MB (lfb 5x4MB) SWAP 0/3804MB (cached 0MB) CPU [57%@1267,48%@1267,49%@1267,51%@1267,62%@1497,72%@1497] GR3D_FREQ 0% cpu@49.687C soc2@48.843C soc0@49.312C gpu@50.062C tj@50.156C soc1@50.156C VDD_IN 6655mW/6882mW VDD_CPU_GPU_CV 1750mW/1955mW VDD_SOC 1630mW/1631mW
09-22-2026 11:50:05 RAM 2135/7607MB (lfb 5x4MB) SWAP 0/3804MB (cached 0MB) CPU [59%@1036,50%@1036,55%@1036,56%@1190,59%@883,64%@883] GR3D_FREQ 0% cpu@49.718C soc2@48.843C soc0@49.312C gpu@50.468C tj@50.468C soc1@50.343C VDD_IN 6573mW/6871mW VDD_CPU_GPU_CV 1668mW/1944mW VDD_SOC 1630mW/1631mW
09-22-2026 11:50:06 RAM 2133/7607MB (lfb 5x4MB) SWAP 0/3804MB (cached 0MB) CPU [67%@1497,59%@1497,61%@1497,61%@1497,61%@1113,63%@1113] GR3D_FREQ 0% cpu@50.093C soc2@48.968C soc0@49.281C gpu@50.156C tj@50.187C soc1@50.187C VDD_IN 7134mW/6880mW VDD_CPU_GPU_CV 2116mW/1950mW VDD_SOC 1671mW/1633mW
09-22-2026 11:50:07 RAM 2134/7607MB (lfb 4x4MB) SWAP 0/3804MB (cached 0MB) CPU [63%@1497,60%@1497,56%@1497,53%@1497,60%@1344,64%@1344] GR3D_FREQ 0% cpu@49.968C soc2@48.937C soc0@49.343C gpu@50.468C tj@50.468C soc1@50.25C VDD_IN 6767mW/6876mW VDD_CPU_GPU_CV 1872mW/1948mW VDD_SOC 1630mW/1632mW
09-22-2026 11:50:08 RAM 2134/7607MB (lfb 4x4MB) SWAP 0/3804MB (cached 0MB) CPU [56%@1267,53%@1267,48%@1267,53%@1267,62%@806,60%@806] GR3D_FREQ 3% cpu@49.781C soc2@48.812C soc0@49.437C gpu@49.968C tj@50C soc1@50C VDD_IN 6573mW/6866mW VDD_CPU_GPU_CV 1709mW/1940mW VDD_SOC 1630mW/1632mW
09-22-2026 11:50:09 RAM 2136/7607MB (lfb 4x4MB) SWAP 0/3804MB (cached 0MB) CPU [60%@1190,52%@1190,55%@1190,48%@1190,68%@883,64%@883] GR3D_FREQ 0% cpu@49.75C soc2@48.906C soc0@49.5C gpu@49.968C tj@50.156C soc1@50.156C VDD_IN 6492mW/6854mW VDD_CPU_GPU_CV 1589mW/1929mW VDD_SOC 1630mW/1632mW
09-22-2026 11:50:10 RAM 2137/7607MB (lfb 4x4MB) SWAP 0/3804MB (cached 0MB) CPU [59%@1497,59%@1497,56%@1497,51%@1497,66%@1113,66%@1113] GR3D_FREQ 9% cpu@49.781C soc2@48.718C soc0@49.281C gpu@50.093C tj@50.125C soc1@50.125C VDD_IN 6492mW/6843mW VDD_CPU_GPU_CV 1630mW/1920mW VDD_SOC 1630mW/1632mW
09-22-2026 11:50:11 RAM 2138/7607MB (lfb 4x4MB) SWAP 0/3804MB (cached 0MB) CPU [63%@1497,59%@1497,58%@1497,59%@1497,53%@1497,62%@1497] GR3D_FREQ 0% cpu@49.906C soc2@48.875C soc0@49.375C gpu@50.25C tj@50.218C soc1@50.218C VDD_IN 6685mW/6839mW VDD_CPU_GPU_CV 1790mW/1916mW VDD_SOC 1630mW/1632mW
09-22-2026 11:50:12 RAM 2141/7607MB (lfb 6x4MB) SWAP 0/3804MB (cached 0MB) CPU [67%@1113,60%@1113,57%@1113,53%@1113,68%@729,69%@729] GR3D_FREQ 0% cpu@49.906C soc2@48.906C soc0@49.468C gpu@50.093C tj@50.125C soc1@50.125C VDD_IN 6726mW/6836mW VDD_CPU_GPU_CV 1831mW/1914mW VDD_SOC 1630mW/1632mW
09-22-2026 11:50:13 RAM 2140/7607MB (lfb 6x4MB) SWAP 0/3804MB (cached 0MB) CPU [61%@1036,57%@1036,58%@1036,53%@1036,59%@1190,57%@1190] GR3D_FREQ 0% cpu@49.562C soc2@48.875C soc0@49.375C gpu@50.125C tj@50.156C soc1@50.156C VDD_IN 6533mW/6827mW VDD_CPU_GPU_CV 1630mW/1906mW VDD_SOC 1630mW/1632mW
09-22-2026 11:50:14 RAM 2141/7607MB (lfb 6x4MB) SWAP 0/3804MB (cached 0MB) CPU [59%@1344,55%@1344,59%@1344,53%@1344,59%@729,61%@729] GR3D_FREQ 0% cpu@49.812C soc2@48.812C soc0@49.406C gpu@50.125C tj@50.218C soc1@50.218C VDD_IN 6573mW/6820mW VDD_CPU_GPU_CV 1709mW/1900mW VDD_SOC 1630mW/1632mW
09-22-2026 11:50:15 RAM 2139/7607MB (lfb 5x4MB) SWAP 0/3804MB (cached 0MB) CPU [66%@1497,60%@1497,64%@1497,59%@1497,63%@1497,65%@1497] GR3D_FREQ 4% cpu@50.437C soc2@49C soc0@49.312C gpu@50.187C tj@50.25C soc1@50.125C VDD_IN 7012mW/6825mW VDD_CPU_GPU_CV 1994mW/1903mW VDD_SOC 1671mW/1633mW
09-22-2026 11:50:16 RAM 2095/7607MB (lfb 5x4MB) SWAP 0/3804MB (cached 0MB) CPU [54%@960,49%@960,51%@960,46%@960,45%@729,48%@729] GR3D_FREQ 10% cpu@49.5C soc2@48.75C soc0@49.375C gpu@49.968C tj@50.187C soc1@50.187C VDD_IN 6165mW/6808mW VDD_CPU_GPU_CV 1345mW/1889mW VDD_SOC 1592mW/1632mW
09-22-2026 11:50:17 RAM 2100/7607MB (lfb 4x4MB) SWAP 0/3804MB (cached 0MB) CPU [56%@1036,51%@1036,43%@1036,50%@1036,51%@960,48%@960] GR3D_FREQ 4% cpu@49.562C soc2@48.843C soc0@49.468C gpu@49.968C tj@50.093C soc1@50.093C VDD_IN 6573mW/6803mW VDD_CPU_GPU_CV 1709mW/1884mW VDD_SOC 1630mW/1632mW
