09-22-2026 15:55:43 RAM 2319/7607MB (lfb 5x4MB) SWAP 0/3804MB (cached 0MB) CPU [65%@1497,95%@1497,65%@1497,63%@1497,68%@1497,69%@1497] GR3D_FREQ 4% cpu@50.031C soc2@48.531C soc0@48.875C gpu@49.718C tj@50.031C soc1@49.687C VDD_IN 7623mW/7623mW VDD_CPU_GPU_CV 2641mW/2641mW VDD_SOC 1628mW/1628mW
09-22-2026 15:55:44 RAM 2327/7607MB (lfb 5x4MB) SWAP 0/3804MB (cached 0MB) CPU [98%@1497,98%@1497,99%@1497,98%@1497,97%@1497,87%@1497] GR3D_FREQ 4% cpu@50.125C soc2@48.687C soc0@48.968C gpu@50.031C tj@50.343C soc1@49.906C VDD_IN 7990mW/7807mW VDD_CPU_GPU_CV 2966mW/2804mW VDD_SOC 1628mW/1628mW
09-22-2026 15:55:45 RAM 2323/7607MB (lfb 6x4MB) SWAP 0/3804MB (cached 0MB) CPU [80%@1497,76%@1497,72%@1497,76%@1497,76%@1497,71%@1497] GR3D_FREQ 4% cpu@49.906C soc2@48.531C soc0@48.968C gpu@49.75C tj@49.906C soc1@49.781C VDD_IN 7582mW/7732mW VDD_CPU_GPU_CV 2560mW/2722mW VDD_SOC 1671mW/1642mW
09-22-2026 15:55:46 RAM 2324/7607MB (lfb 6x4MB) SWAP 0/3804MB (cached 0MB) CPU [65%@1497,73%@1497,62%@1497,63%@1497,63%@883,72%@883] GR3D_FREQ 0% cpu@49.5C soc2@48.656C soc0@48.968C gpu@49.968C tj@49.968C soc1@49.812C VDD_IN 7134mW/7582mW VDD_CPU_GPU_CV 2198mW/2591mW VDD_SOC 1630mW/1639mW
09-22-2026 15:55:47 RAM 2349/7607MB (lfb 5x4MB) SWAP 0/3804MB (cached 0MB) CPU [90%@1497,49%@1497,54%@1497,44%@1497,59%@729,57%@729] GR3D_FREQ 0% cpu@49.5C soc2@48.656C soc0@49.031C gpu@49.906C tj@49.906C soc1@49.718C VDD_IN 6900mW/7446mW VDD_CPU_GPU_CV 1953mW/2464mW VDD_SOC 1630mW/1637mW
09-22-2026 15:55:48 RAM 2361/7607MB (lfb 5x4MB) SWAP 0/3804MB (cached 0MB) CPU [97%@1497,95%@1497,94%@1497,93%@1497,81%@1113,80%@1113] GR3D_FREQ 6% cpu@50.281C soc2@48.75C soc0@48.906C gpu@49.781C tj@50.281C soc1@49.812C VDD_IN 7786mW/7503mW VDD_CPU_GPU_CV 2722mW/2507mW VDD_SOC 1668mW/1643mW
09-22-2026 15:55:49 RAM 2371/7607MB (lfb 3x4MB) SWAP 0/3804MB (cached 0MB) CPU [85%@1497,85%@1497,85%@1497,84%@1497,81%@1497,78%@1497] GR3D_FREQ 0% cpu@50.312C soc2@48.656C soc0@49.031C gpu@49.906C tj@50.312C soc1@49.968C VDD_IN 7542mW/7508mW VDD_CPU_GPU_CV 2560mW/2514mW VDD_SOC 1630mW/1641mW
09-22-2026 15:55:50 RAM 2371/7607MB (lfb 4x4MB) SWAP 0/3804MB (cached 0MB) CPU [67%@729,82%@729,59%@729,65%@729,53%@729,57%@729] GR3D_FREQ 0% cpu@49.25C soc2@48.656C soc0@49.031C gpu@49.75C tj@49.843C soc1@49.843C VDD_IN 6614mW/7396mW VDD_CPU_GPU_CV 1753mW/2419mW VDD_SOC 1589mW/1634mW
09-22-2026 15:55:51 RAM 2377/7607MB (lfb 6x4MB) SWAP 0/3804MB (cached 0MB) CPU [73%@1036,65%@1036,63%@1036,63%@1036,64%@960,71%@960] GR3D_FREQ 9% cpu@49.343C soc2@48.687C soc0@49.031C gpu@49.906C tj@49.906C soc1@49.843C VDD_IN 6900mW/7341mW VDD_CPU_GPU_CV 1913mW/2363mW VDD_SOC 1630mW/1634mW
09-22-2026 15:55:52 RAM 2380/7607MB (lfb 6x4MB) SWAP 0/3804MB (cached 0MB) CPU [56%@1113,51%@1113,51%@1113,52%@1113,58%@960,56%@960] GR3D_FREQ 4% cpu@49.25C soc2@48.531C soc0@49.062C gpu@49.906C tj@49.906C soc1@49.812C VDD_IN 6451mW/7252mW VDD_CPU_GPU_CV 1589mW/2286mW VDD_SOC 1633mW/1634mW
09-22-2026 15:55:53 RAM 2377/7607MB (lfb 5x4MB) SWAP 0/3804MB (cached 0MB) CPU [62%@1036,53%@1036,50%@1036,52%@1036,59%@1497,52%@1497] GR3D_FREQ 3% cpu@49.593C soc2@48.625C soc0@49.156C gpu@49.75C tj@49.937C soc1@49.937C VDD_IN 6737mW/7205mW VDD_CPU_GPU_CV 1831mW/2244mW VDD_SOC 1630mW/1633mW
09-22-2026 15:55:54 RAM 2378/7607MB (lfb 5x4MB) SWAP 0/3804MB (cached 0MB) CPU [58%@729,52%@729,51%@729,52%@729,57%@960,62%@960] GR3D_FREQ 0% cpu@49.156C soc2@48.531C soc0@49.125C gpu@49.906C tj@49.968C soc1@49.968C VDD_IN 6410mW/7139mW VDD_CPU_GPU_CV 1549mW/2186mW VDD_SOC 1633mW/1633mW
09-22-2026 15:55:55 RAM 2386/7607MB (lfb 4x4MB) SWAP 0/3804MB (cached 0MB) CPU [63%@1497,54%@1497,54%@1497,51%@1497,59%@1344,58%@1344] GR3D_FREQ 6% cpu@49.468C soc2@48.625C soc0@49.156C gpu@49.75C tj@49.843C soc1@49.843C VDD_IN 6655mW/7102mW VDD_CPU_GPU_CV 1712mW/2150mW VDD_SOC 1630mW/1633mW
09-22-2026 15:55:56 RAM 2389/7607MB (lfb 5x4MB) SWAP 0/3804MB (cached 0MB) CPU [62%@1497,58%@1497,64%@1497,62%@1497,62%@1420,62%@1420] GR3D_FREQ 0% cpu@49.906C soc2@48.75C soc0@49.093C gpu@49.937C tj@49.937C soc1@49.937C VDD_IN 7134mW/7104mW VDD_CPU_GPU_CV 2116mW/2147mW VDD_SOC 1671mW/1636mW
09-22-2026 15:55:57 RAM 2397/7607MB (lfb 5x4MB) SWAP 0/3804MB (cached 0MB) CPU [54%@1497,51%@1497,54%@1497,55%@1497,57%@1344,61%@1344] GR3D_FREQ 16% cpu@49.656C soc2@48.687C soc0@49.218C gpu@49.812C tj@49.875C soc1@49.875C VDD_IN 6614mW/7071mW VDD_CPU_GPU_CV 1712mW/2118mW VDD_SOC 1630mW/1635mW
09-22-2026 15:55:58 RAM 2388/7607MB (lfb 6x4MB) SWAP 0/3804MB (cached 0MB) CPU [60%@1497,51%@1497,60%@1497,50%@1497,55%@1267,55%@1267] GR3D_FREQ 0% cpu@49.5C soc2@48.718C soc0@49.125C gpu@49.968C tj@49.968C soc1@49.906C VDD_IN 6492mW/7035mW VDD_CPU_GPU_CV 1630mW/2088mW VDD_SOC 1633mW/1635mW
09-22-2026 15:55:59 RAM 2387/7607MB (lfb 6x4MB) SWAP 0/3804MB (cached 0MB) CPU [63%@1344,56%@1344,53%@1344,54%@1344,55%@883,58%@883] GR3D_FREQ 12% cpu@49.5C soc2@48.562C soc0@49.187C gpu@50C tj@50C soc1@49.968C VDD_IN 6492mW/7003mW VDD_CPU_GPU_CV 1630mW/2061mW VDD_SOC 1633mW/1635mW
09-22-2026 15:56:00 RAM 2388/7607MB (lfb 5x4MB) SWAP 0/3804MB (cached 0MB) CPU [58%@1113,56%@1113,45%@1113,41%@1113,62%@883,65%@883] GR3D_FREQ 4% cpu@49.656C soc2@48.625C soc0@49.218C gpu@49.781C tj@50C soc1@50C VDD_IN 6410mW/6970mW VDD_CPU_GPU_CV 1549mW/2032mW VDD_SOC 1633mW/1635mW
09-22-2026 15:56:01 RAM 2389/7607MB (lfb 4x4MB) SWAP 0/3804MB (cached 0MB) CPU [62%@1497,50%@1497,53%@1497,52%@1497,57%@1113,54%@1113] GR3D_FREQ 0% cpu@49.687C soc2@48.812C soc0@49.218C gpu@50C tj@50C soc1@49.968C VDD_IN 6655mW/6954mW VDD_CPU_GPU_CV 1712mW/2016mW VDD_SOC 1630mW/1635mW
09-22-2026 15:56:02 RAM 2388/7607MB (lfb 5x4MB) SWAP 0/3804MB (cached 0MB) CPU [63%@1036,57%@1036,59%@1036,58%@1036,69%@806,71%@806] GR3D_FREQ 0% cpu@49.5C soc2@48.781C soc0@49.156C gpu@49.937C tj@50.093C soc1@50.093C VDD_IN 6696mW/6941mW VDD_CPU_GPU_CV 1753mW/2002mW VDD_SOC 1630mW/1635mW
09-22-2026 15:56:03 RAM 2391/7607MB (lfb 5x4MB) SWAP 0/3804MB (cached 0MB) CPU [56%@1036,50%@1036,50%@1036,60%@1036,60%@960,62%@960] GR3D_FREQ 2% cpu@49.437C soc2@48.781C soc0@49.312C gpu@50.062C tj@50.062C soc1@49.968C VDD_IN 6451mW/6918mW VDD_CPU_GPU_CV 1589mW/1983mW VDD_SOC 1633mW/1634mW
09-22-2026 15:56:04 RAM 2388/7607MB (lfb 5x4MB) SWAP 0/3804MB (cached 0MB) CPU [53%@1190,50%@1190,53%@1190,53%@1190,59%@729,57%@729] GR3D_FREQ 0% cpu@49.5C soc2@48.687C soc0@49.187C gpu@49.906C tj@50.062C soc1@50.062C VDD_IN 6573mW/6902mW VDD_CPU_GPU_CV 1712mW/1970mW VDD_SOC 1633mW/1634mW
09-22-2026 15:56:05 RAM 2387/7607MB (lfb 5x4MB) SWAP 0/3804MB (cached 0MB) CPU [55%@1113,44%@1113,46%@1113,45%@1113,63%@1420,52%@1420] GR3D_FREQ 11% cpu@49.687C soc2@48.75C soc0@49.312C gpu@49.968C tj@50.062C soc1@50.062C VDD_IN 6655mW/6891mW VDD_CPU_GPU_CV 1753mW/1961mW VDD_SOC 1630mW/1634mW
09-22-2026 15:56:06 RAM 2383/7607MB (lfb 4x4MB) SWAP 0/3804MB (cached 0MB) CPU [54%@1497,48%@1497,45%@1497,47%@1497,61%@1190,70%@1190] GR3D_FREQ 0% cpu@49.812C soc2@48.75C soc0@49.281C gpu@49.968C tj@50C soc1@50C VDD_IN 6778mW/6886mW VDD_CPU_GPU_CV 1831mW/1956mW VDD_SOC 1630mW/1634mW
09-22-2026 15:56:07 RAM 2387/7607MB (lfb 3x4MB) SWAP 0/3804MB (cached 0MB) CPU [67%@1420,54%@1420,60%@1420,59%@1420,63%@1113,66%@1113] GR3D_FREQ 4% cpu@49.843C soc2@48.968C soc0@49.312C gpu@50.125C tj@50.218C soc1@50.093C VDD_IN 7093mW/6895mW VDD_CPU_GPU_CV 2116mW/1962mW VDD_SOC 1630mW/1634mW
09-22-2026 15:56:08 RAM 2388/7607MB (lfb 3x4MB) SWAP 0/3804MB (cached 0MB) CPU [54%@1267,51%@1267,47%@1267,46%@1267,63%@1344,63%@1344] GR3D_FREQ 3% cpu@49.843C soc2@48.968C soc0@49.468C gpu@50.25C tj@50.25C soc1@50.156C VDD_IN 6818mW/6892mW VDD_CPU_GPU_CV 1872mW/1959mW VDD_SOC 1630mW/1634mW
09-22-2026 15:56:09 RAM 2388/7607MB (lfb 4x4MB) SWAP 0/3804MB (cached 0MB) CPU [52%@1420,46%@1420,49%@1420,41%@1420,58%@1497,67%@1497] GR3D_FREQ 7% cpu@49.687C soc2@48.875C soc0@49.375C gpu@50.25C tj@50.25C soc1@50.187C VDD_IN 6573mW/6880mW VDD_CPU_GPU_CV 1671mW/1948mW VDD_SOC 1633mW/1634mW
09-22-2026 15:56:10 RAM 2385/7607MB (lfb 4x4MB) SWAP 0/3804MB (cached 0MB) CPU [55%@1497,53%@1497,50%@1497,45%@806,57%@1497,65%@1497] GR3D_FREQ 4% cpu@49.687C soc2@48.875C soc0@49.375C gpu@50.093C tj@50.25C soc1@50.25C VDD_IN 6778mW/6876mW VDD_CPU_GPU_CV 1831mW/1944mW VDD_SOC 1630mW/1634mW
09-22-2026 15:56:11 RAM 2387/7607MB (lfb 4x4MB) SWAP 0/3804MB (cached 0MB) CPU [57%@1036,53%@1036,50%@1036,46%@1036,60%@1036,56%@1036] GR3D_FREQ 0% cpu@49.625C soc2@49C soc0@49.468C gpu@50.218C tj@50.218C soc1@50.125C VDD_IN 6573mW/6866mW VDD_CPU_GPU_CV 1712mW/1936mW VDD_SOC 1630mW/1633mW
09-22-2026 15:56:12 RAM 2387/7607MB (lfb 4x4MB) SWAP 0/3804MB (cached 0MB) CPU [60%@1497,55%@1497,47%@1497,61%@1497,65%@1497,60%@1497] GR3D_FREQ 6% cpu@50.406C soc2@49C soc0@49.281C gpu@50.25C tj@50.25C soc1@50.218C VDD_IN 7052mW/6872mW VDD_CPU_GPU_CV 2035mW/1939mW VDD_SOC 1671mW/1635mW
09-22-2026 15:56:13 RAM 2390/7607MB (lfb 4x4MB) SWAP 0/3804MB (cached 0MB) CPU [60%@1497,57%@1497,60%@1497,51%@1497,59%@1036,60%@1036] GR3D_FREQ 0% cpu@49.843C soc2@48.906C soc0@49.468C gpu@50.156C tj@50.312C soc1@50.312C VDD_IN 6696mW/6866mW VDD_CPU_GPU_CV 1790mW/1934mW VDD_SOC 1630mW/1635mW
09-22-2026 15:56:14 RAM 2389/7607MB (lfb 4x4MB) SWAP 0/3804MB (cached 0MB) CPU [58%@1497,51%@1497,42%@1497,44%@1497,58%@1190,52%@1190] GR3D_FREQ 5% cpu@50C soc2@49C soc0@49.5C gpu@50.125C tj@50.218C soc1@50.218C VDD_IN 6451mW/6853mW VDD_CPU_GPU_CV 1589mW/1923mW VDD_SOC 1633mW/1634mW
09-22-2026 15:56:15 RAM 2386/7607MB (lfb 4x4MB) SWAP 0/3804MB (cached 0MB) CPU [55%@1267,46%@1267,49%@1267,47%@1267,58%@729,63%@729] GR3D_FREQ 2% cpu@49.593C soc2@49C soc0@49.437C gpu@50.281C tj@50.281C soc1@50.218C VDD_IN 6492mW/6842mW VDD_CPU_GPU_CV 1589mW/1913mW VDD_SOC 1633mW/1634mW
09-22-2026 15:56:16 RAM 2388/7607MB (lfb 4x4MB) SWAP 0/3804MB (cached 0MB) CPU [56%@1113,47%@1113,58%@1113,43%@1036,59%@1036,53%@1036] GR3D_FREQ 4% cpu@49.75C soc2@48.968C soc0@49.5C gpu@50.031C tj@50.25C soc1@50.406C VDD_IN 6533mW/6833mW VDD_CPU_GPU_CV 1671mW/1906mW VDD_SOC 1630mW/1634mW
09-22-2026 15:56:17 RAM 2383/7607MB (lfb 4x4MB) SWAP 0/3804MB (cached 0MB) CPU [60%@1344,54%@1344,52%@1344,48%@1344,55%@729,47%@729] GR3D_FREQ 5% cpu@49.968C soc2@49C soc0@49.5C gpu@50.156C tj@50.25C soc1@50.25C VDD_IN 6655mW/6828mW VDD_CPU_GPU_CV 1753mW/1902mW VDD_SOC 1630mW/1634mW
09-22-2026 15:56:18 RAM 2385/7607MB (lfb 5x4MB) SWAP 0/3804MB (cached 0MB) CPU [67%@1190,58%@1190,55%@1190,60%@1190,66%@1497,61%@1497] GR3D_FREQ 0% cpu@49.843C soc2@49.031C soc0@49.406C gpu@50.437C tj@50.437C soc1@50.25C VDD_IN 6930mW/6831mW VDD_CPU_GPU_CV 1994mW/1904mW VDD_SOC 1630mW/1634mW
09-22-2026 15:56:19 RAM 2390/7607MB (lfb 5x4MB) SWAP 0/3804MB (cached 0MB) CPU [54%@960,45%@960,45%@960,52%@960,68%@806,54%@806] GR3D_FREQ 0% cpu@49.781C soc2@48.968C soc0@49.5C gpu@50.218C tj@50.375C soc1@50.375C VDD_IN 6492mW/6822mW VDD_CPU_GPU_CV 1630mW/1897mW VDD_SOC 1633mW/1634mW
09-22-2026 15:56:20 RAM 2389/7607MB (lfb 5x4MB) SWAP 0/3804MB (cached 0MB) CPU [58%@1190,44%@1190,42%@1190,54%@1190,61%@806,65%@806] GR3D_FREQ 6% cpu@49.937C soc2@48.968C soc0@49.593C gpu@50.187C tj@50.281C soc1@50.281C VDD_IN 6492mW/6813mW VDD_CPU_GPU_CV 1630mW/1890mW VDD_SOC 1630mW/1634mW
09-22-2026 15:56:21 RAM 2390/7607MB (lfb 5x4MB) SWAP 0/3804MB (cached 0MB) CPU [56%@1113,46%@1113,48%@1113,47%@1113,58%@1344,62%@1344] GR3D_FREQ 0% cpu@50.062C soc2@49.031C soc0@49.468C gpu@50.375C tj@50.375C soc1@50.281C VDD_IN 6614mW/6808mW VDD_CPU_GPU_CV 1712mW/1885mW VDD_SOC 1630mW/1634mW
09-22-2026 15:56:22 RAM 2388/7607MB (lfb 5x4MB) SWAP 0/3804MB (cached 0MB) CPU [52%@1497,51%@1497,48%@1497,46%@1497,59%@1497,63%@1497] GR3D_FREQ 8% cpu@49.812C soc2@49C soc0@49.5C gpu@50.343C tj@50.437C soc1@50.437C VDD_IN 6533mW/6801mW VDD_CPU_GPU_CV 1630mW/1879mW VDD_SOC 1630mW/1634mW
09-22-2026 15:56:23 RAM 2349/7607MB (lfb 5x4MB) SWAP 0/3804MB (cached 0MB) CPU [74%@1497,79%@1497,69%@1497,59%@1497,67%@729,66%@729] GR3D_FREQ 0% cpu@50.343C soc2@49.125C soc0@49.656C gpu@50.281C tj@50.343C soc1@50.343C VDD_IN 7297mW/6813mW VDD_CPU_GPU_CV 2238mW/1888mW VDD_SOC 1671mW/1635mW
09-22-2026 15:56:24 RAM 2350/7607MB (lfb 5x4MB) SWAP 0/3804MB (cached 0MB) CPU [43%@883,41%@883,43%@883,35%@883,36%@729,40%@729] GR3D_FREQ 6% cpu@49.687C soc2@49C soc0@49.5C gpu@50.125C tj@50.406C soc1@50.281C VDD_IN 6002mW/6794mW VDD_CPU_GPU_CV 1263mW/1873mW VDD_SOC 1592mW/1634mW
