09-22-2026 12:04:25 RAM 1974/7607MB (lfb 11x4MB) SWAP 0/3804MB (cached 0MB) CPU [69%@1420,94%@1420,59%@1420,58%@1420,62%@1190,68%@1190] GR3D_FREQ 0% cpu@49.125C soc2@47.875C soc0@48.312C gpu@49.187C tj@49.187C soc1@48.875C VDD_IN 7338mW/7338mW VDD_CPU_GPU_CV 2401mW/2401mW VDD_SOC 1630mW/1630mW
09-22-2026 12:04:26 RAM 1976/7607MB (lfb 11x4MB) SWAP 0/3804MB (cached 0MB) CPU [63%@729,51%@729,57%@729,60%@729,63%@883,57%@883] GR3D_FREQ 0% cpu@48.187C soc2@47.812C soc0@48.093C gpu@48.812C tj@48.875C soc1@48.875C VDD_IN 6533mW/6936mW VDD_CPU_GPU_CV 1750mW/2076mW VDD_SOC 1589mW/1610mW
09-22-2026 12:04:27 RAM 1982/7607MB (lfb 10x4MB) SWAP 0/3804MB (cached 0MB) CPU [65%@1190,56%@1190,65%@1190,58%@1190,72%@1497,74%@1497] GR3D_FREQ 0% cpu@48.625C soc2@47.781C soc0@48.125C gpu@49.031C tj@49.031C soc1@49C VDD_IN 7175mW/7015mW VDD_CPU_GPU_CV 2198mW/2116mW VDD_SOC 1630mW/1616mW
09-22-2026 12:04:28 RAM 1983/7607MB (lfb 10x4MB) SWAP 0/3804MB (cached 0MB) CPU [70%@1267,65%@1267,61%@1267,62%@1267,64%@729,79%@729] GR3D_FREQ 0% cpu@48.531C soc2@47.75C soc0@48.156C gpu@49.093C tj@49.093C soc1@48.937C VDD_IN 6971mW/7004mW VDD_CPU_GPU_CV 2116mW/2116mW VDD_SOC 1630mW/1620mW
09-22-2026 12:04:29 RAM 2012/7607MB (lfb 10x4MB) SWAP 0/3804MB (cached 0MB) CPU [58%@1497,54%@1497,99%@1497,43%@1497,60%@1497,67%@1497] GR3D_FREQ 0% cpu@49.218C soc2@47.937C soc0@48.125C gpu@49.25C tj@49.25C soc1@49C VDD_IN 7215mW/7046mW VDD_CPU_GPU_CV 2279mW/2149mW VDD_SOC 1630mW/1622mW
09-22-2026 12:04:30 RAM 2017/7607MB (lfb 10x4MB) SWAP 0/3804MB (cached 0MB) CPU [79%@1497,71%@1497,63%@1497,75%@1497,77%@1497,76%@1497] GR3D_FREQ 0% cpu@49.218C soc2@47.875C soc0@48.218C gpu@48.968C tj@49.218C soc1@49.062C VDD_IN 7501mW/7122mW VDD_CPU_GPU_CV 2519mW/2211mW VDD_SOC 1628mW/1623mW
09-22-2026 12:04:31 RAM 2021/7607MB (lfb 11x4MB) SWAP 0/3804MB (cached 0MB) CPU [86%@1267,86%@1267,86%@1267,87%@1267,87%@1190,84%@1190] GR3D_FREQ 0% cpu@49C soc2@48.031C soc0@48.312C gpu@49.343C tj@49.343C soc1@49.093C VDD_IN 7623mW/7194mW VDD_CPU_GPU_CV 2641mW/2272mW VDD_SOC 1628mW/1624mW
09-22-2026 12:04:32 RAM 2023/7607MB (lfb 11x4MB) SWAP 0/3804MB (cached 0MB) CPU [59%@806,52%@806,49%@806,48%@806,54%@729,52%@729] GR3D_FREQ 0% cpu@48.375C soc2@47.687C soc0@48.25C gpu@48.906C tj@49.031C soc1@49.031C VDD_IN 6083mW/7055mW VDD_CPU_GPU_CV 1345mW/2156mW VDD_SOC 1592mW/1620mW
09-22-2026 12:04:33 RAM 2030/7607MB (lfb 9x4MB) SWAP 0/3804MB (cached 0MB) CPU [54%@1497,54%@1497,47%@1497,49%@1497,56%@729,47%@729] GR3D_FREQ 0% cpu@48.312C soc2@47.75C soc0@48.281C gpu@49.062C tj@49.062C soc1@48.875C VDD_IN 6124mW/6951mW VDD_CPU_GPU_CV 1386mW/2071mW VDD_SOC 1592mW/1617mW
09-22-2026 12:04:34 RAM 2032/7607MB (lfb 9x4MB) SWAP 0/3804MB (cached 0MB) CPU [55%@1190,47%@1190,48%@1190,48%@1190,58%@1497,62%@1497] GR3D_FREQ 0% cpu@48.593C soc2@47.75C soc0@48.187C gpu@48.875C tj@48.937C soc1@48.937C VDD_IN 6492mW/6906mW VDD_CPU_GPU_CV 1671mW/2031mW VDD_SOC 1589mW/1614mW
09-22-2026 12:04:35 RAM 2029/7607MB (lfb 10x4MB) SWAP 0/3804MB (cached 0MB) CPU [61%@1036,55%@1036,60%@1036,46%@1036,57%@960,55%@960] GR3D_FREQ 0% cpu@48.343C soc2@47.625C soc0@48.156C gpu@48.875C tj@49C soc1@49C VDD_IN 6288mW/6849mW VDD_CPU_GPU_CV 1467mW/1979mW VDD_SOC 1592mW/1612mW
09-22-2026 12:04:36 RAM 2029/7607MB (lfb 10x4MB) SWAP 0/3804MB (cached 0MB) CPU [57%@1036,52%@1036,56%@1036,50%@1036,57%@1267,49%@1267] GR3D_FREQ 0% cpu@48.531C soc2@47.687C soc0@48.187C gpu@49.187C tj@49.187C soc1@48.906C VDD_IN 6451mW/6816mW VDD_CPU_GPU_CV 1630mW/1950mW VDD_SOC 1589mW/1610mW
09-22-2026 12:04:37 RAM 2035/7607MB (lfb 10x4MB) SWAP 0/3804MB (cached 0MB) CPU [60%@1036,51%@1036,56%@1036,57%@1036,57%@1497,58%@1497] GR3D_FREQ 0% cpu@48.593C soc2@47.656C soc0@48.281C gpu@49.187C tj@49.187C soc1@48.875C VDD_IN 6369mW/6782mW VDD_CPU_GPU_CV 1549mW/1919mW VDD_SOC 1592mW/1609mW
09-22-2026 12:04:38 RAM 2039/7607MB (lfb 9x4MB) SWAP 0/3804MB (cached 0MB) CPU [66%@1497,60%@1497,60%@1497,59%@1497,71%@960,58%@960] GR3D_FREQ 0% cpu@48.625C soc2@47.843C soc0@48.187C gpu@48.968C tj@48.968C soc1@48.937C VDD_IN 6971mW/6795mW VDD_CPU_GPU_CV 2035mW/1928mW VDD_SOC 1630mW/1610mW
09-22-2026 12:04:39 RAM 2041/7607MB (lfb 9x4MB) SWAP 0/3804MB (cached 0MB) CPU [57%@1267,50%@1267,50%@1267,51%@1267,63%@960,62%@960] GR3D_FREQ 0% cpu@48.375C soc2@47.625C soc0@48.156C gpu@48.968C tj@49C soc1@49C VDD_IN 6369mW/6767mW VDD_CPU_GPU_CV 1508mW/1900mW VDD_SOC 1592mW/1609mW
09-22-2026 12:04:40 RAM 2038/7607MB (lfb 9x4MB) SWAP 0/3804MB (cached 0MB) CPU [59%@960,56%@960,53%@960,53%@960,58%@883,60%@883] GR3D_FREQ 0% cpu@48.406C soc2@47.656C soc0@48.25C gpu@49.156C tj@49.156C soc1@48.75C VDD_IN 6328mW/6739mW VDD_CPU_GPU_CV 1508mW/1875mW VDD_SOC 1592mW/1608mW
09-22-2026 12:04:41 RAM 2038/7607MB (lfb 10x4MB) SWAP 0/3804MB (cached 0MB) CPU [58%@960,57%@960,54%@960,53%@960,59%@1190,59%@1190] GR3D_FREQ 0% cpu@48.312C soc2@47.656C soc0@48.093C gpu@49.156C tj@49.156C soc1@48.875C VDD_IN 6369mW/6718mW VDD_CPU_GPU_CV 1549mW/1856mW VDD_SOC 1592mW/1607mW
09-22-2026 12:04:42 RAM 2037/7607MB (lfb 10x4MB) SWAP 0/3804MB (cached 0MB) CPU [61%@1113,53%@1113,53%@1113,55%@1113,60%@729,55%@729] GR3D_FREQ 0% cpu@48.343C soc2@47.562C soc0@48.156C gpu@48.875C tj@49.093C soc1@49.093C VDD_IN 6247mW/6691mW VDD_CPU_GPU_CV 1426mW/1832mW VDD_SOC 1592mW/1606mW
09-22-2026 12:04:43 RAM 2038/7607MB (lfb 8x4MB) SWAP 0/3804MB (cached 0MB) CPU [63%@1113,57%@1113,52%@1113,58%@1113,61%@1113,54%@1113] GR3D_FREQ 0% cpu@48.468C soc2@47.593C soc0@48.156C gpu@49.062C tj@49.062C soc1@49.031C VDD_IN 6573mW/6685mW VDD_CPU_GPU_CV 1671mW/1824mW VDD_SOC 1630mW/1607mW
09-22-2026 12:04:44 RAM 2034/7607MB (lfb 9x4MB) SWAP 0/3804MB (cached 0MB) CPU [64%@960,63%@960,55%@960,57%@960,68%@1190,60%@1190] GR3D_FREQ 0% cpu@48.531C soc2@47.718C soc0@48.187C gpu@48.875C tj@48.937C soc1@48.937C VDD_IN 6451mW/6674mW VDD_CPU_GPU_CV 1589mW/1812mW VDD_SOC 1589mW/1606mW
09-22-2026 12:04:45 RAM 2036/7607MB (lfb 9x4MB) SWAP 0/3804MB (cached 0MB) CPU [62%@883,54%@883,54%@883,51%@883,60%@729,60%@729] GR3D_FREQ 0% cpu@48.312C soc2@47.687C soc0@48.125C gpu@48.875C tj@49.156C soc1@48.968C VDD_IN 6288mW/6655mW VDD_CPU_GPU_CV 1467mW/1795mW VDD_SOC 1592mW/1606mW
09-22-2026 12:04:46 RAM 2038/7607MB (lfb 9x4MB) SWAP 0/3804MB (cached 0MB) CPU [60%@806,54%@806,51%@806,48%@806,67%@960,64%@960] GR3D_FREQ 0% cpu@48.406C soc2@47.812C soc0@48.218C gpu@49.125C tj@49.125C soc1@49.125C VDD_IN 6328mW/6640mW VDD_CPU_GPU_CV 1508mW/1782mW VDD_SOC 1592mW/1605mW
09-22-2026 12:04:47 RAM 2035/7607MB (lfb 10x4MB) SWAP 0/3804MB (cached 0MB) CPU [61%@960,53%@960,54%@960,57%@960,59%@729,64%@729] GR3D_FREQ 0% cpu@48.468C soc2@47.781C soc0@48.312C gpu@48.875C tj@49C soc1@49C VDD_IN 6369mW/6629mW VDD_CPU_GPU_CV 1549mW/1772mW VDD_SOC 1592mW/1605mW
09-22-2026 12:04:48 RAM 2035/7607MB (lfb 9x4MB) SWAP 0/3804MB (cached 0MB) CPU [63%@1497,44%@1497,47%@1497,56%@1497,59%@1190,61%@1190] GR3D_FREQ 0% cpu@48.75C soc2@47.781C soc0@48.281C gpu@49.125C tj@49.125C soc1@49C VDD_IN 6410mW/6619mW VDD_CPU_GPU_CV 1630mW/1766mW VDD_SOC 1592mW/1604mW
09-22-2026 12:04:49 RAM 2032/7607MB (lfb 9x4MB) SWAP 0/3804MB (cached 0MB) CPU [63%@1497,58%@1497,60%@1497,65%@1497,68%@883,69%@883] GR3D_FREQ 0% cpu@48.875C soc2@47.906C soc0@48.218C gpu@49C tj@49C soc1@48.968C VDD_IN 7012mW/6635mW VDD_CPU_GPU_CV 2075mW/1779mW VDD_SOC 1630mW/1605mW
09-22-2026 12:04:50 RAM 2035/7607MB (lfb 9x4MB) SWAP 0/3804MB (cached 0MB) CPU [58%@1190,45%@1497,62%@1497,52%@1497,56%@1497,54%@1497] GR3D_FREQ 0% cpu@48.968C soc2@47.906C soc0@48.312C gpu@49.312C tj@49.312C soc1@49C VDD_IN 6849mW/6643mW VDD_CPU_GPU_CV 2035mW/1789mW VDD_SOC 1589mW/1604mW
09-22-2026 12:04:51 RAM 2034/7607MB (lfb 9x4MB) SWAP 0/3804MB (cached 0MB) CPU [55%@1497,55%@1497,49%@1497,50%@1497,55%@729,74%@729] GR3D_FREQ 0% cpu@49C soc2@47.968C soc0@48.406C gpu@49.375C tj@49.375C soc1@49.093C VDD_IN 6808mW/6649mW VDD_CPU_GPU_CV 1953mW/1795mW VDD_SOC 1589mW/1604mW
09-22-2026 12:04:52 RAM 2034/7607MB (lfb 9x4MB) SWAP 0/3804MB (cached 0MB) CPU [55%@1036,53%@1036,51%@1036,43%@1036,63%@1497,61%@1497] GR3D_FREQ 0% cpu@48.75C soc2@47.968C soc0@48.25C gpu@49.375C tj@49.156C soc1@49.062C VDD_IN 6737mW/6653mW VDD_CPU_GPU_CV 1872mW/1797mW VDD_SOC 1589mW/1603mW
09-22-2026 12:04:53 RAM 2035/7607MB (lfb 9x4MB) SWAP 0/3804MB (cached 0MB) CPU [54%@1420,53%@1420,50%@1420,48%@1420,66%@806,66%@806] GR3D_FREQ 0% cpu@48.625C soc2@47.937C soc0@48.375C gpu@49.093C tj@49.187C soc1@49.187C VDD_IN 6533mW/6648mW VDD_CPU_GPU_CV 1671mW/1793mW VDD_SOC 1589mW/1603mW
09-22-2026 12:04:54 RAM 2036/7607MB (lfb 8x4MB) SWAP 0/3804MB (cached 0MB) CPU [64%@1497,54%@1497,67%@1497,57%@1497,63%@1497,65%@1497] GR3D_FREQ 0% cpu@49.312C soc2@47.937C soc0@48.406C gpu@49.125C tj@49.312C soc1@49.312C VDD_IN 7052mW/6662mW VDD_CPU_GPU_CV 2075mW/1802mW VDD_SOC 1630mW/1604mW
09-22-2026 12:04:55 RAM 2039/7607MB (lfb 8x4MB) SWAP 0/3804MB (cached 0MB) CPU [61%@1267,55%@1267,55%@1267,58%@1267,57%@883,55%@883] GR3D_FREQ 0% cpu@48.5C soc2@48C soc0@48.5C gpu@49.375C tj@49.375C soc1@49.093C VDD_IN 6451mW/6655mW VDD_CPU_GPU_CV 1630mW/1797mW VDD_SOC 1589mW/1603mW
09-22-2026 12:04:56 RAM 2039/7607MB (lfb 9x4MB) SWAP 0/3804MB (cached 0MB) CPU [61%@1036,54%@1036,56%@1036,55%@1036,54%@1036,55%@1036] GR3D_FREQ 0% cpu@48.531C soc2@47.875C soc0@48.343C gpu@49.093C tj@49.218C soc1@49.218C VDD_IN 6288mW/6644mW VDD_CPU_GPU_CV 1467mW/1787mW VDD_SOC 1592mW/1603mW
09-22-2026 12:04:57 RAM 2040/7607MB (lfb 9x4MB) SWAP 0/3804MB (cached 0MB) CPU [59%@1113,57%@1113,55%@1113,57%@1113,56%@960,61%@960] GR3D_FREQ 0% cpu@48.75C soc2@47.875C soc0@48.406C gpu@49.343C tj@49.343C soc1@49.187C VDD_IN 6369mW/6635mW VDD_CPU_GPU_CV 1549mW/1779mW VDD_SOC 1592mW/1603mW
09-22-2026 12:04:58 RAM 2041/7607MB (lfb 9x4MB) SWAP 0/3804MB (cached 0MB) CPU [59%@1267,53%@1267,49%@1267,50%@1267,61%@1267,63%@1267] GR3D_FREQ 0% cpu@48.625C soc2@47.812C soc0@48.375C gpu@49.125C tj@49.156C soc1@49.156C VDD_IN 6288mW/6625mW VDD_CPU_GPU_CV 1467mW/1770mW VDD_SOC 1592mW/1602mW
09-22-2026 12:04:59 RAM 2041/7607MB (lfb 9x4MB) SWAP 0/3804MB (cached 0MB) CPU [60%@1497,52%@1497,54%@1497,54%@1497,58%@960,64%@960] GR3D_FREQ 0% cpu@48.968C soc2@47.875C soc0@48.375C gpu@49.375C tj@49.375C soc1@49.062C VDD_IN 6451mW/6620mW VDD_CPU_GPU_CV 1630mW/1766mW VDD_SOC 1592mW/1602mW
09-22-2026 12:05:00 RAM 2043/7607MB (lfb 8x4MB) SWAP 0/3804MB (cached 0MB) CPU [63%@1190,59%@1190,59%@1190,60%@1190,62%@1113,65%@1113] GR3D_FREQ 0% cpu@48.531C soc2@48C soc0@48.468C gpu@49.375C tj@49.375C soc1@49.093C VDD_IN 6573mW/6619mW VDD_CPU_GPU_CV 1712mW/1765mW VDD_SOC 1589mW/1602mW
09-22-2026 12:05:01 RAM 2042/7607MB (lfb 8x4MB) SWAP 0/3804MB (cached 0MB) CPU [59%@1190,56%@1497,53%@1497,57%@1497,64%@806,54%@806] GR3D_FREQ 0% cpu@48.593C soc2@47.906C soc0@48.343C gpu@49.343C tj@49.343C soc1@49.312C VDD_IN 6288mW/6610mW VDD_CPU_GPU_CV 1508mW/1758mW VDD_SOC 1592mW/1601mW
09-22-2026 12:05:02 RAM 2041/7607MB (lfb 8x4MB) SWAP 0/3804MB (cached 0MB) CPU [61%@1036,54%@1036,53%@1036,50%@1036,61%@729,60%@729] GR3D_FREQ 0% cpu@48.625C soc2@47.843C soc0@48.437C gpu@49.375C tj@49.375C soc1@49.062C VDD_IN 6206mW/6599mW VDD_CPU_GPU_CV 1386mW/1748mW VDD_SOC 1592mW/1601mW
09-22-2026 12:05:03 RAM 2041/7607MB (lfb 9x4MB) SWAP 0/3804MB (cached 0MB) CPU [61%@729,52%@1497,54%@1497,48%@1497,61%@1036,60%@1036] GR3D_FREQ 0% cpu@48.562C soc2@47.843C soc0@48.218C gpu@48.937C tj@49.093C soc1@49.093C VDD_IN 6206mW/6589mW VDD_CPU_GPU_CV 1426mW/1740mW VDD_SOC 1592mW/1601mW
09-22-2026 12:05:04 RAM 2041/7607MB (lfb 9x4MB) SWAP 0/3804MB (cached 0MB) CPU [59%@806,55%@806,54%@806,55%@806,58%@1344,56%@1344] GR3D_FREQ 0% cpu@48.25C soc2@47.843C soc0@48.343C gpu@49.062C tj@49.218C soc1@49.218C VDD_IN 6247mW/6581mW VDD_CPU_GPU_CV 1467mW/1733mW VDD_SOC 1592mW/1601mW
09-22-2026 12:05:05 RAM 2043/7607MB (lfb 7x4MB) SWAP 0/3804MB (cached 0MB) CPU [75%@1497,75%@1497,68%@1497,68%@1497,68%@1497,78%@1497] GR3D_FREQ 0% cpu@49.125C soc2@48C soc0@48.375C gpu@49.531C tj@49.531C soc1@49.062C VDD_IN 7501mW/6603mW VDD_CPU_GPU_CV 2357mW/1748mW VDD_SOC 1668mW/1602mW
09-22-2026 12:05:06 RAM 2002/7607MB (lfb 7x4MB) SWAP 0/3804MB (cached 0MB) CPU [49%@729,39%@729,42%@729,41%@729,40%@729,56%@729] GR3D_FREQ 0% cpu@48.437C soc2@47.906C soc0@48.468C gpu@49.468C tj@49.468C soc1@49.093C VDD_IN 6043mW/6590mW VDD_CPU_GPU_CV 1304mW/1738mW VDD_SOC 1592mW/1602mW
09-22-2026 12:05:07 RAM 2000/7607MB (lfb 8x4MB) SWAP 0/3804MB (cached 0MB) CPU [53%@729,39%@729,37%@729,47%@729,40%@729,44%@729] GR3D_FREQ 0% cpu@48.187C soc2@47.843C soc0@48.312C gpu@49.062C tj@49.156C soc1@49.156C VDD_IN 5798mW/6571mW VDD_CPU_GPU_CV 1141mW/1724mW VDD_SOC 1551mW/1601mW
