09-22-2026 16:26:08 RAM 2337/7607MB (lfb 6x4MB) SWAP 0/3804MB (cached 0MB) CPU [73%@1497,66%@1497,68%@1497,85%@1497,78%@1497,77%@1497] GR3D_FREQ 8% cpu@50.187C soc2@48.625C soc0@48.968C gpu@49.906C tj@50.437C soc1@50C VDD_IN 7664mW/7664mW VDD_CPU_GPU_CV 2641mW/2641mW VDD_SOC 1668mW/1668mW
09-22-2026 16:26:09 RAM 2347/7607MB (lfb 5x4MB) SWAP 0/3804MB (cached 0MB) CPU [89%@1497,94%@1497,99%@1497,95%@1497,94%@1497,91%@1497] GR3D_FREQ 4% cpu@50.312C soc2@48.718C soc0@49C gpu@50.281C tj@50.312C soc1@49.906C VDD_IN 7949mW/7807mW VDD_CPU_GPU_CV 2844mW/2743mW VDD_SOC 1668mW/1668mW
09-22-2026 16:26:10 RAM 2352/7607MB (lfb 6x4MB) SWAP 0/3804MB (cached 0MB) CPU [56%@1497,53%@1497,65%@1497,54%@1497,60%@1497,60%@1497] GR3D_FREQ 5% cpu@50C soc2@48.687C soc0@49.093C gpu@50.062C tj@50.062C soc1@49.781C VDD_IN 6696mW/7436mW VDD_CPU_GPU_CV 1793mW/2426mW VDD_SOC 1630mW/1655mW
09-22-2026 16:26:11 RAM 2352/7607MB (lfb 5x4MB) SWAP 0/3804MB (cached 0MB) CPU [54%@1344,46%@1344,50%@1344,41%@1344,56%@883,55%@883] GR3D_FREQ 0% cpu@49.5C soc2@48.5C soc0@49.156C gpu@49.75C tj@49.781C soc1@49.781C VDD_IN 6124mW/7108mW VDD_CPU_GPU_CV 1386mW/2166mW VDD_SOC 1592mW/1640mW
09-22-2026 16:26:12 RAM 2376/7607MB (lfb 5x4MB) SWAP 0/3804MB (cached 0MB) CPU [59%@1497,42%@1497,43%@1497,86%@1497,61%@1497,61%@1497] GR3D_FREQ 5% cpu@49.968C soc2@48.562C soc0@49C gpu@50.125C tj@50.125C soc1@49.906C VDD_IN 6900mW/7067mW VDD_CPU_GPU_CV 1994mW/2132mW VDD_SOC 1630mW/1638mW
09-22-2026 16:26:13 RAM 2389/7607MB (lfb 7x4MB) SWAP 0/3804MB (cached 0MB) CPU [97%@1497,94%@1497,98%@1497,99%@1497,98%@1497,95%@1497] GR3D_FREQ 0% cpu@50.343C soc2@48.781C soc0@49.125C gpu@50.031C tj@50.562C soc1@49.906C VDD_IN 7908mW/7207mW VDD_CPU_GPU_CV 2844mW/2250mW VDD_SOC 1668mW/1643mW
09-22-2026 16:26:14 RAM 2393/7607MB (lfb 7x4MB) SWAP 0/3804MB (cached 0MB) CPU [66%@1497,71%@1497,67%@1497,68%@1497,83%@1497,68%@1497] GR3D_FREQ 0% cpu@49.843C soc2@48.687C soc0@49.125C gpu@50.187C tj@50.187C soc1@50.031C VDD_IN 6818mW/7151mW VDD_CPU_GPU_CV 1953mW/2208mW VDD_SOC 1589mW/1635mW
09-22-2026 16:26:15 RAM 2405/7607MB (lfb 6x4MB) SWAP 0/3804MB (cached 0MB) CPU [62%@1497,75%@1497,74%@1497,73%@1497,63%@1497,68%@1497] GR3D_FREQ 4% cpu@49.812C soc2@48.75C soc0@49.125C gpu@49.906C tj@50.031C soc1@50.031C VDD_IN 6696mW/7094mW VDD_CPU_GPU_CV 1831mW/2161mW VDD_SOC 1630mW/1634mW
09-22-2026 16:26:16 RAM 2393/7607MB (lfb 7x4MB) SWAP 0/3804MB (cached 0MB) CPU [63%@1497,61%@1497,62%@1497,63%@1497,76%@1344,68%@1344] GR3D_FREQ 7% cpu@49.781C soc2@48.718C soc0@49.218C gpu@50C tj@50C soc1@49.937C VDD_IN 6655mW/7046mW VDD_CPU_GPU_CV 1793mW/2120mW VDD_SOC 1630mW/1634mW
09-22-2026 16:26:17 RAM 2404/7607MB (lfb 6x4MB) SWAP 0/3804MB (cached 0MB) CPU [63%@1113,59%@1113,53%@1113,58%@1113,57%@883,59%@883] GR3D_FREQ 0% cpu@49.218C soc2@48.687C soc0@49.125C gpu@49.906C tj@49.968C soc1@49.968C VDD_IN 6451mW/6986mW VDD_CPU_GPU_CV 1589mW/2067mW VDD_SOC 1592mW/1630mW
09-22-2026 16:26:18 RAM 2407/7607MB (lfb 7x4MB) SWAP 0/3804MB (cached 0MB) CPU [61%@1036,54%@1036,52%@1036,56%@1036,59%@883,62%@883] GR3D_FREQ 0% cpu@49.312C soc2@48.562C soc0@49.156C gpu@49.75C tj@50.125C soc1@50.125C VDD_IN 6451mW/6937mW VDD_CPU_GPU_CV 1589mW/2023mW VDD_SOC 1592mW/1626mW
09-22-2026 16:26:19 RAM 2407/7607MB (lfb 7x4MB) SWAP 0/3804MB (cached 0MB) CPU [58%@960,53%@960,52%@960,58%@960,64%@806,67%@806] GR3D_FREQ 0% cpu@49.343C soc2@48.718C soc0@49.062C gpu@50.187C tj@50.187C soc1@49.937C VDD_IN 6410mW/6894mW VDD_CPU_GPU_CV 1549mW/1984mW VDD_SOC 1592mW/1623mW
09-22-2026 16:26:20 RAM 2415/7607MB (lfb 5x4MB) SWAP 0/3804MB (cached 0MB) CPU [61%@1113,53%@1113,50%@1113,54%@1113,62%@1497,58%@1497] GR3D_FREQ 0% cpu@49.343C soc2@48.625C soc0@49.187C gpu@49.75C tj@50C soc1@50C VDD_IN 6410mW/6856mW VDD_CPU_GPU_CV 1549mW/1950mW VDD_SOC 1592mW/1621mW
09-22-2026 16:26:21 RAM 2414/7607MB (lfb 6x4MB) SWAP 0/3804MB (cached 0MB) CPU [62%@1497,55%@1497,56%@1497,58%@1497,66%@1267,64%@1267] GR3D_FREQ 0% cpu@50.156C soc2@48.75C soc0@49.312C gpu@49.968C tj@50.156C soc1@50C VDD_IN 7012mW/6867mW VDD_CPU_GPU_CV 2035mW/1956mW VDD_SOC 1630mW/1622mW
09-22-2026 16:26:22 RAM 2413/7607MB (lfb 7x4MB) SWAP 0/3804MB (cached 0MB) CPU [61%@960,52%@960,52%@960,52%@960,62%@883,60%@883] GR3D_FREQ 0% cpu@49.468C soc2@48.781C soc0@49.156C gpu@49.875C tj@49.968C soc1@49.968C VDD_IN 6533mW/6845mW VDD_CPU_GPU_CV 1630mW/1935mW VDD_SOC 1633mW/1622mW
09-22-2026 16:26:23 RAM 2413/7607MB (lfb 7x4MB) SWAP 0/3804MB (cached 0MB) CPU [61%@1113,54%@1113,52%@1113,60%@1113,61%@960,56%@960] GR3D_FREQ 0% cpu@49.406C soc2@48.687C soc0@49.25C gpu@49.906C tj@50.125C soc1@50.156C VDD_IN 6369mW/6815mW VDD_CPU_GPU_CV 1549mW/1911mW VDD_SOC 1633mW/1623mW
09-22-2026 16:26:24 RAM 2411/7607MB (lfb 7x4MB) SWAP 0/3804MB (cached 0MB) CPU [62%@1267,53%@1267,55%@1267,55%@1267,60%@806,62%@806] GR3D_FREQ 4% cpu@49.562C soc2@48.718C soc0@49.281C gpu@50.093C tj@50.093C soc1@49.937C VDD_IN 6451mW/6794mW VDD_CPU_GPU_CV 1589mW/1892mW VDD_SOC 1592mW/1621mW
09-22-2026 16:26:25 RAM 2412/7607MB (lfb 7x4MB) SWAP 0/3804MB (cached 0MB) CPU [60%@1036,54%@1036,55%@1036,52%@1036,58%@883,63%@883] GR3D_FREQ 4% cpu@49.75C soc2@48.656C soc0@49.218C gpu@49.812C tj@50.062C soc1@50.062C VDD_IN 6410mW/6773mW VDD_CPU_GPU_CV 1549mW/1873mW VDD_SOC 1592mW/1620mW
09-22-2026 16:26:26 RAM 2409/7607MB (lfb 7x4MB) SWAP 0/3804MB (cached 0MB) CPU [60%@1344,54%@1344,51%@1344,55%@1344,61%@1113,63%@1113] GR3D_FREQ 1% cpu@49.625C soc2@48.75C soc0@49.312C gpu@50.093C tj@49.937C soc1@49.937C VDD_IN 6614mW/6764mW VDD_CPU_GPU_CV 1712mW/1864mW VDD_SOC 1633mW/1620mW
09-22-2026 16:26:27 RAM 2411/7607MB (lfb 7x4MB) SWAP 0/3804MB (cached 0MB) CPU [70%@960,56%@960,53%@960,61%@960,69%@1036,67%@1036] GR3D_FREQ 0% cpu@49.593C soc2@48.781C soc0@49.187C gpu@49.968C tj@50.125C soc1@50.125C VDD_IN 6696mW/6761mW VDD_CPU_GPU_CV 1793mW/1861mW VDD_SOC 1630mW/1621mW
09-22-2026 16:26:28 RAM 2413/7607MB (lfb 7x4MB) SWAP 0/3804MB (cached 0MB) CPU [58%@1267,51%@1267,47%@1267,53%@1267,62%@960,68%@960] GR3D_FREQ 0% cpu@49.625C soc2@48.781C soc0@49.25C gpu@50.093C tj@50.156C soc1@50.156C VDD_IN 6696mW/6758mW VDD_CPU_GPU_CV 1793mW/1857mW VDD_SOC 1630mW/1621mW
09-22-2026 16:26:29 RAM 2413/7607MB (lfb 7x4MB) SWAP 0/3804MB (cached 0MB) CPU [60%@1113,53%@1113,55%@1113,54%@1113,58%@883,65%@883] GR3D_FREQ 0% cpu@49.75C soc2@48.843C soc0@49.312C gpu@50.062C tj@50.062C soc1@50.031C VDD_IN 6492mW/6746mW VDD_CPU_GPU_CV 1630mW/1847mW VDD_SOC 1592mW/1620mW
09-22-2026 16:26:30 RAM 2414/7607MB (lfb 7x4MB) SWAP 0/3804MB (cached 0MB) CPU [61%@1420,58%@1420,50%@1420,57%@1420,62%@1113,60%@1113] GR3D_FREQ 4% cpu@49.968C soc2@48.843C soc0@49.218C gpu@49.968C tj@50.156C soc1@50.156C VDD_IN 6696mW/6744mW VDD_CPU_GPU_CV 1793mW/1845mW VDD_SOC 1630mW/1620mW
09-22-2026 16:26:31 RAM 2414/7607MB (lfb 6x4MB) SWAP 0/3804MB (cached 0MB) CPU [60%@806,49%@806,54%@806,47%@806,58%@1344,65%@1344] GR3D_FREQ 5% cpu@49.843C soc2@48.781C soc0@49.406C gpu@49.906C tj@50.156C soc1@50.156C VDD_IN 6573mW/6736mW VDD_CPU_GPU_CV 1671mW/1837mW VDD_SOC 1592mW/1619mW
09-22-2026 16:26:32 RAM 2415/7607MB (lfb 6x4MB) SWAP 0/3804MB (cached 0MB) CPU [70%@1497,58%@1497,59%@1497,63%@1497,73%@1497,76%@1497] GR3D_FREQ 5% cpu@50.562C soc2@49.031C soc0@49.437C gpu@50.125C tj@50.562C soc1@50.187C VDD_IN 7338mW/6760mW VDD_CPU_GPU_CV 2320mW/1857mW VDD_SOC 1671mW/1621mW
09-22-2026 16:26:33 RAM 2414/7607MB (lfb 6x4MB) SWAP 0/3804MB (cached 0MB) CPU [63%@1344,50%@1344,53%@1344,51%@1344,63%@1190,60%@1190] GR3D_FREQ 4% cpu@49.593C soc2@48.875C soc0@49.312C gpu@50.062C tj@50.25C soc1@50.218C VDD_IN 6696mW/6758mW VDD_CPU_GPU_CV 1793mW/1854mW VDD_SOC 1630mW/1622mW
09-22-2026 16:26:34 RAM 2415/7607MB (lfb 7x4MB) SWAP 0/3804MB (cached 0MB) CPU [58%@1344,50%@1344,55%@1344,50%@1344,59%@729,62%@729] GR3D_FREQ 4% cpu@49.906C soc2@48.906C soc0@49.437C gpu@50.218C tj@50.281C soc1@50.281C VDD_IN 6614mW/6753mW VDD_CPU_GPU_CV 1712mW/1849mW VDD_SOC 1630mW/1622mW
09-22-2026 16:26:35 RAM 2411/7607MB (lfb 7x4MB) SWAP 0/3804MB (cached 0MB) CPU [61%@1113,55%@1113,54%@1113,45%@1113,64%@729,60%@729] GR3D_FREQ 5% cpu@50.062C soc2@48.968C soc0@49.531C gpu@50.031C tj@50.187C soc1@50.187C VDD_IN 6492mW/6743mW VDD_CPU_GPU_CV 1630mW/1841mW VDD_SOC 1633mW/1622mW
09-22-2026 16:26:36 RAM 2415/7607MB (lfb 7x4MB) SWAP 0/3804MB (cached 0MB) CPU [55%@1420,53%@1420,52%@1420,56%@1420,61%@1113,62%@1113] GR3D_FREQ 1% cpu@49.656C soc2@49C soc0@49.406C gpu@50.031C tj@50.187C soc1@50.187C VDD_IN 6614mW/6739mW VDD_CPU_GPU_CV 1753mW/1838mW VDD_SOC 1633mW/1623mW
09-22-2026 16:26:37 RAM 2415/7607MB (lfb 6x4MB) SWAP 0/3804MB (cached 0MB) CPU [59%@1497,58%@1497,53%@1497,52%@1497,63%@1497,65%@1497] GR3D_FREQ 8% cpu@50.156C soc2@49C soc0@49.437C gpu@50.25C tj@50.343C soc1@50.343C VDD_IN 6859mW/6743mW VDD_CPU_GPU_CV 1913mW/1841mW VDD_SOC 1630mW/1623mW
09-22-2026 16:26:38 RAM 2414/7607MB (lfb 7x4MB) SWAP 0/3804MB (cached 0MB) CPU [65%@960,56%@960,57%@960,57%@960,64%@1036,56%@1036] GR3D_FREQ 0% cpu@49.593C soc2@49.031C soc0@49.468C gpu@50.187C tj@50.187C soc1@50.187C VDD_IN 6533mW/6736mW VDD_CPU_GPU_CV 1630mW/1834mW VDD_SOC 1633mW/1623mW
09-22-2026 16:26:39 RAM 2415/7607MB (lfb 8x4MB) SWAP 0/3804MB (cached 0MB) CPU [61%@1497,54%@1497,55%@1497,52%@1497,56%@729,60%@729] GR3D_FREQ 6% cpu@49.968C soc2@49C soc0@49.531C gpu@50.25C tj@50.406C soc1@50.406C VDD_IN 6573mW/6731mW VDD_CPU_GPU_CV 1712mW/1830mW VDD_SOC 1630mW/1623mW
09-22-2026 16:26:40 RAM 2418/7607MB (lfb 8x4MB) SWAP 0/3804MB (cached 0MB) CPU [55%@1420,48%@1420,50%@1420,53%@1420,67%@960,59%@960] GR3D_FREQ 0% cpu@50.031C soc2@49.031C soc0@49.531C gpu@50.312C tj@50.312C soc1@50.25C VDD_IN 6492mW/6724mW VDD_CPU_GPU_CV 1630mW/1824mW VDD_SOC 1633mW/1624mW
09-22-2026 16:26:41 RAM 2419/7607MB (lfb 7x4MB) SWAP 0/3804MB (cached 0MB) CPU [57%@806,53%@806,52%@806,51%@806,64%@960,62%@960] GR3D_FREQ 4% cpu@49.687C soc2@49C soc0@49.5C gpu@50.312C tj@50.375C soc1@50.375C VDD_IN 6573mW/6719mW VDD_CPU_GPU_CV 1671mW/1820mW VDD_SOC 1633mW/1624mW
09-22-2026 16:26:42 RAM 2417/7607MB (lfb 8x4MB) SWAP 0/3804MB (cached 0MB) CPU [60%@1190,52%@1190,52%@1190,53%@1190,61%@960,57%@960] GR3D_FREQ 9% cpu@50.031C soc2@49.031C soc0@49.593C gpu@50.312C tj@50.312C soc1@50.281C VDD_IN 6410mW/6711mW VDD_CPU_GPU_CV 1549mW/1812mW VDD_SOC 1592mW/1623mW
09-22-2026 16:26:43 RAM 2413/7607MB (lfb 9x4MB) SWAP 0/3804MB (cached 0MB) CPU [69%@1036,68%@1036,60%@1036,62%@1036,69%@1497,65%@1497] GR3D_FREQ 2% cpu@49.937C soc2@49.125C soc0@49.562C gpu@50.25C tj@50.468C soc1@50.468C VDD_IN 7012mW/6719mW VDD_CPU_GPU_CV 2035mW/1818mW VDD_SOC 1630mW/1623mW
09-22-2026 16:26:44 RAM 2415/7607MB (lfb 9x4MB) SWAP 0/3804MB (cached 0MB) CPU [58%@1267,52%@1267,52%@1267,55%@1267,68%@1497,63%@1497] GR3D_FREQ 0% cpu@49.968C soc2@49.125C soc0@49.593C gpu@50.156C tj@50.312C soc1@50.312C VDD_IN 6573mW/6715mW VDD_CPU_GPU_CV 1671mW/1814mW VDD_SOC 1633mW/1624mW
09-22-2026 16:26:45 RAM 2408/7607MB (lfb 8x4MB) SWAP 0/3804MB (cached 0MB) CPU [65%@1420,60%@1420,49%@1420,55%@1420,59%@729,58%@729] GR3D_FREQ 0% cpu@50.062C soc2@49.093C soc0@49.625C gpu@50.343C tj@50.343C soc1@50.343C VDD_IN 6614mW/6712mW VDD_CPU_GPU_CV 1712mW/1811mW VDD_SOC 1633mW/1624mW
09-22-2026 16:26:46 RAM 2412/7607MB (lfb 8x4MB) SWAP 0/3804MB (cached 0MB) CPU [60%@960,54%@960,54%@960,49%@960,60%@960,60%@960] GR3D_FREQ 0% cpu@49.906C soc2@49.062C soc0@49.5C gpu@50.375C tj@50.375C soc1@50.375C VDD_IN 6451mW/6706mW VDD_CPU_GPU_CV 1589mW/1806mW VDD_SOC 1633mW/1624mW
09-22-2026 16:26:47 RAM 2434/7607MB (lfb 4x4MB) SWAP 0/3804MB (cached 0MB) CPU [60%@1497,53%@1497,58%@1497,53%@1497,58%@1497,60%@1497] GR3D_FREQ 0% cpu@50.062C soc2@49C soc0@49.625C gpu@50.25C tj@50.468C soc1@50.468C VDD_IN 6614mW/6703mW VDD_CPU_GPU_CV 1712mW/1803mW VDD_SOC 1630mW/1624mW
09-22-2026 16:26:49 RAM 2421/7607MB (lfb 5x4MB) SWAP 0/3804MB (cached 0MB) CPU [67%@1497,72%@1497,62%@1497,60%@1497,67%@1497,63%@1497] GR3D_FREQ 0% cpu@50.468C soc2@49.218C soc0@49.562C gpu@50.343C tj@50.562C soc1@50.468C VDD_IN 7297mW/6718mW VDD_CPU_GPU_CV 2238mW/1814mW VDD_SOC 1671mW/1625mW
09-22-2026 16:26:50 RAM 2374/7607MB (lfb 5x4MB) SWAP 0/3804MB (cached 0MB) CPU [55%@729,54%@729,43%@729,48%@729,59%@729,51%@729] GR3D_FREQ 6% cpu@49.812C soc2@49.093C soc0@49.625C gpu@50.375C tj@50.406C soc1@50.406C VDD_IN 6165mW/6705mW VDD_CPU_GPU_CV 1386mW/1804mW VDD_SOC 1592mW/1625mW
09-22-2026 16:26:51 RAM 2364/7607MB (lfb 9x4MB) SWAP 0/3804MB (cached 0MB) CPU [51%@729,37%@729,46%@729,44%@729,52%@729,44%@729] GR3D_FREQ 1% cpu@49.625C soc2@49.031C soc0@49.531C gpu@50.312C tj@50.437C soc1@50.437C VDD_IN 5920mW/6686mW VDD_CPU_GPU_CV 1223mW/1790mW VDD_SOC 1592mW/1624mW
