started
########## F0 게이트 10:57:16 ##########
  A·B 통과 (average rate: 25.001)
  J 통과 (깊이 15.1 Hz)
  C 통과
  출발 자세: 라이다 점 ↔ 차체 외곽 최소 0.385 m @ 차체 (-0.58, +0.36)
  0.362
  G2 통과 (0.362 m)
  P 통과 (정지 부하 52 %)
########## F0 주행 10:58:16 — 목표 2.25,-1.6,p;-1.6,-2.0,p;-1.65,-3.7,p;-1.6,-5.5,p;1.6,-5.55,p;-1.6,-5.5,p;-1.65,-3.7,p;-1.6,-2.1,p;5.5,-2.2,p;0,0,p ##########
출발 map (0.005, -0.003, 0.9°) | 목표 10 개(지도 절대 기준, a = 직선 자동, p = 경로 끝 자동): [(2.25, -1.6, 'p'), (-1.6, -2.0, 'p'), (-1.65, -3.7, 'p'), (-1.6, -5.5, 'p'), (1.6, -5.55, 'p'), (-1.6, -5.5, 'p'), (-1.65, -3.7, 'p'), (-1.6, -2.1, 'p'), (5.5, -2.2, 'p'), (0.0, 0.0, 'p')] → map yaw(초기) ['-35°', '-174°', '-92°', '-88°', '-1°', '179°', '92°', '88°', '-1°', '158°']
  경로 자동 yaw: 경로 155 점, 끝 0.313 m 구간 방향 -81.0° (직선 방향 -35.4°, 차 -45.5°)
목표 1 출발: map (2.25, -1.60, -81°), 거리 2.76 m, 한도 109 s
  목표 1 SUCCEEDED 52.5 s | 도착 map (2.294, -1.459, -99.9°) 목표 대비 0.148 m, -18.9°
  경로 자동 yaw: 경로 161 점, 끝 0.312 m 구간 방향 -172.9° (직선 방향 -174.1°, 차 1.2°)
목표 2 출발: map (-1.60, -2.00, -173°), 거리 3.87 m, 한도 141 s
  목표 2 SUCCEEDED 59.8 s | 도착 map (-1.462, -2.045, -178.8°) 목표 대비 0.145 m, -5.9°
  경로 자동 yaw: 경로 63 점, 끝 0.306 m 구간 방향 -51.6° (직선 방향 -91.7°, 차 40.1°)
목표 3 출발: map (-1.65, -3.70, -52°), 거리 1.70 m, 한도 79 s
  목표 3 SUCCEEDED 26.8 s | 도착 map (-1.706, -3.560, -62.2°) 목표 대비 0.150 m, -10.6°
  경로 자동 yaw: 경로 77 점, 끝 0.307 m 구간 방향 -109.4° (직선 방향 -88.4°, 차 -21.0°)
목표 4 출발: map (-1.60, -5.50, -109°), 거리 1.80 m, 한도 81 s
  목표 4 CANCELED 71.2 s | 도착 map (-1.475, -5.392, -0.3°) 목표 대비 0.165 m, 109.0°

결과: 1 SUCCEEDED 52.5s / 2 SUCCEEDED 59.8s / 3 SUCCEEDED 26.8s / 4 CANCELED 71.2s | 총 227.0 s
  출발 대비 최종 map: Δ(-1.480, -5.389) m = 5.589 m, Δyaw -1.3° | 마지막 목표 대비 5.590 m
  map→odom 누적 보정(SLAM 이 본 오도메트리 드리프트): Δ(0.032, 0.094) m, Δyaw -3.66°
  누적 회전: 휠 6.5° vs EKF 2.4° (차 4.1° = 미끄러짐·스크럽 흔적) | stuck 진단 1 회
  물리 복귀 오차는 줄자로: 출발 테이프 기준 앞·뒤·좌우 편차(마지막 목표 yaw 180° 면 **뒤끝**이 테이프 선에 와야 함)
=== 끝 11:02:28 bag 29369022 B ===
회수 f0_f2c1.log
회수 f2c1.csv
회수 tegra_f2c1.log
회수 top_f2c1.log
회수 rss_f2c1.txt
회수 proc_f2c1.log
회수 bag_f2c1.tgz
