started
########## F0 게이트 13:10:36 ##########
  A·B 통과 (average rate: 24.999)
  J 통과 (깊이 15.1 Hz)
  C 통과
  출발 자세: 라이다 점 ↔ 차체 외곽 최소 0.083 m @ 차체 (-0.33, +0.12)
  0.066
  G2 무시(사용자 지시) — 여유 0.066 m
  P 통과 (정지 부하 50 %)
########## F0 주행 13:11:37 — 목표 1.6,-5.55,p;-1.6,-5.5,f;-1.65,-3.7,p;-1.6,-2.1,p;5.5,-2.2,p;0,0,p ##########
출발 map (-1.483, -5.341, 0.3°) | 목표 6 개(지도 절대 기준, a = 직선 자동, p = 경로 끝 자동): [(1.6, -5.55, 'p'), (-1.6, -5.5, 'f'), (-1.65, -3.7, 'p'), (-1.6, -2.1, 'p'), (5.5, -2.2, 'p'), (0.0, 0.0, 'p')] → map yaw(초기) ['-4°', '179°', '92°', '88°', '-1°', '158°']
  경로 자동 yaw: 경로 128 점, 끝 0.308 m 구간 방향 0.8° (직선 방향 -3.9°, 차 4.7°)
목표 1 출발: map (1.60, -5.55, 1°), 거리 3.09 m, 한도 118 s
  목표 1 SUCCEEDED 47.0 s | 도착 map (1.459, -5.583, 2.8°) 목표 대비 0.145 m, 2.0°
  경로 자동 yaw: 경로 117 점, 끝 0.349 m 구간 방향 152.7° (직선 방향 179.1°, 차 -26.4°)
목표 2 출발: map (-1.60, -5.50, 153°), 거리 3.20 m, 한도 121 s
  목표 2 위치 도달(0.148 m ≤ 0.15) — 방향 맞춤 없이 끝냄
  목표 2 SUCCEEDED_XY 59.6 s | 도착 map (-1.457, -5.541, 133.4°) 목표 대비 0.148 m, -19.3°
  경로 자동 yaw: 경로 71 점, 끝 0.313 m 구간 방향 82.1° (직선 방향 91.6°, 차 -9.5°)
목표 3 출발: map (-1.65, -3.70, 82°), 거리 1.80 m, 한도 81 s
  목표 3 SUCCEEDED 31.0 s | 도착 map (-1.674, -3.844, 19.2°) 목표 대비 0.146 m, -62.9°
  경로 자동 yaw: 경로 73 점, 끝 0.320 m 구간 방향 77.0° (직선 방향 88.2°, 차 -11.2°)
목표 4 출발: map (-1.60, -2.10, 77°), 거리 1.60 m, 한도 76 s
  목표 4 SUCCEEDED 43.4 s | 도착 map (-1.631, -2.243, 75.2°) 목표 대비 0.146 m, -1.9°
  경로 자동 yaw: 경로 291 점, 끝 0.307 m 구간 방향 19.4° (직선 방향 -0.8°, 차 20.2°)
목표 5 출발: map (5.50, -2.20, 19°), 거리 7.10 m, 한도 233 s
  목표 5 SUCCEEDED 96.3 s | 도착 map (5.404, -2.182, 0.3°) 목표 대비 0.097 m, -19.1°
  경로 자동 yaw: 경로 266 점, 끝 0.324 m 구간 방향 -162.8° (직선 방향 158.2°, 차 39.0°)
목표 6 출발: map (0.00, 0.00, -163°), 거리 5.92 m, 한도 199 s
  목표 6 CANCELED 123.2 s | 도착 map (1.587, -0.110, 167.2°) 목표 대비 1.591 m, -30.0°

결과: 1 SUCCEEDED 47.0s / 2 SUCCEEDED_XY 59.6s / 3 SUCCEEDED 31.0s / 4 SUCCEEDED 43.4s / 5 SUCCEEDED 96.3s / 6 CANCELED 123.2s | 총 426.8 s
  출발 대비 최종 map: Δ(3.070, 5.231) m = 6.065 m, Δyaw 166.9° | 마지막 목표 대비 1.591 m
  map→odom 누적 보정(SLAM 이 본 오도메트리 드리프트): Δ(0.380, 0.230) m, Δyaw -8.82°
  누적 회전: 휠 -547.6° vs EKF -544.3° (차 -3.3° = 미끄러짐·스크럽 흔적) | stuck 진단 3 회
  물리 복귀 오차는 줄자로: 출발 테이프 기준 앞·뒤·좌우 편차(마지막 목표 yaw 180° 면 **뒤끝**이 테이프 선에 와야 함)
=== 끝 13:19:10 bag 56306125 B ===
회수 f0_f2d2.log
회수 f2d2.csv
회수 tegra_f2d2.log
회수 top_f2d2.log
회수 rss_f2d2.txt
회수 proc_f2d2.log
회수 bag_f2d2.tgz
